******************************************************************************
               TMS320C6x Linker Unix v8.2.2                    
******************************************************************************
>> Linked Mon Aug 17 23:45:40 2020

OUTPUT FILE NAME:   <bin/debug/server_dsp1.xe66>
ENTRY POINT SYMBOL: "ti_sysbios_family_c64p_Hwi0"  address: 95024c00


MEMORY CONFIGURATION

         name            origin    length      used     unused   attr    fill
----------------------  --------  ---------  --------  --------  ----  --------
  L2SRAM                00800000   00040000  00000000  00040000  RW X
  OCMC_RAM1             40300000   00080000  00000000  00080000  RW X
  OCMC_RAM2             40400000   00100000  00000000  00100000  RW X
  OCMC_RAM3             40500000   00100000  00000000  00100000  RW X
  EXT_CODE              95000000   00400000  00024b8c  003db474  RW X
  EXT_DATA              95400000   03000000  00071d40  02f8e2c0  RW  
  EXT_HEAP              98400000   00300000  00000000  00300000  RW  
  TRACE_BUF             9f000000   00060000  00008004  00057ffc  RW  
  EXC_DATA              9f060000   00010000  00000000  00010000  RW  
  PM_DATA               9f070000   00020000  00000000  00020000  RW X
  CMEM                  a0000000   0c000000  00000000  0c000000  RW  


SEGMENT ALLOCATION MAP

run origin  load origin   length   init length attrs members
----------  ----------- ---------- ----------- ----- -------
95000000    95000000    0000044c   0000044c    rw-
  95000000    95000000    0000044c   0000044c    rw- .resource_table
95000460    95000460    00024540   00024540    r-x
  95000460    95000460    00024540   00024540    r-x .text
95024c00    95024c00    00000200   00000200    r-x
  95024c00    95024c00    00000200   00000200    r-x .vecs
95400000    95400000    00068e42   00000000    rw-
  95400000    95400000    00068e42   00000000    rw- .far
95468e48    95468e48    000061b0   000061b0    r--
  95468e48    95468e48    000061b0   000061b0    r-- .const
9546eff8    9546eff8    000020e8   00000000    rw-
  9546eff8    9546eff8    000010e2   00000000    rw- .fardata
  954700e0    954700e0    00001000   00000000    rw- .stack
954710e0    954710e0    00000090   00000090    r--
  954710e0    954710e0    00000090   00000090    r-- .switch
95471170    95471170    00000064   00000064    rw-
  95471170    95471170    00000064   00000064    rw- .args
954711d4    954711d4    00000008   00000008    r--
  954711d4    954711d4    00000008   00000008    r-- .rodata
954711e0    954711e0    00000b70   00000b70    r--
  954711e0    954711e0    00000b70   00000b70    r-- .cinit
9f000000    9f000000    00008004   00000000    rw-
  9f000000    9f000000    00008004   00000000    rw- .tracebuf


SECTION ALLOCATION MAP

 output                                  attributes/
section   page    origin      length       input sections
--------  ----  ----------  ----------   ----------------
.stack     0    954700e0    00001000     UNINITIALIZED
                  954700e0    00000008     boot.ae66 : boot.oe66 (.stack)
                  954700e8    00000ff8     --HOLE--

.bss       0    954711d4    00000000     UNINITIALIZED

.neardata 
*          0    954711d4    00000000     UNINITIALIZED

.rodata    0    954711d4    00000008     
                  954711d4    00000008     Dsp1_pe66.oe66 (.rodata)

.cinit     0    954711e0    00000b70     
                  954711e0    00000b32     (.cinit..fardata.load) [load image, compression = rle]
                  95471d12    0000000d     (.cinit..far.load) [load image, compression = rle]
                  95471d1f    0000000b     (.cinit..tracebuf.load) [load image, compression = rle]
                  95471d2a    00000002     --HOLE-- [fill = 0]
                  95471d2c    00000008     (__TI_handler_table)
                  95471d34    00000004     --HOLE-- [fill = 0]
                  95471d38    00000018     (__TI_cinit_table)

.init_array 
*          0    95400000    00000000     UNINITIALIZED

.resource_table 
*          0    95000000    0000044c     
                  95000000    0000044c     MainDsp1.oe66 (.resource_table)

.args      0    95471170    00000064     
                  95471170    00000064     --HOLE-- [fill = 0]

.tracebuf 
*          0    9f000000    00008004     UNINITIALIZED
                  9f000000    00008004     Dsp1_pe66.oe66 (.tracebuf)

.vecs      0    95024c00    00000200     
                  95024c00    00000200     Dsp1_pe66.oe66 (.vecs)

xdc.meta   0    95400000    000000e8     COPY SECTION
                  95400000    000000e8     Dsp1_pe66.oe66 (xdc.meta)

.text      0    95000460    00024540     
                  95000460    00001c40     rts6600_elf.lib : _printfi.obj (.text:__TI_printfi)
                  950020a0    00000be0     sysbios.ae66 : BIOS.obj (.text:ti_sysbios_heaps_HeapBuf_Instance_init__E)
                  95002c80    00000b20     ipc.ae66 : Ipc.obj (.text:MessageQ_put)
                  950037a0    00000a40     Server.oe66 (.text)
                  950041e0    000008a0     ti.targets.rts6000.ae66 : System.oe66 (.text:xdc_runtime_System_doPrint__I)
                  95004a80    00000780     sysbios.ae66 : BIOS.obj (.text:ti_sysbios_family_c64p_Exception_handler__I)
                  95005200    00000700     ipc.ae66 : Ipc.obj (.text:MessageQ_free)
                  95005900    000006e0              : Ipc.obj (.text:ti_ipc_namesrv_NameServerRemoteRpmsg_get__F)
                  95005fe0    000006e0     sysbios.ae66 : BIOS.obj (.text:ti_sysbios_heaps_HeapMem_freeUnprotected__E)
                  950066c0    000006c0                  : BIOS.obj (.text:ti_sysbios_knl_Semaphore_pend__E)
                  95006d80    000006a0     ipc.ae66 : Ipc.obj (.text:RPMessage_send)
                  95007420    00000680     rts6600_elf.lib : _printfi.obj (.text:_pconv_a)
                  95007aa0    00000600                     : divd.obj (.text:__c6xabi_divd)
                  950080a0    00000600     sysbios.ae66 : BIOS.obj (.text:ti_sysbios_heaps_HeapBuf_free__E)
                  950086a0    000005c0     rts6600_elf.lib : _printfi.obj (.text:_pconv_g)
                  95008c60    000005a0     sysbios.ae66 : BIOS.obj (.text:ti_sysbios_heaps_HeapMem_allocUnprotected__E)
                  95009200    000005a0                  : BIOS.obj (.text:ti_sysbios_knl_Task_Instance_init__E)
                  950097a0    00000580     ipc.ae66 : Ipc.obj (.text:NameServer_add)
                  95009d20    00000580     sysbios.ae66 : BIOS.obj (.text:ti_sysbios_knl_Task_Instance_finalize__E)
                  9500a2a0    00000520     ipc.ae66 : Ipc.obj (.text:NameServerRemote_processMessage)
                  9500a7c0    00000520     fft.oe66 (.text)
                  9500ace0    000004c0     ipc.ae66 : Ipc.obj (.text:RPMessage_init)
                  9500b1a0    000004c0              : Ipc.obj (.text:ti_sdo_ipc_MessageQ_Instance_init__E)
                  9500b660    000004a0              : Ipc.obj (.text:ti_sdo_ipc_Notify_Instance_init__E)
                  9500bb00    00000480              : Ipc.obj (.text:VirtQueue_create)
                  9500bf80    00000480     dsplib.ae66 : DSPF_sp_fftSPxSP.oe66 (.text:optimized)
                  9500c400    00000460     ipc.ae66 : Ipc.obj (.text:RPMessage_create)
                  9500c860    00000460     rts6600_elf.lib : _printfi.obj (.text:_pconv_e)
                  9500ccc0    00000440     ipc.ae66 : Ipc.obj (.text:ti_sdo_ipc_MessageQ_registerTransport__F)
                  9500d100    00000440              : Ipc.obj (.text:transportCallbackFxn$10)
                  9500d540    00000420              : Ipc.obj (.text:ti_sdo_utils_NameServer_registerRemoteDriver__E)
                  9500d960    00000400              : Ipc.obj (.text:ti_sdo_ipc_MessageQ_unregisterTransport__F)
                  9500dd60    00000400              : Ipc.obj (.text:ti_sdo_utils_NameServer_unregisterRemoteDriver__E)
                  9500e160    00000400     sysbios.ae66 : BIOS.obj (.text:ti_sysbios_knl_Task_setPri__E)
                  9500e560    000003c0                  : BIOS.obj (.text:ti_sysbios_gates_GateMutexPri_enter__E)
                  9500e920    000003c0                  : BIOS.obj (.text:ti_sysbios_heaps_HeapMem_Instance_init__E)
                  9500ece0    000003c0     ti.trace.ae66 : SysMin.oe66 (.text:ti_trace_SysMin_putch__E)
                  9500f0a0    000003c0     ti.targets.rts6000.ae66 : Diags.oe66 (.text:xdc_runtime_Diags_setMask__E)
                  9500f460    000003a0     MainDsp1.oe66 (.text)
                  9500f800    000003a0     sysbios.ae66 : BIOS.obj (.text:ti_sysbios_family_shared_vayu_IntXbar_connect__E)
                  9500fba0    000003a0                  : BIOS.obj (.text:ti_sysbios_heaps_HeapBuf_alloc__E)
                  9500ff40    00000380                  : BIOS.obj (.text:ti_sysbios_timers_dmtimer_Timer_deviceConfig__I)
                  950102c0    00000360     ipc.ae66 : Ipc.obj (.text:SharedRegion_getEntry)
                  95010620    00000340     Dsp1_pe66.oe66 (.text:xdc_runtime_System_printfExtend__I)
                  95010960    00000320     ipc.ae66 : Ipc.obj (.text:MessageQ_alloc)
                  95010c80    00000300     sysbios.ae66 : BIOS.obj (.text:ti_sysbios_knl_Swi_Instance_init__E)
                  95010f80    000002e0     rts6600_elf.lib : cos.obj (.text:cos)
                  95011260    000002e0                     : _printfi.obj (.text:fcvt)
                  95011540    000002e0     ipc.ae66 : Ipc.obj (.text:ti_sdo_ipc_family_vayu_NotifySetup_Module_startup__E)
                  95011820    000002e0     sysbios.ae66 : BIOS.obj (.text:ti_sysbios_knl_Semaphore_post__E)
                  95011b00    000002c0     ipc.ae66 : Ipc.obj (.text:VirtQueue_startup)
                  95011dc0    000002c0     sysbios.ae66 : BIOS.obj (.text:ti_sysbios_timers_dmtimer_Timer_checkFreq__I)
                  95012080    000002a0     ipc.ae66 : Ipc.obj (.text:RPMessage_swiFxn$27)
                  95012320    000002a0     sysbios.ae66 : BIOS.obj (.text:ti_sysbios_family_c64p_Hwi_dispatchCore__I)
                  950125c0    000002a0                  : BIOS.obj (.text:ti_sysbios_knl_Clock_workFunc__E)
                  95012860    000002a0                  : BIOS.obj (.text:ti_sysbios_knl_Swi_run__I)
                  95012b00    00000280     rts6600_elf.lib : divf.obj (.text:__c6xabi_divf)
                  95012d80    00000280                     : _printfi.obj (.text:_pconv_f)
                  95013000    00000260     ipc.ae66 : Ipc.obj (.text:VirtQueue_isr)
                  95013260    00000260     ti.targets.rts6000.ae66 : Startup.oe66 (.text:xdc_runtime_Startup_startMods__I)
                  950134c0    00000240     ipc.ae66 : Ipc.obj (.text:NameServer_getLocal)
                  95013700    00000240     rts6600_elf.lib : imath64.obj (.text:__c6xabi_divull)
                  95013940    00000240                     : _printfi.obj (.text:_ltostr)
                  95013b80    00000240     sysbios.ae66 : BIOS.obj (.text:ti_sysbios_family_c64p_EventCombiner_dispatch__E)
                  95013dc0    00000240     ti.targets.rts6000.ae66 : Core-mem.oe66 (.text:xdc_runtime_Core_createObject__I)
                  95014000    00000220     ipc.ae66 : Ipc.obj (.text:ti_ipc_transports_TransportRpmsg_Instance_init__E)
                  95014220    00000220              : Ipc.obj (.text:ti_sdo_ipc_family_vayu_InterruptDsp_intEnable__E)
                  95014440    00000220              : Ipc.obj (.text:ti_sdo_ipc_family_vayu_InterruptDsp_intRegister__E)
                  95014660    00000220     ti.targets.rts6000.ae66 : Log.oe66 (.text:xdc_runtime_Log_doPrint__E)
                  95014880    00000200     ipc.ae66 : Ipc.obj (.text:MultiProc_getId)
                  95014a80    00000200     sysbios.ae66 : c64p_Hwi_disp_always.obj (.text:_ti_sysbios_family_c64p_Hwi_dispatchAlways)
                  95014c80    00000200                  : BIOS.obj (.text:ti_sysbios_family_c66_Cache_block__I)
                  95014e80    00000200                  : BIOS.obj (.text:ti_sysbios_timers_dmtimer_Timer_setPeriodMicroSecs__E)
                  95015080    00000200     ti.targets.rts6000.ae66 : Error.oe66 (.text:xdc_runtime_Error_policyDefault__E)
                  95015280    000001e0     ipc.ae66 : Ipc.obj (.text:VirtQueue_getAvailBuf)
                  95015460    000001e0              : Ipc.obj (.text:ti_ipc_transports_TransportRpmsg_put__E)
                  95015640    000001e0     sysbios.ae66 : BIOS.obj (.text:ti_sysbios_knl_Task_schedule__I)
                  95015820    000001e0                  : BIOS.obj (.text:ti_sysbios_knl_Task_startCore__E)
                  95015a00    000001e0     ti.targets.rts6000.ae66 : Text.oe66 (.text:xdc_runtime_Text_putSite__E)
                  95015be0    000001c0     ipc.ae66 : Ipc.obj (.text:IpcMgr_ipcStartup)
                  95015da0    000001c0              : Ipc.obj (.text:MessageQ_get)
                  95015f60    000001c0     rts6600_elf.lib : imath40.obj (.text:__c6xabi_divul)
                  95016120    000001c0     ipc.ae66 : Ipc.obj (.text:ti_sdo_ipc_Notify_Module_startup__E)
                  950162e0    000001c0     sysbios.ae66 : BIOS.obj (.text:ti_sysbios_family_c64p_EventCombiner_dispatchPlug__E)
                  950164a0    000001c0                  : BIOS.obj (.text:ti_sysbios_family_c64p_Hwi_reconfig__E)
                  95016660    000001c0                  : BIOS.obj (.text:ti_sysbios_family_shared_vayu_IntXbar_initXbarRegs__I)
                  95016820    000001c0                  : BIOS.obj (.text:ti_sysbios_knl_Semaphore_Instance_init__E)
                  950169e0    000001a0     ipc.ae66 : Ipc.obj (.text:MultiProc_getName)
                  95016b80    000001a0              : Ipc.obj (.text:ti_sdo_ipc_MessageQ_Instance_finalize__E)
                  95016d20    000001a0              : Ipc.obj (.text:ti_sdo_ipc_family_vayu_NotifySetup_dispatchIsr__I)
                  95016ec0    000001a0     sysbios.ae66 : BIOS.obj (.text:ti_sysbios_gates_GateMutex_enter__E)
                  95017060    000001a0                  : BIOS.obj (.text:ti_sysbios_timers_dmtimer_Timer_start__E)
                  95017200    000001a0     ti.targets.rts6000.ae66 : Core-smem.oe66 (.text:xdc_runtime_Core_constructObject__I)
                  950173a0    00000180     ipc.ae66 : Ipc.obj (.text:RPMessage_finalize)
                  95017520    00000180              : Ipc.obj (.text:VirtQueue_kick)
                  950176a0    00000180              : Ipc.obj (.text:callback_availBufReady$27)
                  95017820    00000180     rts6600_elf.lib : frexp.obj (.text:frexp)
                  950179a0    00000180     sysbios.ae66 : c64p_Exception_asm.obj (.text)
                  95017b20    00000180                  : BIOS.obj (.text:ti_sysbios_family_c64p_Exception_internalHandler__I)
                  95017ca0    00000180                  : BIOS.obj (.text:ti_sysbios_gates_GateSwi_enter__E)
                  95017e20    00000180                  : BIOS.obj (.text:ti_sysbios_knl_Swi_post__E)
                  95017fa0    00000180                  : BIOS.obj (.text:ti_sysbios_knl_Task_blockI__E)
                  95018120    00000180                  : BIOS.obj (.text:ti_sysbios_knl_Task_checkStacks__E)
                  950182a0    00000160     ipc.ae66 : Ipc.obj (.text:MessageQ_create)
                  95018400    00000160     sysbios.ae66 : BIOS.obj (.text:ti_sysbios_knl_Task_unblockI__E)
                  95018560    00000160     ti.targets.rts6000.ae66 : Text.oe66 (.text:xdc_runtime_Text_putMod__E)
                  950186c0    00000140     rts6600_elf.lib : ldexp.obj (.text:ldexp)
                  95018800    00000140     ipc.ae66 : Ipc.obj (.text:ti_sdo_ipc_Notify_Instance_finalize__E)
                  95018940    00000140              : Ipc.obj (.text:ti_sdo_ipc_family_vayu_NotifySetup_plugHwi__F)
                  95018a80    00000140              : Ipc.obj (.text:ti_sdo_utils_NameServer_removeLocal__I)
                  95018bc0    00000140     sysbios.ae66 : BIOS.obj (.text:ti_sysbios_family_c64p_Hwi_Module_startup__E)
                  95018d00    00000140                  : BIOS.obj (.text:ti_sysbios_knl_Swi_restoreHwi__E)
                  95018e40    00000140                  : BIOS.obj (.text:ti_sysbios_knl_Task_exit__E)
                  95018f80    00000140                  : BIOS.obj (.text:ti_sysbios_syncs_SyncSem_Instance_init__E)
                  950190c0    00000140                  : BIOS.obj (.text:ti_sysbios_timers_dmtimer_Timer_initDevice__I)
                  95019200    00000140     ti.targets.rts6000.ae66 : Core-mem.oe66 (.text:xdc_runtime_Core_deleteObject__I)
                  95019340    00000140                             : Text.oe66 (.text:xdc_runtime_Text_putLab__E)
                  95019480    00000120     ipc.ae66 : Ipc.obj (.text:VirtQueue_addUsedBuf)
                  950195a0    00000120     boot.ae66 : autoinit.oe66 (.text:_auto_init_elf)
                  950196c0    00000120     mathlib.ae66 : cossp.oe66 (.text:optci)
                  950197e0    00000120     ipc.ae66 : Ipc.obj (.text:sendMessage$26)
                  95019900    00000120              : Ipc.obj (.text:ti_ipc_transports_TransportRpmsgSetup_attach__E)
                  95019a20    00000120              : Ipc.obj (.text:ti_sdo_ipc_MessageQ_Module_startup__E)
                  95019b40    00000120              : Ipc.obj (.text:ti_sdo_ipc_MessageQ_grow__I)
                  95019c60    00000120              : Ipc.obj (.text:ti_sdo_ipc_gates_GateHWSpinlock_Module_startup__E)
                  95019d80    00000120     Dsp1_pe66.oe66 (.text:ti_sysbios_BIOS_rtsUnlock__I)
                  95019ea0    00000120     sysbios.ae66 : BIOS.obj (.text:ti_sysbios_family_c64p_Hwi_Instance_init__E)
                  95019fc0    00000120                  : BIOS.obj (.text:ti_sysbios_family_c66_Cache_getL2InitSize__I)
                  9501a0e0    00000120                  : BIOS.obj (.text:ti_sysbios_family_shared_vayu_IntXbar_initIntXbar__I)
                  9501a200    00000120                  : BIOS.obj (.text:ti_sysbios_knl_Task_postInit__I)
                  9501a320    00000100     ipc.ae66 : Ipc.obj (.text:MessageQ_Params_init__S)
                  9501a420    00000100              : Ipc.obj (.text:NameServer_getHandle)
                  9501a520    00000100              : Ipc.obj (.text:_VirtQueue_init$25)
                  9501a620    00000100     rts6600_elf.lib : copy_decompress_rle.obj (.text:__TI_decompress_rle_core)
                  9501a720    00000100                     : atoi.obj (.text:atoi)
                  9501a820    00000100     ipc.ae66 : Ipc.obj (.text:ti_ipc_namesrv_NameServerRemoteRpmsg_detach__E)
                  9501a920    00000100              : Ipc.obj (.text:ti_ipc_remoteproc_Resource_getVdevStatus__E)
                  9501aa20    00000100              : Ipc.obj (.text:ti_sdo_ipc_family_vayu_InterruptDsp_intClear__E)
                  9501ab20    00000100              : Ipc.obj (.text:ti_sdo_ipc_family_vayu_InterruptDsp_intSend__E)
                  9501ac20    00000100              : Ipc.obj (.text:ti_sdo_utils_NameServer_postInit__I)
                  9501ad20    00000100     sysbios.ae66 : BIOS.obj (.text:ti_sysbios_family_c64p_Hwi_Instance_finalize__E)
                  9501ae20    00000100     ti.targets.rts6000.ae66 : Error.oe66 (.text:xdc_runtime_Error_print__E)
                  9501af20    00000100                             : Memory.oe66 (.text:xdc_runtime_Memory_alloc__E)
                  9501b020    00000100                             : Startup.oe66 (.text:xdc_runtime_Startup_exec__E)
                  9501b120    000000e0     rts6600_elf.lib : divi.obj (.text:__divi)
                  9501b200    000000e0                     : exit.obj (.text:exit)
                  9501b2e0    000000e0                     : ltoa.obj (.text:ltoa)
                  9501b3c0    000000e0                     : memset.obj (.text:memset)
                  9501b4a0    000000e0     mathlib.ae66 : sinsp.oe66 (.text:optci)
                  9501b580    000000e0     ipc.ae66 : Ipc.obj (.text:ti_ipc_namesrv_NameServerRemoteRpmsg_Instance_init__E)
                  9501b660    000000e0              : Ipc.obj (.text:ti_ipc_namesrv_NameServerRemoteRpmsg_attach__E)
                  9501b740    000000e0              : Ipc.obj (.text:ti_ipc_remoteproc_Resource_getVringDA__E)
                  9501b820    000000e0              : Ipc.obj (.text:ti_ipc_transports_TransportRpmsg_Instance_finalize__E)
                  9501b900    000000e0     sysbios.ae66 : BIOS.obj (.text:ti_sysbios_family_c66_Cache_getL1DInitSize__I)
                  9501b9e0    000000e0                  : BIOS.obj (.text:ti_sysbios_family_c66_Cache_getL1PInitSize__I)
                  9501bac0    000000e0                  : BIOS.obj (.text:ti_sysbios_gates_GateMutexPri_leave__E)
                  9501bba0    000000e0                  : BIOS.obj (.text:ti_sysbios_heaps_HeapBuf_Module_startup__E)
                  9501bc80    000000e0                  : BIOS.obj (.text:ti_sysbios_heaps_HeapMem_getStats__E)
                  9501bd60    000000e0                  : BIOS.obj (.text:ti_sysbios_knl_Clock_logTick__E)
                  9501be40    000000e0                  : BIOS.obj (.text:ti_sysbios_knl_Swi_Instance_finalize__E)
                  9501bf20    000000e0                  : BIOS.obj (.text:ti_sysbios_knl_Swi_Module_startup__E)
                  9501c000    000000e0                  : BIOS.obj (.text:ti_sysbios_knl_Swi_runLoop__I)
                  9501c0e0    000000e0                  : BIOS.obj (.text:ti_sysbios_knl_Swi_schedule__I)
                  9501c1c0    000000e0                  : BIOS.obj (.text:ti_sysbios_knl_Task_Module_startup__E)
                  9501c2a0    000000e0     ti.targets.rts6000.ae66 : LoggerSys.oe66 (.text:xdc_runtime_LoggerSys_write8__E)
                  9501c380    000000e0                             : Text.oe66 (.text:xdc_runtime_Text_visitRope2__I)
                  9501c460    000000c0     ipc.ae66 : Ipc.obj (.text:NameServerRemote_SetNameServerPort)
                  9501c520    000000c0     rts6600_elf.lib : divu.obj (.text:__divu)
                  9501c5e0    000000c0                     : _printfi.obj (.text:_ecpy)
                  9501c6a0    000000c0     ipc.ae66 : Ipc.obj (.text:ti_ipc_remoteproc_Resource_physToVirt__E)
                  9501c760    000000c0     Dsp1_pe66.oe66 (.text:ti_sdo_ipc_Notify_create)
                  9501c820    000000c0     sysbios.ae66 : BIOS.obj (.text:ti_sysbios_family_c64p_Hwi_eventMap__E)
                  9501c8e0    000000c0                  : BIOS.obj (.text:ti_sysbios_family_c64p_Hwi_getStackInfo__E)
                  9501c9a0    000000c0                  : BIOS.obj (.text:ti_sysbios_heaps_HeapBuf_postInit__I)
                  9501ca60    000000c0                  : BIOS.obj (.text:ti_sysbios_heaps_HeapMem_alloc__E)
                  9501cb20    000000c0                  : BIOS.obj (.text:ti_sysbios_knl_Task_allBlockedFunction__I)
                  9501cbe0    000000c0                  : BIOS.obj (.text:ti_sysbios_timers_dmtimer_Timer_Module_startup__E)
                  9501cca0    000000c0     rts6600_elf.lib : tls.obj (.text:tls:init:__TI_tls_init)
                  9501cd60    000000c0     ti.targets.rts6000.ae66 : Assert.oe66 (.text:xdc_runtime_Assert_raise__I)
                  9501ce20    000000c0                             : Error.oe66 (.text:xdc_runtime_Error_setX__E)
                  9501cee0    000000c0                             : Text.oe66 (.text:xdc_runtime_Text_matchVisFxn__I)
                  9501cfa0    000000a0     ipc.ae66 : Ipc.obj (.text:MessageQ_msgInit$5)
                  9501d040    000000a0     rts6600_elf.lib : round.obj (.text:__c6xabi_nround)
                  9501d0e0    000000a0                     : remu.obj (.text:__remu)
                  9501d180    000000a0     boot.ae66 : boot.oe66 (.text:_c_int00)
                  9501d220    000000a0     sysbios.ae66 : c64p_Hwi_asm.obj (.text:_ti_sysbios_family_c64p_Hwi_plug__E)
                  9501d2c0    000000a0     rts6600_elf.lib : memcpy64.obj (.text:memcpy)
                  9501d360    000000a0                     : modf.obj (.text:modf)
                  9501d400    000000a0     Dsp1_pe66.oe66 (.text:ti_ipc_transports_TransportRpmsg_Object__create__S)
                  9501d4a0    000000a0     Dsp1_pe66.oe66 (.text:ti_ipc_transports_TransportRpmsg_create)
                  9501d540    000000a0     Dsp1_pe66.oe66 (.text:ti_sdo_ipc_MessageQ_create)
                  9501d5e0    000000a0     ipc.ae66 : Ipc.obj (.text:ti_sdo_utils_NameServer_findLocal__I)
                  9501d680    000000a0     sysbios.ae66 : BIOS.obj (.text:ti_sysbios_family_c62_TaskSupport_start__E)
                  9501d720    000000a0                  : BIOS.obj (.text:ti_sysbios_family_c64p_Exception_Module_startup__E)
                  9501d7c0    000000a0     Dsp1_pe66.oe66 (.text:ti_sysbios_family_c64p_Hwi_create)
                  9501d860    000000a0     sysbios.ae66 : BIOS.obj (.text:ti_sysbios_family_c66_Cache_all__I)
                  9501d900    000000a0                  : BIOS.obj (.text:ti_sysbios_family_c66_Cache_startup__I)
                  9501d9a0    000000a0     Dsp1_pe66.oe66 (.text:ti_sysbios_heaps_HeapBuf_Object__create__S)
                  9501da40    000000a0     sysbios.ae66 : BIOS.obj (.text:ti_sysbios_heaps_HeapMem_init__I)
                  9501dae0    000000a0     Dsp1_pe66.oe66 (.text:ti_sysbios_knl_Swi_create)
                  9501db80    000000a0     Dsp1_pe66.oe66 (.text:ti_sysbios_knl_Task_create)
                  9501dc20    000000a0     Dsp1_pe66.oe66 (.text:ti_sysbios_syncs_SyncSem_Object__create__S)
                  9501dcc0    000000a0     Dsp1_pe66.oe66 (.text:ti_sysbios_syncs_SyncSem_create)
                  9501dd60    000000a0     sysbios.ae66 : BIOS.obj (.text:ti_sysbios_syncs_SyncSem_wait__E)
                  9501de00    000000a0                  : BIOS.obj (.text:ti_sysbios_timers_dmtimer_Timer_startup__E)
                  9501dea0    000000a0                  : BIOS.obj (.text:ti_sysbios_timers_dmtimer_Timer_stop__E)
                  9501df40    000000a0     ti.targets.rts6000.ae66 : Core-params.oe66 (.text:xdc_runtime_Core_assignParams__I)
                  9501dfe0    000000a0                             : Registry.oe66 (.text:xdc_runtime_Registry_addModule__E)
                  9501e080    000000a0                             : System.oe66 (.text:xdc_runtime_System_formatNum__I)
                  9501e120    000000a0                             : System.oe66 (.text:xdc_runtime_System_putchar__I)
                  9501e1c0    000000a0                             : Text.oe66 (.text:xdc_runtime_Text_printVisFxn__I)
                  9501e260    000000a0                             : Text.oe66 (.text:xdc_runtime_Text_xprintf__I)
                  9501e300    000000a0     Dsp1_pe66.oe66 (.text:xdc_runtime_knl_GateThread_Object__create__S)
                  9501e3a0    000000a0     Dsp1_pe66.oe66 (.text:xdc_runtime_knl_GateThread_create)
                  9501e440    00000080     ti.trace.ae66 : SysMin.oe66 (.text:SysMin_output)
                  9501e4c0    00000080     rts6600_elf.lib : llshift.obj (.text:__c6xabi_llshl)
                  9501e540    00000080     sysbios.ae66 : c62_TaskSupport_asm.obj (.text:_ti_sysbios_family_c62_TaskSupport_swap__E)
                  9501e5c0    00000080     rts6600_elf.lib : strncpy.obj (.text:strncpy)
                  9501e640    00000080     Dsp1_pe66.oe66 (.text:ti_ipc_namesrv_NameServerRemoteRpmsg_Object__create__S)
                  9501e6c0    00000080     ipc.ae66 : Ipc.obj (.text:ti_ipc_remoteproc_Resource_getMemEntry__I)
                  9501e740    00000080     Dsp1_pe66.oe66 (.text:ti_sdo_ipc_MessageQ_Object__get__S)
                  9501e7c0    00000080     ipc.ae66 : Ipc.obj (.text:ti_sdo_utils_NameServer_Module_startup__E)
                  9501e840    00000080     Dsp1_pe66.oe66 (.text:ti_sdo_utils_NameServer_Object__get__S)
                  9501e8c0    00000080     sysbios.ae66 : BIOS.obj (.text:ti_sysbios_family_c64p_EventCombiner_Module_startup__E)
                  9501e940    00000080                  : BIOS.obj (.text:ti_sysbios_family_c64p_EventCombiner_enableEvent__E)
                  9501e9c0    00000080                  : BIOS.obj (.text:ti_sysbios_family_c64p_Hwi_getEventId__E)
                  9501ea40    00000080                  : BIOS.obj (.text:ti_sysbios_family_c66_Cache_setMar__E)
                  9501eac0    00000080                  : BIOS.obj (.text:ti_sysbios_family_c66_Cache_setSize__E)
                  9501eb40    00000080                  : BIOS.obj (.text:ti_sysbios_gates_GateMutexPri_insertPri__I)
                  9501ebc0    00000080                  : BIOS.obj (.text:ti_sysbios_hal_Hwi_checkStack)
                  9501ec40    00000080     Dsp1_pe66.oe66 (.text:ti_sysbios_heaps_HeapBuf_Object__get__S)
                  9501ecc0    00000080     sysbios.ae66 : BIOS.obj (.text:ti_sysbios_heaps_HeapBuf_getStats__E)
                  9501ed40    00000080     Dsp1_pe66.oe66 (.text:ti_sysbios_heaps_HeapMem_Object__get__S)
                  9501edc0    00000080     sysbios.ae66 : BIOS.obj (.text:ti_sysbios_knl_Idle_run__E)
                  9501ee40    00000080                  : BIOS.obj (.text:ti_sysbios_knl_Swi_restore__E)
                  9501eec0    00000080                  : BIOS.obj (.text:ti_sysbios_timers_dmtimer_Timer_postInit__I)
                  9501ef40    00000080                  : BIOS.obj (.text:ti_sysbios_timers_dmtimer_Timer_stub__E)
                  9501efc0    00000080     ti.trace.ae66 : SysMin.oe66 (.text:ti_trace_SysMin_abort__E)
                  9501f040    00000080     ipc.ae66 : Ipc.obj (.text:vring_init$25)
                  9501f0c0    00000080     ti.targets.rts6000.ae66 : Core-label.oe66 (.text:xdc_runtime_Core_assignLabel__I)
                  9501f140    00000080                             : Registry.oe66 (.text:xdc_runtime_Registry_findByNameInList__I)
                  9501f1c0    00000080                             : Registry.oe66 (.text:xdc_runtime_Registry_findByNamePattern__E)
                  9501f240    00000080                             : Registry.oe66 (.text:xdc_runtime_Registry_matchPattern__I)
                  9501f2c0    00000080                             : System.oe66 (.text:xdc_runtime_System_atexit__E)
                  9501f340    00000080                             : System.oe66 (.text:xdc_runtime_System_avprintf__E)
                  9501f3c0    00000080                             : System.oe66 (.text:xdc_runtime_System_processAtExit__E)
                  9501f440    00000080                             : System.oe66 (.text:xdc_runtime_System_vprintf__E)
                  9501f4c0    00000060     ipc.ae66 : Ipc.obj (.text:NameMap_register)
                  9501f520    00000060              : Ipc.obj (.text:NameMap_unregister)
                  9501f580    00000060     rts6600_elf.lib : frcmpyd_div.obj (.text:__TI_frcmpyd_div)
                  9501f5e0    00000060                     : llshift.obj (.text:__c6xabi_llshru)
                  9501f640    00000060     sysbios.ae66 : c64p_Hwi_asm_switch.obj (.text:_ti_sysbios_family_c64p_Hwi_switchAndDispatch__I)
                  9501f6a0    00000060                  : c64p_Hwi_asm_switch.obj (.text:_ti_sysbios_family_xxx_Hwi_switchAndRunFunc)
                  9501f700    00000060     rts6600_elf.lib : memccpy.obj (.text:memccpy)
                  9501f760    00000060                     : sprintf.obj (.text:sprintf)
                  9501f7c0    00000060                     : strcmp.obj (.text:strcmp)
                  9501f820    00000060                     : strpbrk.obj (.text:strpbrk)
                  9501f880    00000060     Dsp1_pe66.oe66 (.text:ti_ipc_namesrv_NameServerRemoteRpmsg_create)
                  9501f8e0    00000060     ipc.ae66 : Ipc.obj (.text:ti_sdo_ipc_family_vayu_InterruptDsp_intShmStub__I)
                  9501f940    00000060              : Ipc.obj (.text:ti_sdo_ipc_interfaces_INetworkTransport_Handle_downCast$5)
                  9501f9a0    00000060     Dsp1_pe66.oe66 (.text:ti_sdo_utils_List_Object__get__S)
                  9501fa00    00000060     Dsp1_pe66.oe66 (.text:ti_sdo_utils_List_construct)
                  9501fa60    00000060     Dsp1_pe66.oe66 (.text:ti_sdo_utils_List_create)
                  9501fac0    00000060     ipc.ae66 : Ipc.obj (.text:ti_sdo_utils_List_dequeue__E)
                  9501fb20    00000060              : Ipc.obj (.text:ti_sdo_utils_List_enqueueHead__E)
                  9501fb80    00000060     Dsp1_pe66.oe66 (.text:ti_sysbios_BIOS_atExitFunc__I)
                  9501fbe0    00000060     Dsp1_pe66.oe66 (.text:ti_sysbios_BIOS_errorRaiseHook__I)
                  9501fc40    00000060     Dsp1_pe66.oe66 (.text:ti_sysbios_BIOS_rtsLock__I)
                  9501fca0    00000060     sysbios.ae66 : BIOS.obj (.text:ti_sysbios_family_c64p_EventCombiner_unused__E)
                  9501fd00    00000060                  : BIOS.obj (.text:ti_sysbios_family_c64p_Exception_nmiHandler__I)
                  9501fd60    00000060                  : BIOS.obj (.text:ti_sysbios_family_c64p_Hwi_disableIER__E)
                  9501fdc0    00000060                  : BIOS.obj (.text:ti_sysbios_family_c64p_Hwi_enableIER__E)
                  9501fe20    00000060     Dsp1_pe66.oe66 (.text:ti_sysbios_gates_GateHwi_Object__create__S)
                  9501fe80    00000060     Dsp1_pe66.oe66 (.text:ti_sysbios_gates_GateHwi_create)
                  9501fee0    00000060     sysbios.ae66 : BIOS.obj (.text:ti_sysbios_gates_GateMutexPri_Instance_init__E)
                  9501ff40    00000060     Dsp1_pe66.oe66 (.text:ti_sysbios_gates_GateMutexPri_Object__create__S)
                  9501ffa0    00000060     Dsp1_pe66.oe66 (.text:ti_sysbios_gates_GateMutexPri_construct)
                  95020000    00000060     Dsp1_pe66.oe66 (.text:ti_sysbios_gates_GateMutex_Object__create__S)
                  95020060    00000060     Dsp1_pe66.oe66 (.text:ti_sysbios_gates_GateSwi_Object__create__S)
                  950200c0    00000060     sysbios.ae66 : BIOS.obj (.text:ti_sysbios_gates_GateSwi_query__E)
                  95020120    00000060                  : BIOS.obj (.text:ti_sysbios_hal_Hwi_initStack)
                  95020180    00000060     Dsp1_pe66.oe66 (.text:ti_sysbios_heaps_HeapMem_Object__create__S)
                  950201e0    00000060     sysbios.ae66 : BIOS.obj (.text:ti_sysbios_heaps_HeapMem_free__E)
                  95020240    00000060                  : BIOS.obj (.text:ti_sysbios_knl_Clock_addI__E)
                  950202a0    00000060     Dsp1_pe66.oe66 (.text:ti_sysbios_knl_Clock_doTick__I)
                  95020300    00000060     Dsp1_pe66.oe66 (.text:ti_sysbios_knl_Queue_Object__get__S)
                  95020360    00000060     Dsp1_pe66.oe66 (.text:ti_sysbios_knl_Queue_construct)
                  950203c0    00000060     sysbios.ae66 : BIOS.obj (.text:ti_sysbios_knl_Queue_put__E)
                  95020420    00000060     Dsp1_pe66.oe66 (.text:ti_sysbios_knl_Semaphore_construct)
                  95020480    00000060     Dsp1_pe66.oe66 (.text:ti_sysbios_knl_Semaphore_create)
                  950204e0    00000060     sysbios.ae66 : BIOS.obj (.text:ti_sysbios_knl_Semaphore_pendTimeout__I)
                  95020540    00000060     Dsp1_pe66.oe66 (.text:ti_sysbios_knl_Swi_Object__get__S)
                  950205a0    00000060     Dsp1_pe66.oe66 (.text:ti_sysbios_knl_Task_Object__get__S)
                  95020600    00000060     sysbios.ae66 : BIOS.obj (.text:ti_sysbios_knl_Task_getMode__E)
                  95020660    00000060                  : BIOS.obj (.text:ti_sysbios_knl_Task_processVitalTaskFlag__I)
                  950206c0    00000060                  : BIOS.obj (.text:ti_sysbios_knl_Task_restore__E)
                  95020720    00000060                  : BIOS.obj (.text:ti_sysbios_timers_dmtimer_Timer_getCount__E)
                  95020780    00000060                  : BIOS.obj (.text:ti_sysbios_timers_dmtimer_Timer_getFreq__E)
                  950207e0    00000060     Dsp1_pe66.oe66 (.text:ti_sysbios_xdcruntime_GateThreadSupport_create)
                  95020840    00000060     ti.trace.ae66 : SysMin.oe66 (.text:ti_trace_SysMin_Module_startup__E)
                  950208a0    00000060     Dsp1_pe66.oe66 (.text:xdc_runtime_LoggerSys_Object__create__S)
                  95020900    00000060     ti.targets.rts6000.ae66 : LoggerSys.oe66 (.text:xdc_runtime_LoggerSys_write0__E)
                  95020960    00000060                             : LoggerSys.oe66 (.text:xdc_runtime_LoggerSys_write1__E)
                  950209c0    00000060                             : Memory.oe66 (.text:xdc_runtime_Memory_valloc__E)
                  95020a20    00000060                             : System.oe66 (.text:xdc_runtime_System_putch__E)
                  95020a80    00000060                             : Text.oe66 (.text:xdc_runtime_Text_cordText__E)
                  95020ae0    00000040     ipc.ae66 : Ipc.obj (.text:NameServer_addUInt32)
                  95020b20    00000040              : Ipc.obj (.text:NameServer_getLocalUInt32)
                  95020b60    00000040              : Ipc.obj (.text:NameServer_removeEntry)
                  95020ba0    00000040              : Ipc.obj (.text:_VirtQueue_getVA$25)
                  95020be0    00000040     rts6600_elf.lib : isinf.obj (.text:__c6xabi_isinf)
                  95020c20    00000040                     : _printfi.obj (.text:__c6xabi_isnan)
                  95020c60    00000040                     : strasg.obj (.text:__strasgi_64plus)
                  95020ca0    00000040                     : args_main.obj (.text:_args_main)
                  95020ce0    00000040                     : sprintf.obj (.text:_outs)
                  95020d20    00000040                     : imath64.obj (.text:_subcull)
                  95020d60    00000040     sysbios.ae66 : c62_TaskSupport_asm.obj (.text:_ti_sysbios_family_c62_TaskSupport_buildTaskStack)
                  95020da0    00000040     rts6600_elf.lib : strlen.obj (.text:strlen)
                  95020de0    00000040     Dsp1_pe66.oe66 (.text:ti_ipc_namesrv_NameServerRemoteRpmsg_Handle__label__S)
                  95020e20    00000040     Dsp1_pe66.oe66 (.text:ti_ipc_namesrv_NameServerRemoteRpmsg_Object__delete__S)
                  95020e60    00000040     Dsp1_pe66.oe66 (.text:ti_ipc_namesrv_NameServerRemoteRpmsg_Object__first__S)
                  95020ea0    00000040     Dsp1_pe66.oe66 (.text:ti_ipc_namesrv_NameServerRemoteRpmsg_Object__next__S)
                  95020ee0    00000040     Dsp1_pe66.oe66 (.text:ti_ipc_namesrv_NameServerRemoteRpmsg_get__E)
                  95020f20    00000040     Dsp1_pe66.oe66 (.text:ti_ipc_remoteproc_Resource_init__I)
                  95020f60    00000040     Dsp1_pe66.oe66 (.text:ti_ipc_transports_TransportRpmsg_Handle__label__S)
                  95020fa0    00000040     Dsp1_pe66.oe66 (.text:ti_ipc_transports_TransportRpmsg_Object__delete__S)
                  95020fe0    00000040     Dsp1_pe66.oe66 (.text:ti_ipc_transports_TransportRpmsg_Params__init__S)
                  95021020    00000040     ipc.ae66 : Ipc.obj (.text:ti_sdo_ipc_MessageQ_Instance_State_highList$5)
                  95021060    00000040              : Ipc.obj (.text:ti_sdo_ipc_MessageQ_Instance_State_normalList$5)
                  950210a0    00000040     Dsp1_pe66.oe66 (.text:ti_sdo_ipc_MessageQ_Object__delete__S)
                  950210e0    00000040     Dsp1_pe66.oe66 (.text:ti_sdo_ipc_MessageQ_Params__init__S)
                  95021120    00000040     Dsp1_pe66.oe66 (.text:ti_sdo_ipc_MessageQ_registerTransport__E)
                  95021160    00000040     Dsp1_pe66.oe66 (.text:ti_sdo_ipc_MessageQ_unregisterTransport__E)
                  950211a0    00000040     Dsp1_pe66.oe66 (.text:ti_sdo_ipc_family_vayu_NotifySetup_plugHwi__E)
                  950211e0    00000040     ipc.ae66 : Ipc.obj (.text:ti_sdo_ipc_interfaces_IMessageQTransport_put$5)
                  95021220    00000040              : Ipc.obj (.text:ti_sdo_ipc_interfaces_INetworkTransport_bind$5)
                  95021260    00000040              : Ipc.obj (.text:ti_sdo_ipc_interfaces_INetworkTransport_put$5)
                  950212a0    00000040              : Ipc.obj (.text:ti_sdo_ipc_interfaces_INetworkTransport_unbind$5)
                  950212e0    00000040              : Ipc.obj (.text:ti_sdo_ipc_interfaces_INotifyDriver_setNotifyHandle$9)
                  95021320    00000040     Dsp1_pe66.oe66 (.text:ti_sdo_utils_List_destruct)
                  95021360    00000040     ipc.ae66 : Ipc.obj (.text:ti_sdo_utils_List_enqueue__E)
                  950213a0    00000040              : Ipc.obj (.text:ti_sdo_utils_List_get__E)
                  950213e0    00000040              : Ipc.obj (.text:ti_sdo_utils_List_next__E)
                  95021420    00000040              : Ipc.obj (.text:ti_sdo_utils_List_putHead__E)
                  95021460    00000040              : Ipc.obj (.text:ti_sdo_utils_List_put__E)
                  950214a0    00000040              : Ipc.obj (.text:ti_sdo_utils_List_remove__E)
                  950214e0    00000040              : Ipc.obj (.text:ti_sdo_utils_MultiProc_getClusterId__F)
                  95021520    00000040              : Ipc.obj (.text:ti_sdo_utils_NameServer_Instance_State_freeList$0)
                  95021560    00000040              : Ipc.obj (.text:ti_sdo_utils_NameServer_Instance_State_nameList$0)
                  950215a0    00000040     Dsp1_pe66.oe66 (.text:ti_sdo_utils_NameServer_Module__startupDone__F)
                  950215e0    00000040     Dsp1_pe66.oe66 (.text:ti_sdo_utils_NameServer_Object__first__S)
                  95021620    00000040     Dsp1_pe66.oe66 (.text:ti_sdo_utils_NameServer_Object__next__S)
                  95021660    00000040     Dsp1_pe66.oe66 (.text:ti_sysbios_BIOS_exitFunc__I)
                  950216a0    00000040     sysbios.ae66 : BIOS.obj (.text:ti_sysbios_BIOS_getCpuFreq__E)
                  950216e0    00000040     Dsp1_pe66.oe66 (.text:ti_sysbios_BIOS_registerRTSLock__I)
                  95021720    00000040     Dsp1_pe66.oe66 (.text:ti_sysbios_BIOS_removeRTSLock__I)
                  95021760    00000040     sysbios.ae66 : BIOS.obj (.text:ti_sysbios_BIOS_setThreadType__E)
                  950217a0    00000040     Dsp1_pe66.oe66 (.text:ti_sysbios_BIOS_startFunc__I)
                  950217e0    00000040     sysbios.ae66 : BIOS.obj (.text:ti_sysbios_family_c62_TaskSupport_checkStack__E)
                  95021820    00000040                  : BIOS.obj (.text:ti_sysbios_family_c64p_Exception_externalHandler__I)
                  95021860    00000040     Dsp1_pe66.oe66 (.text:ti_sysbios_family_c64p_Hwi_Module__startupDone__F)
                  950218a0    00000040     Dsp1_pe66.oe66 (.text:ti_sysbios_family_c64p_Hwi_Params__init__S)
                  950218e0    00000040     sysbios.ae66 : BIOS.obj (.text:ti_sysbios_family_c64p_Hwi_clearInterrupt__E)
                  95021920    00000040                  : BIOS.obj (.text:ti_sysbios_family_c64p_Hwi_disableInterrupt__E)
                  95021960    00000040                  : BIOS.obj (.text:ti_sysbios_family_c64p_Hwi_dispatchC__I)
                  950219a0    00000040                  : BIOS.obj (.text:ti_sysbios_family_c64p_Hwi_enableInterrupt__E)
                  950219e0    00000040                  : BIOS.obj (.text:ti_sysbios_family_c64p_Hwi_getIsrStackAddress__I)
                  95021a20    00000040                  : BIOS.obj (.text:ti_sysbios_family_c64p_TimestampProvider_get64__E)
                  95021a60    00000040                  : BIOS.obj (.text:ti_sysbios_family_c66_Cache_Module_startup__E)
                  95021aa0    00000040                  : BIOS.obj (.text:ti_sysbios_family_c66_Cache_RTSSynchInv__I)
                  95021ae0    00000040                  : BIOS.obj (.text:ti_sysbios_family_c66_Cache_RTSSynchWbInv__I)
                  95021b20    00000040                  : BIOS.obj (.text:ti_sysbios_family_c66_Cache_RTSSynchWb__I)
                  95021b60    00000040                  : BIOS.obj (.text:ti_sysbios_family_c66_Cache_invPrefetchBuffer__I)
                  95021ba0    00000040                  : BIOS.obj (.text:ti_sysbios_family_c66_Cache_inv__E)
                  95021be0    00000040                  : BIOS.obj (.text:ti_sysbios_family_c66_Cache_wbInv__E)
                  95021c20    00000040     Dsp1_pe66.oe66 (.text:ti_sysbios_family_shared_vayu_TimerSupport_Module__startupDone__F)
                  95021c60    00000040     Dsp1_pe66.oe66 (.text:ti_sysbios_gates_GateHwi_Handle__label__S)
                  95021ca0    00000040     Dsp1_pe66.oe66 (.text:ti_sysbios_gates_GateHwi_Object__delete__S)
                  95021ce0    00000040     Dsp1_pe66.oe66 (.text:ti_sysbios_gates_GateHwi_Params__init__S)
                  95021d20    00000040     sysbios.ae66 : BIOS.obj (.text:ti_sysbios_gates_GateHwi_enter__E)
                  95021d60    00000040     Dsp1_pe66.oe66 (.text:ti_sysbios_gates_GateMutexPri_Handle__label__S)
                  95021da0    00000040     sysbios.ae66 : BIOS.obj (.text:ti_sysbios_gates_GateMutexPri_Instance_State_pendQ$16)
                  95021de0    00000040                  : BIOS.obj (.text:ti_sysbios_gates_GateMutexPri_Instance_finalize__E)
                  95021e20    00000040     Dsp1_pe66.oe66 (.text:ti_sysbios_gates_GateMutexPri_Object__delete__S)
                  95021e60    00000040     Dsp1_pe66.oe66 (.text:ti_sysbios_gates_GateMutexPri_destruct)
                  95021ea0    00000040     Dsp1_pe66.oe66 (.text:ti_sysbios_gates_GateMutex_Handle__label__S)
                  95021ee0    00000040     sysbios.ae66 : BIOS.obj (.text:ti_sysbios_gates_GateMutex_Instance_State_sem$17)
                  95021f20    00000040                  : BIOS.obj (.text:ti_sysbios_gates_GateMutex_Instance_finalize__E)
                  95021f60    00000040                  : BIOS.obj (.text:ti_sysbios_gates_GateMutex_Instance_init__E)
                  95021fa0    00000040     Dsp1_pe66.oe66 (.text:ti_sysbios_gates_GateMutex_Object__delete__S)
                  95021fe0    00000040     sysbios.ae66 : BIOS.obj (.text:ti_sysbios_gates_GateMutex_leave__E)
                  95022020    00000040     Dsp1_pe66.oe66 (.text:ti_sysbios_gates_GateSwi_Handle__label__S)
                  95022060    00000040     Dsp1_pe66.oe66 (.text:ti_sysbios_gates_GateSwi_Object__delete__S)
                  950220a0    00000040     Dsp1_pe66.oe66 (.text:ti_sysbios_hal_Cache_CacheProxy_inv__E)
                  950220e0    00000040     sysbios.ae66 : BIOS.obj (.text:ti_sysbios_hal_Cache_inv__E)
                  95022120    00000040     Dsp1_pe66.oe66 (.text:ti_sysbios_hal_Hwi_HwiProxy_getStackInfo__E)
                  95022160    00000040     sysbios.ae66 : BIOS.obj (.text:ti_sysbios_hal_Hwi_getStackInfo__E)
                  950221a0    00000040     Dsp1_pe66.oe66 (.text:ti_sysbios_heaps_HeapBuf_Handle__label__S)
                  950221e0    00000040     sysbios.ae66 : BIOS.obj (.text:ti_sysbios_heaps_HeapBuf_Instance_State_freeList$18)
                  95022220    00000040                  : BIOS.obj (.text:ti_sysbios_heaps_HeapBuf_Instance_finalize__E)
                  95022260    00000040     Dsp1_pe66.oe66 (.text:ti_sysbios_heaps_HeapBuf_Object__delete__S)
                  950222a0    00000040     Dsp1_pe66.oe66 (.text:ti_sysbios_heaps_HeapMem_Handle__label__S)
                  950222e0    00000040     Dsp1_pe66.oe66 (.text:ti_sysbios_heaps_HeapMem_Object__delete__S)
                  95022320    00000040     sysbios.ae66 : BIOS.obj (.text:ti_sysbios_heaps_HeapMem_restore__E)
                  95022360    00000040                  : BIOS.obj (.text:ti_sysbios_knl_Clock_Module_State_clockQ$6)
                  950223a0    00000040     Dsp1_pe66.oe66 (.text:ti_sysbios_knl_Clock_Module_State_clockQ)
                  950223e0    00000040     sysbios.ae66 : BIOS.obj (.text:ti_sysbios_knl_Clock_startI__E)
                  95022420    00000040                  : BIOS.obj (.text:ti_sysbios_knl_Queue_dequeue__E)
                  95022460    00000040     Dsp1_pe66.oe66 (.text:ti_sysbios_knl_Queue_destruct)
                  950224a0    00000040     sysbios.ae66 : BIOS.obj (.text:ti_sysbios_knl_Queue_empty__E)
                  950224e0    00000040                  : BIOS.obj (.text:ti_sysbios_knl_Queue_enqueue__E)
                  95022520    00000040                  : BIOS.obj (.text:ti_sysbios_knl_Queue_remove__E)
                  95022560    00000040                  : BIOS.obj (.text:ti_sysbios_knl_Semaphore_Instance_State_pendQ$10)
                  950225a0    00000040                  : BIOS.obj (.text:ti_sysbios_knl_Semaphore_Instance_finalize__E)
                  950225e0    00000040     Dsp1_pe66.oe66 (.text:ti_sysbios_knl_Semaphore_Object__delete__S)
                  95022620    00000040     Dsp1_pe66.oe66 (.text:ti_sysbios_knl_Semaphore_Params__init__S)
                  95022660    00000040     Dsp1_pe66.oe66 (.text:ti_sysbios_knl_Semaphore_destruct)
                  950226a0    00000040     Dsp1_pe66.oe66 (.text:ti_sysbios_knl_Swi_Object__delete__S)
                  950226e0    00000040     sysbios.ae66 : BIOS.obj (.text:ti_sysbios_knl_Swi_disable__E)
                  95022720    00000040                  : BIOS.obj (.text:ti_sysbios_knl_Task_Module_State_inactiveQ$12)
                  95022760    00000040     Dsp1_pe66.oe66 (.text:ti_sysbios_knl_Task_Params__init__S)
                  950227a0    00000040     sysbios.ae66 : BIOS.obj (.text:ti_sysbios_knl_Task_block__E)
                  950227e0    00000040                  : BIOS.obj (.text:ti_sysbios_knl_Task_disable__E)
                  95022820    00000040                  : BIOS.obj (.text:ti_sysbios_knl_Task_enabled__E)
                  95022860    00000040                  : BIOS.obj (.text:ti_sysbios_knl_Task_enter__I)
                  950228a0    00000040                  : BIOS.obj (.text:ti_sysbios_knl_Task_restoreHwi__E)
                  950228e0    00000040                  : BIOS.obj (.text:ti_sysbios_knl_Task_unblock__E)
                  95022920    00000040     Dsp1_pe66.oe66 (.text:ti_sysbios_syncs_SyncSem_Handle__label__S)
                  95022960    00000040     sysbios.ae66 : BIOS.obj (.text:ti_sysbios_syncs_SyncSem_Instance_finalize__E)
                  950229a0    00000040     Dsp1_pe66.oe66 (.text:ti_sysbios_syncs_SyncSem_Object__delete__S)
                  950229e0    00000040     sysbios.ae66 : BIOS.obj (.text:ti_sysbios_syncs_SyncSem_query__E)
                  95022a20    00000040                  : BIOS.obj (.text:ti_sysbios_timers_dmtimer_Timer_checkOverflow__I)
                  95022a60    00000040                  : BIOS.obj (.text:ti_sysbios_xdcruntime_GateThreadSupport_Instance_State_gate$35)
                  95022aa0    00000040                  : BIOS.obj (.text:ti_sysbios_xdcruntime_GateThreadSupport_Instance_finalize__E)
                  95022ae0    00000040                  : BIOS.obj (.text:ti_sysbios_xdcruntime_GateThreadSupport_Instance_init__E)
                  95022b20    00000040     Dsp1_pe66.oe66 (.text:ti_sysbios_xdcruntime_GateThreadSupport_Object__delete__S)
                  95022b60    00000040     sysbios.ae66 : BIOS.obj (.text:ti_sysbios_xdcruntime_GateThreadSupport_leave__E)
                  95022ba0    00000040     ti.trace.ae66 : SysMin.oe66 (.text:ti_trace_SysMin_exit__E)
                  95022be0    00000040     ipc.ae66 : Ipc.obj (.text:vring_size$25)
                  95022c20    00000040     ti.targets.rts6000.ae66 : Error.oe66 (.text:xdc_runtime_Error_check__E)
                  95022c60    00000040                             : Error.oe66 (.text:xdc_runtime_Error_init__E)
                  95022ca0    00000040     ipc.ae66 : Ipc.obj (.text:xdc_runtime_IGateProvider_leave$5)
                  95022ce0    00000040     Dsp1_pe66.oe66 (.text:xdc_runtime_IHeap_alloc)
                  95022d20    00000040     Dsp1_pe66.oe66 (.text:xdc_runtime_IHeap_free)
                  95022d60    00000040     Dsp1_pe66.oe66 (.text:xdc_runtime_LoggerSys_Handle__label__S)
                  95022da0    00000040     Dsp1_pe66.oe66 (.text:xdc_runtime_LoggerSys_Object__delete__S)
                  95022de0    00000040     ti.targets.rts6000.ae66 : LoggerSys.oe66 (.text:xdc_runtime_LoggerSys_write2__E)
                  95022e20    00000040                             : LoggerSys.oe66 (.text:xdc_runtime_LoggerSys_write4__E)
                  95022e60    00000040                             : Registry.oe66 (.text:xdc_runtime_Registry_findById__E)
                  95022ea0    00000040     Dsp1_pe66.oe66 (.text:xdc_runtime_Startup_exec__I)
                  95022ee0    00000040     ti.targets.rts6000.ae66 : System.oe66 (.text:xdc_runtime_System_abort__E)
                  95022f20    00000040     Dsp1_pe66.oe66 (.text:xdc_runtime_System_aprintf__E)
                  95022f60    00000040     ti.targets.rts6000.ae66 : System.oe66 (.text:xdc_runtime_System_exit__E)
                  95022fa0    00000040     Dsp1_pe66.oe66 (.text:xdc_runtime_System_printf__E)
                  95022fe0    00000040     ti.targets.rts6000.ae66 : Text.oe66 (.text:xdc_runtime_Text_matchRope__E)
                  95023020    00000040     Dsp1_pe66.oe66 (.text:xdc_runtime_Text_visitRope__I)
                  95023060    00000040     Dsp1_pe66.oe66 (.text:xdc_runtime_knl_GateThread_Handle__label__S)
                  950230a0    00000040     ti.targets.rts6000.ae66 : GateThread.oe66 (.text:xdc_runtime_knl_GateThread_Instance_init__E)
                  950230e0    00000040     Dsp1_pe66.oe66 (.text:xdc_runtime_knl_GateThread_Object__delete__S)
                  95023120    00000040     ipc.ae66 : Ipc.obj (.text:xdc_runtime_knl_ISync_wait$5)
                  95023160    00000020     ti.pm_null.ae66 : IpcPower_null.oe66 (.text:IpcPower_canHibernate)
                  95023180    00000020                     : IpcPower_null.oe66 (.text:IpcPower_init)
                  950231a0    00000020                     : IpcPower_null.oe66 (.text:IpcPower_suspend)
                  950231c0    00000020     ipc.ae66 : Ipc.obj (.text:MessageQ_delete)
                  950231e0    00000020              : Ipc.obj (.text:MultiProc_getBaseIdOfCluster)
                  95023200    00000020              : Ipc.obj (.text:MultiProc_getNumProcsInCluster)
                  95023220    00000020              : Ipc.obj (.text:MultiProc_self)
                  95023240    00000020              : Ipc.obj (.text:VirtQueue_Params_init$27)
                  95023260    00000020     rts6600_elf.lib : errno.obj (.text:__c6xabi_errno_addr)
                  95023280    00000020                     : trunc.obj (.text:__c6xabi_trunc)
                  950232a0    00000020                     : _lock.obj (.text:_nop)
                  950232c0    00000020                     : sprintf.obj (.text:_outc)
                  950232e0    00000020                     : _lock.obj (.text:_register_lock)
                  95023300    00000020                     : _data_synch.obj (.text:_register_synch_api)
                  95023320    00000020                     : _lock.obj (.text:_register_unlock)
                  95023340    00000020     sysbios.ae66 : c62_TaskSupport_asm.obj (.text:_ti_sysbios_family_c62_TaskSupport_glue)
                  95023360    00000020     rts6600_elf.lib : exit.obj (.text:abort)
                  95023380    00000020                     : copy_decompress_none.obj (.text:decompress:none:__TI_decompress_none)
                  950233a0    00000020                     : copy_decompress_rle.obj (.text:decompress:rle24:__TI_decompress_rle24)
                  950233c0    00000020     mathlib.ae66 : cossp.oe66 (.text:optasm)
                  950233e0    00000020                  : sinsp.oe66 (.text:optasm)
                  95023400    00000020     ipc.ae66 : Ipc.obj (.text:ti_ipc_namesrv_NameServerRemoteRpmsg_Handle_upCast$12)
                  95023420    00000020              : Ipc.obj (.text:ti_ipc_namesrv_NameServerRemoteRpmsg_Instance_finalize__E)
                  95023440    00000020              : Ipc.obj (.text:ti_ipc_namesrv_NameServerRemoteRpmsg_Object_first$12)
                  95023460    00000020              : Ipc.obj (.text:ti_ipc_namesrv_NameServerRemoteRpmsg_Object_next$12)
                  95023480    00000020     Dsp1_pe66.oe66 (.text:ti_ipc_namesrv_NameServerRemoteRpmsg_delete)
                  950234a0    00000020     ipc.ae66 : Ipc.obj (.text:ti_ipc_namesrv_NameServerRemoteRpmsg_sharedMemReq__E)
                  950234c0    00000020              : Ipc.obj (.text:ti_ipc_remoteproc_Resource_Module_startup__E)
                  950234e0    00000020              : Ipc.obj (.text:ti_ipc_transports_TransportRpmsg_Handle_upCast$10)
                  95023500    00000020              : Ipc.obj (.text:ti_ipc_transports_TransportRpmsg_Params_init$11)
                  95023520    00000020              : Ipc.obj (.text:ti_ipc_transports_TransportRpmsg_control__E)
                  95023540    00000020              : Ipc.obj (.text:ti_ipc_transports_TransportRpmsg_getStatus__E)
                  95023560    00000020              : Ipc.obj (.text:ti_ipc_transports_TransportRpmsg_setErrFxn__E)
                  95023580    00000020              : Ipc.obj (.text:ti_sdo_ipc_MessageQ_Object_get$5)
                  950235a0    00000020              : Ipc.obj (.text:ti_sdo_ipc_MessageQ_Params_init$5)
                  950235c0    00000020     Dsp1_pe66.oe66 (.text:ti_sdo_ipc_MessageQ_delete)
                  950235e0    00000020     ipc.ae66 : Ipc.obj (.text:ti_sdo_utils_List_Instance_init__E)
                  95023600    00000020              : Ipc.obj (.text:ti_sdo_utils_List_Object_get$9)
                  95023620    00000020              : Ipc.obj (.text:ti_sdo_utils_List_struct$5)
                  95023640    00000020              : Ipc.obj (.text:ti_sdo_utils_List_struct$9)
                  95023660    00000020     Dsp1_pe66.oe66 (.text:ti_sdo_utils_MultiProc_getClusterId__E)
                  95023680    00000020     Dsp1_pe66.oe66 (.text:ti_sdo_utils_NameServer_Module__startupDone__S)
                  950236a0    00000020     ipc.ae66 : Ipc.obj (.text:ti_sdo_utils_NameServer_Object_first$0)
                  950236c0    00000020              : Ipc.obj (.text:ti_sdo_utils_NameServer_Object_get$0)
                  950236e0    00000020              : Ipc.obj (.text:ti_sdo_utils_NameServer_Object_next$0)
                  95023700    00000020     Dsp1_pe66.oe66 (.text:ti_sysbios_BIOS_RtsGateProxy_enter__E)
                  95023720    00000020     Dsp1_pe66.oe66 (.text:ti_sysbios_BIOS_RtsGateProxy_leave__E)
                  95023740    00000020     sysbios.ae66 : BIOS.obj (.text:ti_sysbios_BIOS_exit__E)
                  95023760    00000020                  : BIOS.obj (.text:ti_sysbios_BIOS_getThreadType__E)
                  95023780    00000020                  : BIOS.obj (.text:ti_sysbios_BIOS_linkedWithIncorrectBootLibrary__E)
                  950237a0    00000020     Dsp1_pe66.oe66 (.text:ti_sysbios_BIOS_nullFunc__I)
                  950237c0    00000020     sysbios.ae66 : BIOS.obj (.text:ti_sysbios_BIOS_start__E)
                  950237e0    00000020     Dsp1_pe66.oe66 (.text:ti_sysbios_family_c62_TaskSupport_Module__startupDone__S)
                  95023800    00000020     sysbios.ae66 : BIOS.obj (.text:ti_sysbios_family_c62_TaskSupport_getStackAlignment__E)
                  95023820    00000020     Dsp1_pe66.oe66 (.text:ti_sysbios_family_c64p_Hwi_Module__startupDone__S)
                  95023840    00000020     ipc.ae66 : Ipc.obj (.text:ti_sysbios_family_c64p_Hwi_Params_init$17)
                  95023860    00000020     sysbios.ae66 : BIOS.obj (.text:ti_sysbios_family_c64p_Hwi_postInit__I)
                  95023880    00000020                  : BIOS.obj (.text:ti_sysbios_family_c64p_Hwi_startup__E)
                  950238a0    00000020                  : BIOS.obj (.text:ti_sysbios_family_c64p_Hwi_switchFromBootStack__E)
                  950238c0    00000020                  : BIOS.obj (.text:ti_sysbios_family_c64p_Hwi_unPluggedInterrupt__I)
                  950238e0    00000020                  : BIOS.obj (.text:ti_sysbios_family_c64p_TimestampProvider_Module_startup__E)
                  95023900    00000020                  : BIOS.obj (.text:ti_sysbios_family_c64p_TimestampProvider_get32__E)
                  95023920    00000020                  : BIOS.obj (.text:ti_sysbios_family_c64p_TimestampProvider_getFreq__E)
                  95023940    00000020                  : BIOS.obj (.text:ti_sysbios_family_c66_Cache_invL1pAll__E)
                  95023960    00000020                  : BIOS.obj (.text:ti_sysbios_family_c66_Cache_wait__E)
                  95023980    00000020                  : BIOS.obj (.text:ti_sysbios_family_c66_Cache_wbAll__E)
                  950239a0    00000020                  : BIOS.obj (.text:ti_sysbios_family_c66_Cache_wbInvAll__E)
                  950239c0    00000020     Dsp1_pe66.oe66 (.text:ti_sysbios_family_shared_vayu_IntXbar_Module__startupDone__S)
                  950239e0    00000020     Dsp1_pe66.oe66 (.text:ti_sysbios_family_shared_vayu_TimerSupport_Module__startupDone__S)
                  95023a00    00000020     sysbios.ae66 : BIOS.obj (.text:ti_sysbios_family_shared_vayu_TimerSupport_Module_startup__E)
                  95023a20    00000020                  : BIOS.obj (.text:ti_sysbios_family_shared_vayu_TimerSupport_enable__E)
                  95023a40    00000020                  : BIOS.obj (.text:ti_sysbios_gates_GateHwi_Instance_init__E)
                  95023a60    00000020     ipc.ae66 : Ipc.obj (.text:ti_sysbios_gates_GateHwi_Params_init$27)
                  95023a80    00000020     Dsp1_pe66.oe66 (.text:ti_sysbios_gates_GateHwi_delete)
                  95023aa0    00000020     sysbios.ae66 : BIOS.obj (.text:ti_sysbios_gates_GateHwi_leave__E)
                  95023ac0    00000020                  : BIOS.obj (.text:ti_sysbios_gates_GateHwi_query__E)
                  95023ae0    00000020                  : BIOS.obj (.text:ti_sysbios_gates_GateMutexPri_query__E)
                  95023b00    00000020                  : BIOS.obj (.text:ti_sysbios_gates_GateMutexPri_struct$35)
                  95023b20    00000020                  : BIOS.obj (.text:ti_sysbios_gates_GateMutex_query__E)
                  95023b40    00000020                  : BIOS.obj (.text:ti_sysbios_gates_GateSwi_Instance_init__E)
                  95023b60    00000020                  : BIOS.obj (.text:ti_sysbios_gates_GateSwi_leave__E)
                  95023b80    00000020     Dsp1_pe66.oe66 (.text:ti_sysbios_hal_Cache_CacheProxy_wbAll__E)
                  95023ba0    00000020     sysbios.ae66 : BIOS.obj (.text:ti_sysbios_hal_Cache_wbAll__E)
                  95023bc0    00000020     Dsp1_pe66.oe66 (.text:ti_sysbios_hal_Hwi_HwiProxy_Module__startupDone__S)
                  95023be0    00000020     Dsp1_pe66.oe66 (.text:ti_sysbios_hal_Hwi_HwiProxy_clearInterrupt__E)
                  95023c00    00000020     Dsp1_pe66.oe66 (.text:ti_sysbios_hal_Hwi_HwiProxy_disableInterrupt__E)
                  95023c20    00000020     Dsp1_pe66.oe66 (.text:ti_sysbios_hal_Hwi_HwiProxy_enableInterrupt__E)
                  95023c40    00000020     Dsp1_pe66.oe66 (.text:ti_sysbios_hal_Hwi_HwiProxy_startup__E)
                  95023c60    00000020     Dsp1_pe66.oe66 (.text:ti_sysbios_hal_Hwi_HwiProxy_switchFromBootStack__E)
                  95023c80    00000020     sysbios.ae66 : BIOS.obj (.text:ti_sysbios_hal_Hwi_Module_startup__E)
                  95023ca0    00000020                  : BIOS.obj (.text:ti_sysbios_hal_Hwi_clearInterrupt__E)
                  95023cc0    00000020                  : BIOS.obj (.text:ti_sysbios_hal_Hwi_disableInterrupt__E)
                  95023ce0    00000020                  : BIOS.obj (.text:ti_sysbios_hal_Hwi_enableInterrupt__E)
                  95023d00    00000020                  : BIOS.obj (.text:ti_sysbios_hal_Hwi_startup__E)
                  95023d20    00000020                  : BIOS.obj (.text:ti_sysbios_hal_Hwi_switchFromBootStack__E)
                  95023d40    00000020     Dsp1_pe66.oe66 (.text:ti_sysbios_hal_TimerNull_Module__startupDone__S)
                  95023d60    00000020     sysbios.ae66 : BIOS.obj (.text:ti_sysbios_heaps_HeapBuf_Object_get$18)
                  95023d80    00000020                  : BIOS.obj (.text:ti_sysbios_heaps_HeapBuf_isBlocking__E)
                  95023da0    00000020     Dsp1_pe66.oe66 (.text:ti_sysbios_heaps_HeapMem_Module_GateProxy_enter__E)
                  95023dc0    00000020     Dsp1_pe66.oe66 (.text:ti_sysbios_heaps_HeapMem_Module_GateProxy_leave__E)
                  95023de0    00000020     Dsp1_pe66.oe66 (.text:ti_sysbios_heaps_HeapMem_Module_GateProxy_query__E)
                  95023e00    00000020     sysbios.ae66 : BIOS.obj (.text:ti_sysbios_heaps_HeapMem_Object_get$19)
                  95023e20    00000020                  : BIOS.obj (.text:ti_sysbios_heaps_HeapMem_isBlocking__E)
                  95023e40    00000020                  : BIOS.obj (.text:ti_sysbios_knl_Clock_Module_startup__E)
                  95023e60    00000020     Dsp1_pe66.oe66 (.text:ti_sysbios_knl_Clock_TimerProxy_Module__startupDone__S)
                  95023e80    00000020     sysbios.ae66 : BIOS.obj (.text:ti_sysbios_knl_Clock_getTicks__E)
                  95023ea0    00000020                  : BIOS.obj (.text:ti_sysbios_knl_Clock_handle$10)
                  95023ec0    00000020                  : BIOS.obj (.text:ti_sysbios_knl_Clock_removeI__E)
                  95023ee0    00000020                  : BIOS.obj (.text:ti_sysbios_knl_Clock_stop__E)
                  95023f00    00000020                  : BIOS.obj (.text:ti_sysbios_knl_Idle_loop__E)
                  95023f20    00000020                  : BIOS.obj (.text:ti_sysbios_knl_Queue_Instance_init__E)
                  95023f40    00000020                  : BIOS.obj (.text:ti_sysbios_knl_Queue_Object_get$11)
                  95023f60    00000020                  : BIOS.obj (.text:ti_sysbios_knl_Queue_Object_get$12)
                  95023f80    00000020                  : BIOS.obj (.text:ti_sysbios_knl_Queue_elemClear__E)
                  95023fa0    00000020                  : BIOS.obj (.text:ti_sysbios_knl_Queue_head__E)
                  95023fc0    00000020                  : BIOS.obj (.text:ti_sysbios_knl_Queue_insert__E)
                  95023fe0    00000020                  : BIOS.obj (.text:ti_sysbios_knl_Queue_next__E)
                  95024000    00000020                  : BIOS.obj (.text:ti_sysbios_knl_Queue_struct$10)
                  95024020    00000020                  : BIOS.obj (.text:ti_sysbios_knl_Queue_struct$16)
                  95024040    00000020                  : BIOS.obj (.text:ti_sysbios_knl_Queue_struct$18)
                  95024060    00000020                  : BIOS.obj (.text:ti_sysbios_knl_Semaphore_Params_init$20)
                  95024080    00000020     ipc.ae66 : Ipc.obj (.text:ti_sysbios_knl_Semaphore_Params_init$27)
                  950240a0    00000020     Dsp1_pe66.oe66 (.text:ti_sysbios_knl_Semaphore_delete)
                  950240c0    00000020     sysbios.ae66 : BIOS.obj (.text:ti_sysbios_knl_Semaphore_getCount__E)
                  950240e0    00000020                  : BIOS.obj (.text:ti_sysbios_knl_Semaphore_struct$17)
                  95024100    00000020                  : BIOS.obj (.text:ti_sysbios_knl_Swi_Object_get$11)
                  95024120    00000020     Dsp1_pe66.oe66 (.text:ti_sysbios_knl_Swi_delete)
                  95024140    00000020     sysbios.ae66 : BIOS.obj (.text:ti_sysbios_knl_Swi_enabled__E)
                  95024160    00000020                  : BIOS.obj (.text:ti_sysbios_knl_Swi_postInit__I)
                  95024180    00000020                  : BIOS.obj (.text:ti_sysbios_knl_Swi_startup__E)
                  950241a0    00000020                  : BIOS.obj (.text:ti_sysbios_knl_Task_Object_get$12)
                  950241c0    00000020     Dsp1_pe66.oe66 (.text:ti_sysbios_knl_Task_SupportProxy_Module__startupDone__S)
                  950241e0    00000020     Dsp1_pe66.oe66 (.text:ti_sysbios_knl_Task_SupportProxy_checkStack__E)
                  95024200    00000020     Dsp1_pe66.oe66 (.text:ti_sysbios_knl_Task_SupportProxy_getStackAlignment__E)
                  95024220    00000020     Dsp1_pe66.oe66 (.text:ti_sysbios_knl_Task_SupportProxy_start__E)
                  95024240    00000020     Dsp1_pe66.oe66 (.text:ti_sysbios_knl_Task_SupportProxy_swap__E)
                  95024260    00000020     sysbios.ae66 : BIOS.obj (.text:ti_sysbios_knl_Task_getPri__E)
                  95024280    00000020                  : BIOS.obj (.text:ti_sysbios_knl_Task_handle$12)
                  950242a0    00000020                  : BIOS.obj (.text:ti_sysbios_knl_Task_self__E)
                  950242c0    00000020                  : BIOS.obj (.text:ti_sysbios_knl_Task_startup__E)
                  950242e0    00000020     ipc.ae66 : Ipc.obj (.text:ti_sysbios_syncs_SyncSem_Handle_upCast$5)
                  95024300    00000020     Dsp1_pe66.oe66 (.text:ti_sysbios_syncs_SyncSem_delete)
                  95024320    00000020     sysbios.ae66 : BIOS.obj (.text:ti_sysbios_syncs_SyncSem_signal__E)
                  95024340    00000020     Dsp1_pe66.oe66 (.text:ti_sysbios_timers_dmtimer_Timer_TimerSupportProxy_Module__startupDone__S)
                  95024360    00000020     Dsp1_pe66.oe66 (.text:ti_sysbios_timers_dmtimer_Timer_TimerSupportProxy_enable__E)
                  95024380    00000020     sysbios.ae66 : BIOS.obj (.text:ti_sysbios_xdcruntime_GateThreadSupport_enter__E)
                  950243a0    00000020                  : BIOS.obj (.text:ti_sysbios_xdcruntime_GateThreadSupport_query__E)
                  950243c0    00000020     ti.trace.ae66 : SysMin.oe66 (.text:ti_trace_SysMin_flush__E)
                  950243e0    00000020                   : SysMin.oe66 (.text:ti_trace_SysMin_ready__E)
                  95024400    00000020     Dsp1_pe66.oe66 (.text:xdc_iargToPtr)
                  95024420    00000020     ti.targets.rts6000.ae66 : Error.oe66 (.text:xdc_runtime_Error_getSite__E)
                  95024440    00000020                             : Error.oe66 (.text:xdc_runtime_Error_raiseX__E)
                  95024460    00000020                             : Gate.oe66 (.text:xdc_runtime_Gate_enterSystem__E)
                  95024480    00000020                             : Gate.oe66 (.text:xdc_runtime_Gate_leaveSystem__E)
                  950244a0    00000020     ipc.ae66 : Ipc.obj (.text:xdc_runtime_IGateProvider_enter$5)
                  950244c0    00000020     ti.targets.rts6000.ae66 : LoggerSys.oe66 (.text:xdc_runtime_LoggerSys_Instance_init__E)
                  950244e0    00000020     Dsp1_pe66.oe66 (.text:xdc_runtime_LoggerSys_TimestampProxy_get64__E)
                  95024500    00000020     ti.targets.rts6000.ae66 : LoggerSys.oe66 (.text:xdc_runtime_LoggerSys_disable__E)
                  95024520    00000020                             : LoggerSys.oe66 (.text:xdc_runtime_LoggerSys_enable__E)
                  95024540    00000020     Dsp1_pe66.oe66 (.text:xdc_runtime_Memory_HeapProxy_alloc__E)
                  95024560    00000020     Dsp1_pe66.oe66 (.text:xdc_runtime_Memory_HeapProxy_free__E)
                  95024580    00000020     ti.targets.rts6000.ae66 : Memory.oe66 (.text:xdc_runtime_Memory_calloc__E)
                  950245a0    00000020                             : Memory.oe66 (.text:xdc_runtime_Memory_free__E)
                  950245c0    00000020                             : Memory.oe66 (.text:xdc_runtime_Memory_getMaxDefaultTypeAlign__E)
                  950245e0    00000020                             : Registry.oe66 (.text:xdc_runtime_Registry_findByName__E)
                  95024600    00000020     Dsp1_pe66.oe66 (.text:xdc_runtime_Startup_Module__startupDone__S)
                  95024620    00000020     Dsp1_pe66.oe66 (.text:xdc_runtime_Startup_reset__I)
                  95024640    00000020     ti.targets.rts6000.ae66 : Startup.oe66 (.text:xdc_runtime_Startup_rtsDone__E)
                  95024660    00000020     Dsp1_pe66.oe66 (.text:xdc_runtime_System_Module_GateProxy_enter__E)
                  95024680    00000020     Dsp1_pe66.oe66 (.text:xdc_runtime_System_Module_GateProxy_leave__E)
                  950246a0    00000020     ti.targets.rts6000.ae66 : System.oe66 (.text:xdc_runtime_System_Module_startup__E)
                  950246c0    00000020     Dsp1_pe66.oe66 (.text:xdc_runtime_System_SupportProxy_abort__E)
                  950246e0    00000020     Dsp1_pe66.oe66 (.text:xdc_runtime_System_SupportProxy_exit__E)
                  95024700    00000020     Dsp1_pe66.oe66 (.text:xdc_runtime_System_SupportProxy_putch__E)
                  95024720    00000020     Dsp1_pe66.oe66 (.text:xdc_runtime_System_SupportProxy_ready__E)
                  95024740    00000020     ti.targets.rts6000.ae66 : System.oe66 (.text:xdc_runtime_System_vsnprintf__E)
                  95024760    00000020                             : Text.oe66 (.text:xdc_runtime_Text_ropeText__E)
                  95024780    00000020     Dsp1_pe66.oe66 (.text:xdc_runtime_Timestamp_SupportProxy_get32__E)
                  950247a0    00000020     Dsp1_pe66.oe66 (.text:xdc_runtime_Timestamp_SupportProxy_getFreq__E)
                  950247c0    00000020     ipc.ae66 : Ipc.obj (.text:xdc_runtime_knl_GateThread_Handle_upCast$5)
                  950247e0    00000020     ti.targets.rts6000.ae66 : GateThread.oe66 (.text:xdc_runtime_knl_GateThread_Instance_finalize__E)
                  95024800    00000020     Dsp1_pe66.oe66 (.text:xdc_runtime_knl_GateThread_Module__startupDone__S)
                  95024820    00000020     Dsp1_pe66.oe66 (.text:xdc_runtime_knl_GateThread_Proxy_create)
                  95024840    00000020     Dsp1_pe66.oe66 (.text:xdc_runtime_knl_GateThread_Proxy_delete)
                  95024860    00000020     Dsp1_pe66.oe66 (.text:xdc_runtime_knl_GateThread_Proxy_enter__E)
                  95024880    00000020     Dsp1_pe66.oe66 (.text:xdc_runtime_knl_GateThread_Proxy_leave__E)
                  950248a0    00000020     Dsp1_pe66.oe66 (.text:xdc_runtime_knl_GateThread_Proxy_query__E)
                  950248c0    00000020     ti.targets.rts6000.ae66 : GateThread.oe66 (.text:xdc_runtime_knl_GateThread_enter__E)
                  950248e0    00000020                             : GateThread.oe66 (.text:xdc_runtime_knl_GateThread_leave__E)
                  95024900    00000020     ipc.ae66 : Ipc.obj (.text:xdc_runtime_knl_ISync_signal$5)
                  95024920    00000020     sysbios.ae66 : BIOS.obj (.text:xdc_uargToPtr$10)
                  95024940    00000020                  : BIOS.obj (.text:xdc_uargToPtr$12)
                  95024960    00000020                  : BIOS.obj (.text:xdc_uargToPtr$18)
                  95024980    00000020                  : BIOS.obj (.text:xdc_uargToPtr$19)

.far       0    95400000    00068e42     UNINITIALIZED
                  95400000    00040000     (.common:ti_sysbios_heaps_HeapBuf_Instance_State_1_buf__A)
                  95440000    00020000     (.common:ti_sysbios_heaps_HeapBuf_Instance_State_0_buf__A)
                  95460000    00008000     (.common:ti_sysbios_heaps_HeapMem_Instance_State_0_buf__A)
                  95468000    00000800     Dsp1_pe66.oe66 (.far:taskStackSection)
                  95468800    00000408     ipc.ae66 : Ipc.obj (.far:module$27)
                  95468c08    000001e4              : Ipc.obj (.far:NameServer_msg$12)
                  95468dec    00000010              : Ipc.obj (.far:transport$27)
                  95468dfc    0000000c     (.common:Test__Desc)
                  95468e08    0000000c     (.common:intInfo)
                  95468e14    0000000c     (.common:ti_ipc_family_vayu__Desc)
                  95468e20    0000000c     (.common:ti_ipc_rpmsg_RPMessage__Desc)
                  95468e2c    0000000c     ti.trace.ae66 : SysMin.oe66 (.far)
                  95468e38    00000008     Server.oe66 (.far:Module)
                  95468e40    00000002     ipc.ae66 : Ipc.obj (.far)

.const     0    95468e48    000061b0     
                  95468e48    00003299     Dsp1_pe66.oe66 (.const:xdc_runtime_Text_charTab__A)
                  9546c0e1    00000001     --HOLE-- [fill = 0]
                  9546c0e2    00000002     Dsp1_pe66.oe66 (.const:ti_ipc_namesrv_NameServerRemoteRpmsg_Module__id__C)
                  9546c0e4    00000d64     ipc.ae66 : Ipc.obj (.const:.string)
                  9546ce48    00000574     sysbios.ae66 : BIOS.obj (.const:.string)
                  9546d3bc    00000004     ti.targets.rts6000.ae66 : Assert.oe66 (.const:.string)
                  9546d3c0    00000400     Dsp1_pe66.oe66 (.const:ti_sysbios_family_c66_Cache_marvalues__C)
                  9546d7c0    000001e4     Dsp1_pe66.oe66 (.const:ti_sdo_ipc_family_vayu_InterruptDsp_mailboxTable__C)
                  9546d9a4    00000004     ti.targets.rts6000.ae66 : Diags.oe66 (.const:.string)
                  9546d9a8    000001e4     Dsp1_pe66.oe66 (.const:ti_sdo_ipc_family_vayu_NotifySetup_mailboxTable__C)
                  9546db8c    00000004     Dsp1_pe66.oe66 (.const:ti_ipc_namesrv_NameServerRemoteRpmsg_Module__diagsEnabled__C)
                  9546db90    000001bc     Dsp1_pe66.oe66 (.const:xdc_runtime_Text_nodeTab__A)
                  9546dd4c    0000017c     Server.oe66 (.const:.string)
                  9546dec8    00000101     rts6600_elf.lib : ctype.obj (.const:.string:_ctypes_)
                  9546dfc9    00000001     --HOLE-- [fill = 0]
                  9546dfca    00000002     Dsp1_pe66.oe66 (.const:ti_ipc_namesrv_NameServerRemoteRpmsg_Module__loggerDefined__C)
                  9546dfcc    000000f4     Dsp1_pe66.oe66 (.const:.string)
                  9546e0c0    00000074     MainDsp1.oe66 (.const:.string)
                  9546e134    00000058     ti.targets.rts6000.ae66 : Error.oe66 (.const:.string)
                  9546e18c    00000004     Dsp1_pe66.oe66 (.const:ti_ipc_namesrv_NameServerRemoteRpmsg_Module__diagsIncluded__C)
                  9546e190    00000050     Dsp1_pe66.oe66 (.const:xdc_runtime_Startup_sfxnTab__A)
                  9546e1e0    00000044     ti.targets.rts6000.ae66 : Log.oe66 (.const:.string)
                  9546e224    00000040                             : Text.oe66 (.const:.string)
                  9546e264    00000004     Dsp1_pe66.oe66 (.const:ti_ipc_namesrv_NameServerRemoteRpmsg_Module__diagsMask__C)
                  9546e268    00000040     Dsp1_pe66.oe66 (.const:ti_sdo_ipc_family_vayu_InterruptDsp_mailboxBaseAddr__C)
                  9546e2a8    00000040     Dsp1_pe66.oe66 (.const:ti_sdo_ipc_family_vayu_NotifySetup_mailboxBaseAddr__C)
                  9546e2e8    0000003c     Dsp1_pe66.oe66 (.const:ti_sysbios_knl_Task_Object__PARAMS__C)
                  9546e324    00000034     Dsp1_pe66.oe66 (.const:xdc_runtime_LoggerSys_Module__FXNS__C)
[...]
9546ee74  ti_sysbios_knl_Task_Object__count__C                                    
9546ee78  ti_sysbios_knl_Task_Object__table__C                                    
9546ee7c  ti_sysbios_knl_Task_allBlockedFunc__C                                   
9546ee80  ti_sysbios_knl_Task_defaultStackHeap__C                                 
9546ee84  ti_sysbios_knl_Task_defaultStackSize__C                                 
9546ee88  ti_sysbios_knl_Task_numConstructedTasks__C                              
9546ee8c  ti_sysbios_syncs_SyncSem_Module__diagsEnabled__C                        
9546ee90  ti_sysbios_syncs_SyncSem_Module__diagsIncluded__C                       
9546ee94  ti_sysbios_syncs_SyncSem_Module__diagsMask__C                           
9546ee98  ti_sysbios_timers_dmtimer_Timer_E_cannotSupport__C                      
9546ee9c  ti_sysbios_timers_dmtimer_Timer_E_freqMismatch__C                       
9546eea0  ti_sysbios_timers_dmtimer_Timer_Module__diagsEnabled__C                 
9546eea4  ti_sysbios_timers_dmtimer_Timer_Module__diagsIncluded__C                
9546eea8  ti_sysbios_timers_dmtimer_Timer_Module__diagsMask__C                    
9546eeac  ti_sysbios_timers_dmtimer_Timer_numTimerDevices__C                      
9546eeb0  ti_sysbios_xdcruntime_GateThreadSupport_Instance_State_gate__O          
9546eeb4  ti_trace_SysMin_bufSize__C                                              
9546eeb8  xdc_runtime_Assert_E_assertFailed__C                                    
9546eebc  xdc_runtime_Core_A_initializedParams__C                                 
9546eec0  xdc_runtime_Core_Module__diagsEnabled__C                                
9546eec4  xdc_runtime_Core_Module__diagsIncluded__C                               
9546eec8  xdc_runtime_Core_Module__diagsMask__C                                   
9546eecc  xdc_runtime_Diags_dictBase__C                                           
9546eed0  xdc_runtime_Error_E_generic__C                                          
9546eed4  xdc_runtime_Error_E_memory__C                                           
9546eed8  xdc_runtime_Error_Module__diagsEnabled__C                               
9546eedc  xdc_runtime_Error_Module__diagsIncluded__C                              
9546eee0  xdc_runtime_Error_Module__diagsMask__C                                  
9546eee4  xdc_runtime_Error_Module__loggerFxn8__C                                 
9546eee8  xdc_runtime_Error_Module__loggerObj__C                                  
9546eeec  xdc_runtime_Error_policyFxn__C                                          
9546eef0  xdc_runtime_Error_policy__C                                             
9546eef4  xdc_runtime_Error_raiseHook__C                                          
9546eef8  xdc_runtime_IGateProvider_Interface__BASE__C                            
9546eefc  xdc_runtime_IHeap_Interface__BASE__C                                    
9546ef00  xdc_runtime_ILogger_Interface__BASE__C                                  
9546ef04  xdc_runtime_IModule_Interface__BASE__C                                  
9546ef08  xdc_runtime_Log_L_error__C                                              
9546ef0c  xdc_runtime_Main_Module__diagsEnabled__C                                
9546ef10  xdc_runtime_Main_Module__diagsIncluded__C                               
9546ef14  xdc_runtime_Main_Module__diagsMask__C                                   
9546ef18  xdc_runtime_Main_Module__loggerFxn1__C                                  
9546ef1c  xdc_runtime_Main_Module__loggerFxn2__C                                  
9546ef20  xdc_runtime_Main_Module__loggerObj__C                                   
9546ef24  xdc_runtime_Memory_defaultHeapInstance__C                               
9546ef28  xdc_runtime_Registry_Module__diagsEnabled__C                            
9546ef2c  xdc_runtime_Registry_Module__diagsIncluded__C                           
9546ef30  xdc_runtime_Registry_Module__diagsMask__C                               
9546ef34  xdc_runtime_Registry_Module__loggerFxn1__C                              
9546ef38  xdc_runtime_Registry_Module__loggerFxn2__C                              
9546ef3c  xdc_runtime_Registry_Module__loggerFxn4__C                              
9546ef40  xdc_runtime_Registry_Module__loggerFxn8__C                              
9546ef44  xdc_runtime_Registry_Module__loggerObj__C                               
9546ef48  xdc_runtime_Startup_execImpl__C                                         
9546ef4c  xdc_runtime_Startup_maxPasses__C                                        
9546ef50  xdc_runtime_Startup_sfxnRts__C                                          
9546ef54  xdc_runtime_Startup_sfxnTab__C                                          
9546ef58  xdc_runtime_Startup_startModsFxn__C                                     
9546ef5c  xdc_runtime_System_Module__gateObj__C                                   
9546ef60  xdc_runtime_System_abortFxn__C                                          
9546ef64  xdc_runtime_System_exitFxn__C                                           
9546ef68  xdc_runtime_System_extendFxn__C                                         
9546ef6c  xdc_runtime_System_maxAtexitHandlers__C                                 
9546ef70  xdc_runtime_Text_charTab__C                                             
9546ef74  xdc_runtime_Text_nameEmpty__C                                           
9546ef78  xdc_runtime_Text_nameStatic__C                                          
9546ef7c  xdc_runtime_Text_nameUnknown__C                                         
9546ef80  xdc_runtime_Text_nodeTab__C                                             
9546ef84  xdc_runtime_Text_visitRopeFxn__C                                        
9546ef88  xdc_runtime_knl_ISync_Interface__BASE__C                                
9546ef8c  ti_ipc_transports_TransportRpmsgSetup_Module__loggerDefined__C          
9546ef8e  ti_ipc_transports_TransportRpmsg_Module__id__C                          
9546ef90  ti_ipc_transports_TransportRpmsg_Module__loggerDefined__C               
9546ef92  ti_sdo_ipc_MessageQ_Module__id__C                                       
9546ef94  ti_sdo_ipc_MessageQ_Module__loggerDefined__C                            
9546ef96  ti_sdo_ipc_Notify_Module__id__C                                         
9546ef98  ti_sdo_ipc_Notify_numLines__C                                           
9546ef9a  ti_sdo_ipc_SharedRegion_Module__id__C                                   
9546ef9c  ti_sdo_ipc_SharedRegion_numEntries__C                                   
9546ef9e  ti_sdo_ipc_family_vayu_InterruptDsp_Module__id__C                       
9546efa0  ti_sdo_utils_MultiProc_Module__id__C                                    
9546efa2  ti_sdo_utils_MultiProc_numProcessors__C                                 
9546efa4  ti_sdo_utils_MultiProc_numProcsInCluster__C                             
9546efa6  ti_sdo_utils_NameServer_Module__id__C                                   
9546efa8  ti_sysbios_family_c64p_EventCombiner_Module__id__C                      
9546efaa  ti_sysbios_family_c64p_Exception_Module__id__C                          
9546efac  ti_sysbios_family_c64p_Exception_useInternalBuffer__C                   
9546efae  ti_sysbios_family_c64p_Hwi_Module__id__C                                
9546efb0  ti_sysbios_family_c64p_Hwi_Module__loggerDefined__C                     
9546efb2  ti_sysbios_family_c66_Cache_Module__id__C                               
9546efb4  ti_sysbios_family_c66_Cache_registerRTSSynch__C                         
9546efb6  ti_sysbios_family_shared_vayu_IntXbar_Module__id__C                     
9546efb8  ti_sysbios_gates_GateMutexPri_Module__id__C                             
9546efba  ti_sysbios_gates_GateMutex_Module__id__C                                
9546efbc  ti_sysbios_gates_GateSwi_Module__id__C                                  
9546efbe  ti_sysbios_hal_Hwi_Module__id__C                                        
9546efc0  ti_sysbios_heaps_HeapBuf_Module__id__C                                  
9546efc2  ti_sysbios_heaps_HeapBuf_trackMaxAllocs__C                              
9546efc4  ti_sysbios_heaps_HeapMem_Module__id__C                                  
9546efc6  ti_sysbios_knl_Clock_Module__id__C                                      
9546efc8  ti_sysbios_knl_Clock_Module__loggerDefined__C                           
9546efca  ti_sysbios_knl_Semaphore_Module__id__C                                  
9546efcc  ti_sysbios_knl_Semaphore_Module__loggerDefined__C                       
9546efce  ti_sysbios_knl_Swi_Module__id__C                                        
9546efd0  ti_sysbios_knl_Swi_Module__loggerDefined__C                             
9546efd2  ti_sysbios_knl_Task_Module__id__C                                       
9546efd4  ti_sysbios_knl_Task_Module__loggerDefined__C                            
9546efd6  ti_sysbios_syncs_SyncSem_Module__id__C                                  
9546efd8  ti_sysbios_timers_dmtimer_Timer_Module__id__C                           
9546efda  ti_sysbios_timers_dmtimer_Timer_checkFrequency__C                       
9546efdc  ti_sysbios_timers_dmtimer_Timer_startupNeeded__C                        
9546efde  ti_trace_SysMin_flushAtExit__C                                          
9546efe0  xdc_runtime_Core_Module__id__C                                          
9546efe2  xdc_runtime_Diags_setMaskEnabled__C                                     
9546efe4  xdc_runtime_Error_Module__loggerDefined__C                              
9546efe6  xdc_runtime_Error_maxDepth__C                                           
9546efe8  xdc_runtime_Main_Module__id__C                                          
9546efea  xdc_runtime_Main_Module__loggerDefined__C                               
9546efec  xdc_runtime_Memory_Module__id__C                                        
9546efee  xdc_runtime_Registry_Module__loggerDefined__C                           
9546eff0  xdc_runtime_Text_charCnt__C                                             
9546eff2  xdc_runtime_Text_isLoaded__C                                            
9546eff4  xdc_runtime_Text_registryModsLastId__C                                  
9546eff6  xdc_runtime_Text_unnamedModsLastId__C                                   
9546eff8  ti_sysbios_family_c64p_EventCombiner_Module__state__V                   
9546f3f8  ti_trace_SysMin_Module_State_0_lineBuffers__A                           
9546f4fc  _lock                                                                   
9546f500  ti_sdo_utils_NameServer_Object__table__V                                
9546f5f0  ti_sysbios_timers_dmtimer_Timer_Module_State_0_device__A                
9546f6b0  ti_sdo_ipc_SharedRegion_Module_State_0_regions__A                       
9546f740  ti_sysbios_family_shared_vayu_IntXbar_Module_State_0_intXbar__A         
9546f7c0  ti_sysbios_knl_Swi_Module_State_0_readyQ__A                             
9546f840  ti_sysbios_knl_Task_Module_State_0_readyQ__A                            
9546f8c0  ti_sysbios_timers_dmtimer_Timer_Module_State_0_intFreqs__A              
9546f940  ti_sysbios_family_c64p_Hwi_Module__state__V                             
9546f9ac  ti_sdo_ipc_MessageQ_Module__state__V                                    
9546fa14  _unlock                                                                 
9546fa18  ti_sysbios_gates_GateMutex_Object__table__V                             
9546fa78  ti_sysbios_timers_dmtimer_Timer_Object__table__V                        
9546fad8  ti_sdo_ipc_family_vayu_InterruptDsp_Module__state__V                    
9546fb30  ti_sdo_ipc_family_vayu_NotifySetup_Module__state__V                     
9546fb80  ti_sysbios_heaps_HeapBuf_Object__table__V                               
9546fbd0  ti_sysbios_knl_Task_Object__table__V                                    
9546fc20  ti_sysbios_knl_Task_Module__state__V                                    
9546fc64  __errno                                                                 
9546fc64  errno                                                                   
9546fca8  brev                                                                    
9546fce8  ti_sysbios_timers_dmtimer_Timer_Module_State_0_handles__A               
9546fd28  ti_sysbios_family_c64p_Exception_Module__state__V                       
9546fd58  ti_sysbios_knl_Swi_Object__table__V                                     
9546fd88  ti_sysbios_knl_Clock_Module__state__V                                   
9546fdb4  ti_ipc_remoteproc_Resource_Module__state__V                             
9546fdb8  ti_sdo_ipc_MessageQ_Module_State_0_transports__A                        
9546fde0  ti_sysbios_BIOS_Module__state__V                                        
9546fe04  ti_ipc_transports_TransportRpmsgSetup_Module__state__V                  
9546fe08  ti_sdo_ipc_MessageQ_Module_State_0_heaps__A                             
9546fe28  xdc_runtime_Error_IgnoreBlock                                           
9546fe48  xdc_runtime_System_Module_State_0_atexitHandlers__A                     
9546fe68  ti_sysbios_knl_Swi_Module__state__V                                     
9546fe84  ti_sdo_ipc_SharedRegion_Module__state__V                                
9546fe88  ti_sysbios_family_c64p_Hwi_Object__table__V                             
9546fea0  ti_sysbios_heaps_HeapMem_Object__table__V                               
9546feb8  ti_sysbios_knl_Semaphore_Object__table__V                               
9546fed0  ti_trace_SysMin_Module__state__V                                        
9546fee8  xdc_runtime_Diags_dictElems                                             
9546ff00  ti_ipc_transports_TransportRpmsgSetup_Module_State_0_handles__A         
9546ff14  ti_sysbios_family_shared_vayu_IntXbar_Module__state__V                  
9546ff18  ti_sdo_ipc_Notify_Module_State_0_notifyHandles__A                       
9546ff2c  ti_sysbios_heaps_HeapBuf_Module__state__V                               
9546ff30  ti_sdo_utils_NameServer_Module_State_0_nsRemoteHandle__A                
9546ff44  ti_sysbios_timers_dmtimer_Timer_Module__state__V                        
9546ff68  ti_ipc_namesrv_NameServerRemoteRpmsg_Module__state__V                   
9546ff78  __TI_cleanup_ptr                                                        
9546ff7c  __TI_dtors_ptr                                                          
9546ff80  __TI_enable_exit_profile_output                                         
9546ff84  ti_sdo_utils_NameServer_Module__state__V                                
9546ff90  ti_sysbios_gates_GateSwi_Object__table__V                               
9546ff9c  xdc_runtime_Memory_Module__state__V                                     
9546ffa0  ti_sdo_utils_MultiProc_Module_State_0_clusterProcList__A                
9546ffaa  xdc_runtime_Error_Module__state__V                                      
9546ffac  xdc_runtime_Main_Module__root__V                                        
9546ffae  xdc_runtime_Registry_Module__root__V                                    
9546ffb8  ti_ipc_namesrv_NameServerRemoteRpmsg_Module__root__V                    
9546ffc0  ti_ipc_transports_TransportRpmsg_Module__root__V                        
9546ffc8  ti_sdo_ipc_MessageQ_Module__root__V                                     
9546ffd0  ti_sdo_ipc_Notify_Module__root__V                                       
9546ffd8  ti_sdo_ipc_Notify_Module__state__V                                      
9546ffe0  ti_sdo_utils_List_Module__root__V                                       
9546ffe8  ti_sdo_utils_MultiProc_Module__state__V                                 
9546fff0  ti_sdo_utils_NameServer_Module__root__V                                 
9546fff8  ti_sysbios_family_c64p_Hwi_Module__root__V                              
95470000  ti_sysbios_gates_GateHwi_Module__root__V                                
95470008  ti_sysbios_gates_GateMutexPri_Module__root__V                           
95470010  ti_sysbios_gates_GateMutex_Module__root__V                              
95470018  ti_sysbios_gates_GateSwi_Module__root__V                                
95470020  ti_sysbios_hal_Hwi_Object__table__V                                     
95470028  ti_sysbios_heaps_HeapBuf_Module__root__V                                
95470030  ti_sysbios_heaps_HeapMem_Module__root__V                                
95470038  ti_sysbios_knl_Queue_Module__root__V                                    
95470040  ti_sysbios_knl_Semaphore_Module__root__V                                
95470048  ti_sysbios_knl_Swi_Module__root__V                                      
95470050  ti_sysbios_knl_Task_Module__root__V                                     
95470058  ti_sysbios_syncs_SyncSem_Module__root__V                                
95470060  ti_sysbios_xdcruntime_GateThreadSupport_Module__root__V                 
95470068  xdc_runtime_LoggerSys_Module__root__V                                   
95470070  xdc_runtime_LoggerSys_Object__table__V                                  
95470078  xdc_runtime_Registry_Module__state__V                                   
95470080  xdc_runtime_Startup_Module__state__V                                    
95470088  xdc_runtime_System_Module__state__V                                     
95470090  xdc_runtime_knl_GateThread_Module__root__V                              
954700a0  ti_sdo_ipc_Notify_Module_State_0_notifyHandles_0__A                     
954700a8  ti_sdo_ipc_Notify_Module_State_0_notifyHandles_1__A                     
954700b0  ti_sdo_ipc_Notify_Module_State_0_notifyHandles_2__A                     
954700b8  ti_sdo_ipc_Notify_Module_State_0_notifyHandles_3__A                     
954700c0  ti_sdo_ipc_Notify_Module_State_0_notifyHandles_4__A                     
954700c8  ti_sysbios_gates_GateHwi_Object__table__V                               
954700d0  ti_sysbios_knl_Task_Module_State_0_idleTask__A                          
954700d8  ti_sdo_ipc_family_vayu_NotifySetup_Module_State_0_numPlugged__A         
954700e0  _stack                                                                  
954710e0  __TI_STACK_END                                                          
95471170  __c_args__                                                              
954711d4  __TI_STATIC_BASE                                                        
954711d4  ti_ipc_rpmsg_RPMessage_messageBufferSize                                
954711d8  ti_ipc_rpmsg_RPMessage_heap                                             
95471d2c  __TI_Handler_Table_Base                                                 
95471d34  __TI_Handler_Table_Limit                                                
95471d38  __TI_CINIT_Base                                                         
95471d50  __TI_CINIT_Limit                                                        
9f000000  ti_trace_SysMin_Module_State_0_outbuf__A                                
9f007ff8  ti_trace_SysMin_Module_State_0_writeidx__A                              
9f008000  ti_trace_SysMin_Module_State_0_readidx__A                               
ffffffff  __TI_pprof_out_hndl                                                     
ffffffff  __TI_prof_data_size                                                     
ffffffff  __TI_prof_data_start                                                    
ffffffff  __binit__                                                               
ffffffff  binit                                                                   
UNDEFED   __TI_INITARRAY_Base                                                     
UNDEFED   __TI_INITARRAY_Limit                                                    
UNDEFED   __TI_TLS_INIT_Base                                                      
UNDEFED   __TI_TLS_INIT_Limit                                                     

[1175 symbols]
