******************************************************************************
               TMS320C6x Linker Unix v8.2.2                    
******************************************************************************
>> Linked Thu Aug 30 08:45:16 2018

OUTPUT FILE NAME:   <bin/debug/server_dsp1.xe66>
ENTRY POINT SYMBOL: "ti_sysbios_family_c64p_Hwi0"  address: 95036400


MEMORY CONFIGURATION

         name            origin    length      used     unused   attr    fill
----------------------  --------  ---------  --------  --------  ----  --------
  L2SRAM                00800000   00040000  00000000  00040000  RW X
  OCMC_RAM1             40300000   00080000  00000000  00080000  RW X
  OCMC_RAM2             40400000   00100000  00000000  00100000  RW X
  OCMC_RAM3             40500000   00100000  00000000  00100000  RW X
  EXT_CODE              95000000   00100000  000364a4  000c9b5c  RW X
  EXT_DATA              95100000   00100000  0008b1e2  00074e1e  RW  
  EXT_HEAP              95200000   00300000  00000000  00300000  RW  
  TRACE_BUF             9f000000   00060000  00008004  00057ffc  RW  
  EXC_DATA              9f060000   00010000  00000000  00010000  RW  
  PM_DATA               9f070000   00020000  00000000  00020000  RW X
  SR_0                  bfb00000   00100000  00100000  00000000  RW  


SEGMENT ALLOCATION MAP

run origin  load origin   length   init length attrs members
----------  ----------- ---------- ----------- ----- -------
95000000    95000000    000004c4   000004c4    rw-
  95000000    95000000    000004c4   000004c4    rw- .resource_table
950004e0    950004e0    00035de0   00035de0    r-x
  950004e0    950004e0    00035de0   00035de0    r-x .text
95036400    95036400    00000200   00000200    r-x
  95036400    95036400    00000200   00000200    r-x .vecs
95100000    95100000    00080e4a   00000000    rw-
  95100000    95100000    00080e4a   00000000    rw- .far
95180e50    95180e50    0000698a   0000698a    r--
  95180e50    95180e50    0000698a   0000698a    r-- .const
951877e0    951877e0    00002d50   00000000    rw-
  951877e0    951877e0    00001d4a   00000000    rw- .fardata
  95189530    95189530    00001000   00000000    rw- .stack
9518a530    9518a530    000000d0   000000d0    r--
  9518a530    9518a530    000000c8   000000c8    r-- .switch
  9518a5f8    9518a5f8    00000008   00000008    r-- .rodata
9518a600    9518a600    00000080   00000080    r--
  9518a600    9518a600    00000080   00000080    r-- ti_sdo_ipc_init
9518a680    9518a680    00000064   00000064    rw-
  9518a680    9518a680    00000064   00000064    rw- .args
9518a6e8    9518a6e8    00000b10   00000b10    r--
  9518a6e8    9518a6e8    00000b10   00000b10    r-- .cinit
9f000000    9f000000    00008004   00000000    rw-
  9f000000    9f000000    00008004   00000000    rw- .tracebuf


SECTION ALLOCATION MAP

 output                                  attributes/
section   page    origin      length       input sections
--------  ----  ----------  ----------   ----------------
.resource_table 
*          0    95000000    000004c4     
                  95000000    000004c4     gatempapp.oe66 (.resource_table)

.far       0    95100000    00080e4a     UNINITIALIZED
                  95100000    00040000     (.common:ti_sysbios_heaps_HeapBuf_Instance_State_1_buf__A)
                  95140000    00020000     (.common:ti_sysbios_heaps_HeapBuf_Instance_State_0_buf__A)
                  95160000    00020000     (.common:ti_sysbios_heaps_HeapMem_Instance_State_0_buf__A)
                  95180000    00000800     Dsp1_pe66.oe66 (.far:taskStackSection)
                  95180800    00000408     ipc.ae66 : Ipc.obj (.far:module$26)
                  95180c08    000001e4              : Ipc.obj (.far:NameServer_msg$16)
                  95180dec    00000010     gatempapp.oe66 (.far:Module)
                  95180dfc    00000010     ipc.ae66 : Ipc.obj (.far:transport$26)
                  95180e0c    0000000c     (.common:Test__Desc)
                  95180e18    0000000c     (.common:intInfo)
                  95180e24    0000000c     (.common:ti_ipc_family_vayu__Desc)
                  95180e30    0000000c     (.common:ti_ipc_rpmsg_RPMessage__Desc)
                  95180e3c    0000000c     ti.trace.ae66 : SysMin.oe66 (.far)
                  95180e48    00000002     ipc.ae66 : Ipc.obj (.far)

ti_sdo_ipc_init 
*          0    9518a600    00000080     
                  9518a600    00000080     Dsp1_pe66.oe66 (ti_sdo_ipc_init)

ti.sdo.ipc.SharedRegion_0 
*          0    bfb00000    00100000     NOLOAD SECTION
                  bfb00000    00100000     --HOLE--

.stack     0    95189530    00001000     UNINITIALIZED
                  95189530    00000008     boot.ae66 : boot.oe66 (.stack)
                  95189538    00000ff8     --HOLE--

.bss       0    9518a5f8    00000000     UNINITIALIZED

.neardata 
*          0    9518a5f8    00000000     UNINITIALIZED

.rodata    0    9518a5f8    00000008     
                  9518a5f8    00000008     Dsp1_pe66.oe66 (.rodata)

.cinit     0    9518a6e8    00000b10     
                  9518a6e8    00000ad2     (.cinit..fardata.load) [load image, compression = rle]
                  9518b1ba    0000000d     (.cinit..far.load) [load image, compression = rle]
                  9518b1c7    0000000b     (.cinit..tracebuf.load) [load image, compression = rle]
                  9518b1d2    00000002     --HOLE-- [fill = 0]
                  9518b1d4    00000008     (__TI_handler_table)
                  9518b1dc    00000004     --HOLE-- [fill = 0]
                  9518b1e0    00000018     (__TI_cinit_table)

.init_array 
*          0    95100000    00000000     UNINITIALIZED

.args      0    9518a680    00000064     
                  9518a680    00000064     --HOLE-- [fill = 0]

.tracebuf 
*          0    9f000000    00008004     UNINITIALIZED
                  9f000000    00008004     Dsp1_pe66.oe66 (.tracebuf)

.vecs      0    95036400    00000200     
                  95036400    00000200     Dsp1_pe66.oe66 (.vecs)

xdc.meta   0    95100000    00000140     COPY SECTION
                  95100000    00000140     Dsp1_pe66.oe66 (xdc.meta)

.text      0    950004e0    00035de0     
                  950004e0    00001c40     rts6600_elf.lib : _printfi.obj (.text:__TI_printfi)
                  95002120    000018c0     gatempapp.oe66 (.text)
                  950039e0    000013a0     ipc.ae66 : Ipc.obj (.text:ti_sdo_ipc_GateMP_Instance_init__E)
                  95004d80    00000be0     sysbios.ae66 : BIOS.obj (.text:ti_sysbios_heaps_HeapBuf_Instance_init__E)
                  95005960    00000b00     ipc.ae66 : Ipc.obj (.text:MessageQ_put)
                  95006460    00000980              : Ipc.obj (.text:Ipc_attach)
                  95006de0    000008c0              : Ipc.obj (.text:ti_sdo_ipc_transports_TransportShm_Instance_init__E)
                  950076a0    000008a0     ti.targets.rts6000.ae66 : System.oe66 (.text:xdc_runtime_System_doPrint__I)
                  95007f40    00000880     ipc.ae66 : Ipc.obj (.text:ti_sdo_ipc_heaps_HeapMemMP_alloc__E)
                  950087c0    00000820              : Ipc.obj (.text:ti_sdo_ipc_heaps_HeapMemMP_free__E)
                  95008fe0    00000780     sysbios.ae66 : BIOS.obj (.text:ti_sysbios_family_c64p_Exception_handler__I)
                  95009760    00000760     ipc.ae66 : Ipc.obj (.text:ti_sdo_ipc_heaps_HeapMemMP_Instance_init__E)
                  95009ec0    00000740              : Ipc.obj (.text:ti_sdo_ipc_GateMP_setRegion0Reserved__F)
                  9500a600    00000740              : Ipc.obj (.text:ti_sdo_ipc_ListMP_Instance_init__E)
                  9500ad40    00000700              : Ipc.obj (.text:MessageQ_free)
                  9500b440    00000700              : Ipc.obj (.text:ti_sdo_ipc_GateMP_Instance_finalize__E)
                  9500bb40    000006e0              : Ipc.obj (.text:Notify_sendEvent)
                  9500c220    000006e0              : Ipc.obj (.text:ti_ipc_namesrv_NameServerRemoteRpmsg_get__F)
                  9500c900    000006e0     sysbios.ae66 : BIOS.obj (.text:ti_sysbios_heaps_HeapMem_freeUnprotected__E)
                  9500cfe0    000006c0     ipc.ae66 : Ipc.obj (.text:Notify_registerEventSingle)
                  9500d6a0    000006c0     sysbios.ae66 : BIOS.obj (.text:ti_sysbios_knl_Semaphore_pend__E)
                  9500dd60    000006a0     ipc.ae66 : Ipc.obj (.text:Notify_unregisterEventSingle)
                  9500e400    000006a0              : Ipc.obj (.text:RPMessage_send)
                  9500eaa0    00000680     rts6600_elf.lib : _printfi.obj (.text:_pconv_a)
                  9500f120    00000600                     : divd.obj (.text:__c6xabi_divd)
                  9500f720    00000600     sysbios.ae66 : BIOS.obj (.text:ti_sysbios_heaps_HeapBuf_free__E)
                  9500fd20    000005c0     rts6600_elf.lib : _printfi.obj (.text:_pconv_g)
                  950102e0    000005a0     ipc.ae66 : Ipc.obj (.text:ti_sdo_ipc_notifyDrivers_NotifyDriverShm_Instance_init__E)
                  95010880    000005a0     sysbios.ae66 : BIOS.obj (.text:ti_sysbios_heaps_HeapMem_allocUnprotected__E)
                  95010e20    000005a0                  : BIOS.obj (.text:ti_sysbios_knl_Task_Instance_init__E)
                  950113c0    00000580     ipc.ae66 : Ipc.obj (.text:NameServer_add)
                  95011940    00000580     sysbios.ae66 : BIOS.obj (.text:ti_sysbios_knl_Task_Instance_finalize__E)
                  95011ec0    00000520     ipc.ae66 : Ipc.obj (.text:NameServerRemote_processMessage)
                  950123e0    00000500              : Ipc.obj (.text:ti_sdo_ipc_gates_GatePeterson_Instance_init__E)
                  950128e0    000004c0              : Ipc.obj (.text:RPMessage_init)
                  95012da0    000004c0              : Ipc.obj (.text:ti_sdo_ipc_SharedRegion_reserveMemory__F)
                  95013260    000004a0              : Ipc.obj (.text:ti_sdo_ipc_MessageQ_Instance_init__E)
                  95013700    000004a0              : Ipc.obj (.text:ti_sdo_ipc_Notify_Instance_init__E)
                  95013ba0    00000480              : Ipc.obj (.text:VirtQueue_create)
                  95014020    00000460              : Ipc.obj (.text:RPMessage_create)
                  95014480    00000460     rts6600_elf.lib : _printfi.obj (.text:_pconv_e)
                  950148e0    00000440     ipc.ae66 : Ipc.obj (.text:ListMP_getHead)
                  95014d20    00000440              : Ipc.obj (.text:ti_sdo_ipc_MessageQ_registerTransport__F)
                  95015160    00000440              : Ipc.obj (.text:ti_sdo_ipc_heaps_HeapMemMP_postInit__I)
                  950155a0    00000440              : Ipc.obj (.text:transportCallbackFxn$14)
                  950159e0    00000420              : Ipc.obj (.text:ti_sdo_utils_NameServer_registerRemoteDriver__E)
                  95015e00    00000400              : Ipc.obj (.text:ti_sdo_ipc_MessageQ_unregisterTransport__F)
                  95016200    00000400              : Ipc.obj (.text:ti_sdo_utils_NameServer_isRegistered__E)
                  95016600    00000400              : Ipc.obj (.text:ti_sdo_utils_NameServer_unregisterRemoteDriver__E)
                  95016a00    00000400     sysbios.ae66 : BIOS.obj (.text:ti_sysbios_knl_Task_setPri__E)
                  95016e00    000003c0                  : BIOS.obj (.text:ti_sysbios_gates_GateMutexPri_enter__E)
                  950171c0    000003c0                  : BIOS.obj (.text:ti_sysbios_heaps_HeapMem_Instance_init__E)
                  95017580    000003c0     ti.trace.ae66 : SysMin.oe66 (.text:ti_trace_SysMin_putch__E)
                  95017940    000003c0     ti.targets.rts6000.ae66 : Diags.oe66 (.text:xdc_runtime_Diags_setMask__E)
                  95017d00    000003a0     sysbios.ae66 : BIOS.obj (.text:ti_sysbios_family_shared_vayu_IntXbar_connect__E)
                  950180a0    000003a0                  : BIOS.obj (.text:ti_sysbios_heaps_HeapBuf_alloc__E)
                  95018440    00000380     ipc.ae66 : Ipc.obj (.text:GateMP_open)
                  950187c0    00000380              : Ipc.obj (.text:SharedRegion_getSRPtr)
                  95018b40    00000380     sysbios.ae66 : BIOS.obj (.text:ti_sysbios_timers_dmtimer_Timer_deviceConfig__I)
                  95018ec0    00000360     ipc.ae66 : Ipc.obj (.text:HeapMemMP_sharedMemReq)
                  95019220    00000360              : Ipc.obj (.text:NameServer_get)
                  95019580    00000360              : Ipc.obj (.text:SharedRegion_getEntry)
                  950198e0    00000360              : Ipc.obj (.text:SharedRegion_getPtr)
                  95019c40    00000340              : Ipc.obj (.text:ti_sdo_ipc_gates_GateHWSpinlock_Instance_init__E)
                  95019f80    00000340     Dsp1_pe66.oe66 (.text:xdc_runtime_System_printfExtend__I)
                  9501a2c0    00000320     ipc.ae66 : Ipc.obj (.text:MessageQ_alloc)
                  9501a5e0    00000300     sysbios.ae66 : BIOS.obj (.text:ti_sysbios_knl_Swi_Instance_init__E)
                  9501a8e0    000002e0     ipc.ae66 : Ipc.obj (.text:ListMP_putTail)
                  9501abc0    000002e0     rts6600_elf.lib : _printfi.obj (.text:fcvt)
                  9501aea0    000002e0     sysbios.ae66 : BIOS.obj (.text:ti_sysbios_knl_Semaphore_post__E)
                  9501b180    000002c0     ipc.ae66 : Ipc.obj (.text:VirtQueue_startup)
                  9501b440    000002c0              : Ipc.obj (.text:ti_sdo_ipc_notifyDrivers_NotifyDriverShm_isr__I)
                  9501b700    000002c0     sysbios.ae66 : BIOS.obj (.text:ti_sysbios_timers_dmtimer_Timer_checkFreq__I)
                  9501b9c0    000002a0     ipc.ae66 : Ipc.obj (.text:RPMessage_swiFxn$26)
                  9501bc60    000002a0     sysbios.ae66 : BIOS.obj (.text:ti_sysbios_family_c64p_Hwi_dispatchCore__I)
                  9501bf00    000002a0                  : BIOS.obj (.text:ti_sysbios_knl_Clock_workFunc__E)
                  9501c1a0    000002a0                  : BIOS.obj (.text:ti_sysbios_knl_Swi_run__I)
                  9501c440    00000280     ipc.ae66 : Ipc.obj (.text:GateMP_sharedMemReq)
                  9501c6c0    00000280     rts6600_elf.lib : _printfi.obj (.text:_pconv_f)
                  9501c940    00000280     ipc.ae66 : Ipc.obj (.text:ti_sdo_ipc_SharedRegion_start__F)
                  9501cbc0    00000280              : Ipc.obj (.text:ti_sdo_ipc_family_vayu_NotifySetup_Module_startup__E)
                  9501ce40    00000280              : Ipc.obj (.text:ti_sdo_ipc_notifyDrivers_NotifyDriverShm_disableEvent__E)
                  9501d0c0    00000260              : Ipc.obj (.text:GateMP_enter)
                  9501d320    00000260              : Ipc.obj (.text:GateMP_leave)
                  9501d580    00000260              : Ipc.obj (.text:GateMP_openByAddr)
                  9501d7e0    00000260              : Ipc.obj (.text:VirtQueue_isr)
                  9501da40    00000260     ti.targets.rts6000.ae66 : Startup.oe66 (.text:xdc_runtime_Startup_startMods__I)
                  9501dca0    00000240     ipc.ae66 : Ipc.obj (.text:Ipc_start)
                  9501dee0    00000240              : Ipc.obj (.text:NameServer_getLocal)
                  9501e120    00000240     rts6600_elf.lib : imath64.obj (.text:__c6xabi_divull)
                  9501e360    00000240                     : _printfi.obj (.text:_ltostr)
                  9501e5a0    00000240     ipc.ae66 : Ipc.obj (.text:ti_sdo_ipc_Ipc_procSyncStart__I)
                  9501e7e0    00000240              : Ipc.obj (.text:ti_sdo_ipc_transports_TransportShm_openByAddr__E)
                  9501ea20    00000240              : Ipc.obj (.text:ti_sdo_ipc_transports_TransportShm_put__E)
                  9501ec60    00000240     sysbios.ae66 : BIOS.obj (.text:ti_sysbios_family_c64p_EventCombiner_dispatch__E)
                  9501eea0    00000240     ti.targets.rts6000.ae66 : Core-mem.oe66 (.text:xdc_runtime_Core_createObject__I)
                  9501f0e0    00000220     ipc.ae66 : Ipc.obj (.text:ti_ipc_transports_TransportRpmsg_Instance_init__E)
                  9501f300    00000220              : Ipc.obj (.text:ti_sdo_ipc_family_vayu_InterruptDsp_intDisable__E)
                  9501f520    00000220              : Ipc.obj (.text:ti_sdo_ipc_family_vayu_InterruptDsp_intEnable__E)
                  9501f740    00000220              : Ipc.obj (.text:ti_sdo_ipc_family_vayu_InterruptDsp_intRegister__E)
                  9501f960    00000220              : Ipc.obj (.text:ti_sdo_ipc_notifyDrivers_NotifyDriverShm_sharedMemReq__F)
                  9501fb80    00000220     ti.targets.rts6000.ae66 : Log.oe66 (.text:xdc_runtime_Log_doPrint__E)
                  9501fda0    00000200     ipc.ae66 : Ipc.obj (.text:MultiProc_getId)
                  9501ffa0    00000200     sysbios.ae66 : c64p_Hwi_disp_always.obj (.text:_ti_sysbios_family_c64p_Hwi_dispatchAlways)
                  950201a0    00000200     ipc.ae66 : Ipc.obj (.text:ti_sdo_ipc_GateMP_attach__F)
                  950203a0    00000200              : Ipc.obj (.text:ti_sdo_ipc_notifyDrivers_NotifyDriverShm_sendEvent__E)
                  950205a0    00000200     sysbios.ae66 : BIOS.obj (.text:ti_sysbios_family_c66_Cache_block__I)
                  950207a0    00000200                  : BIOS.obj (.text:ti_sysbios_timers_dmtimer_Timer_setPeriodMicroSecs__E)
                  950209a0    00000200     ti.targets.rts6000.ae66 : Error.oe66 (.text:xdc_runtime_Error_policyDefault__E)
                  95020ba0    000001e0     ipc.ae66 : Ipc.obj (.text:GateMP_close)
                  95020d80    000001e0              : Ipc.obj (.text:ListMP_sharedMemReq)
                  95020f60    000001e0              : Ipc.obj (.text:Notify_intLineRegistered)
                  95021140    000001e0              : Ipc.obj (.text:SharedRegion_getCacheLineSize)
                  95021320    000001e0              : Ipc.obj (.text:SharedRegion_getHeap)
                  95021500    000001e0              : Ipc.obj (.text:SharedRegion_isCacheEnabled)
                  950216e0    000001e0              : Ipc.obj (.text:VirtQueue_getAvailBuf)
                  950218c0    000001e0              : Ipc.obj (.text:ti_ipc_transports_TransportRpmsg_put__E)
                  95021aa0    000001e0              : Ipc.obj (.text:ti_sdo_ipc_GateMP_createLocal__F)
                  95021c80    000001e0              : Ipc.obj (.text:ti_sdo_ipc_family_vayu_InterruptDsp_intUnregister__E)
                  95021e60    000001e0     sysbios.ae66 : BIOS.obj (.text:ti_sysbios_knl_Task_schedule__I)
                  95022040    000001e0                  : BIOS.obj (.text:ti_sysbios_knl_Task_startCore__E)
                  95022220    000001e0     ti.targets.rts6000.ae66 : Text.oe66 (.text:xdc_runtime_Text_putSite__E)
                  95022400    000001c0     ipc.ae66 : Ipc.obj (.text:IpcMgr_ipcStartup)
                  950225c0    000001c0              : Ipc.obj (.text:MessageQ_get)
                  95022780    000001c0     rts6600_elf.lib : imath40.obj (.text:__c6xabi_divul)
                  95022940    000001c0     ipc.ae66 : Ipc.obj (.text:ti_sdo_ipc_Notify_Module_startup__E)
                  95022b00    000001c0              : Ipc.obj (.text:ti_sdo_ipc_Notify_exec__F)
                  95022cc0    000001c0              : Ipc.obj (.text:ti_sdo_ipc_notifyDrivers_NotifyDriverShm_enableEvent__E)
                  95022e80    000001c0     sysbios.ae66 : BIOS.obj (.text:ti_sysbios_family_c64p_EventCombiner_dispatchPlug__E)
                  95023040    000001c0                  : BIOS.obj (.text:ti_sysbios_family_c64p_Hwi_reconfig__E)
                  95023200    000001c0                  : BIOS.obj (.text:ti_sysbios_family_shared_vayu_IntXbar_initXbarRegs__I)
                  950233c0    000001c0                  : BIOS.obj (.text:ti_sysbios_knl_Semaphore_Instance_init__E)
                  95023580    000001a0     ipc.ae66 : Ipc.obj (.text:ti_sdo_ipc_GateMP_openRegion0Reserved__F)
                  95023720    000001a0              : Ipc.obj (.text:ti_sdo_ipc_MessageQ_Instance_finalize__E)
                  950238c0    000001a0     Dsp1_pe66.oe66 (.text:ti_sdo_ipc_family_vayu_NotifySetup_attach__E)
                  95023a60    000001a0     ipc.ae66 : Ipc.obj (.text:ti_sdo_ipc_family_vayu_NotifySetup_dispatchIsr__I)
                  95023c00    000001a0     Dsp1_pe66.oe66 (.text:ti_sdo_ipc_family_vayu_NotifySetup_sharedMemReq__E)
                  95023da0    000001a0     ipc.ae66 : Ipc.obj (.text:ti_sdo_ipc_gates_GatePeterson_enter__E)
                  95023f40    000001a0              : Ipc.obj (.text:ti_sdo_ipc_notifyDrivers_NotifyDriverShm_registerEvent__E)
                  950240e0    000001a0              : Ipc.obj (.text:ti_sdo_ipc_notifyDrivers_NotifyDriverShm_unregisterEvent__E)
                  95024280    000001a0              : Ipc.obj (.text:ti_sdo_ipc_transports_TransportShm_Instance_finalize__E)
                  95024420    000001a0     sysbios.ae66 : BIOS.obj (.text:ti_sysbios_gates_GateMutex_enter__E)
                  950245c0    000001a0                  : BIOS.obj (.text:ti_sysbios_timers_dmtimer_Timer_start__E)
                  95024760    000001a0     ti.targets.rts6000.ae66 : Core-smem.oe66 (.text:xdc_runtime_Core_constructObject__I)
                  95024900    00000180     ipc.ae66 : Ipc.obj (.text:RPMessage_finalize)
                  95024a80    00000180              : Ipc.obj (.text:VirtQueue_kick)
                  95024c00    00000180              : Ipc.obj (.text:callback_availBufReady$26)
                  95024d80    00000180     rts6600_elf.lib : frexp.obj (.text:frexp)
                  95024f00    00000180     sysbios.ae66 : c64p_Exception_asm.obj (.text)
                  95025080    00000180     ipc.ae66 : Ipc.obj (.text:ti_sdo_ipc_family_vayu_NotifySetup_Shm_attach__I)
                  95025200    00000180              : Ipc.obj (.text:ti_sdo_ipc_gates_GateHWSpinlock_enter__E)
                  95025380    00000180     sysbios.ae66 : BIOS.obj (.text:ti_sysbios_family_c64p_Exception_internalHandler__I)
                  95025500    00000180                  : BIOS.obj (.text:ti_sysbios_gates_GateSwi_enter__E)
                  95025680    00000180                  : BIOS.obj (.text:ti_sysbios_knl_Swi_post__E)
                  95025800    00000180                  : BIOS.obj (.text:ti_sysbios_knl_Task_blockI__E)
                  95025980    00000180                  : BIOS.obj (.text:ti_sysbios_knl_Task_checkStacks__E)
                  95025b00    00000160     ipc.ae66 : Ipc.obj (.text:ListMP_remove)
                  95025c60    00000160              : Ipc.obj (.text:MessageQ_create)
                  95025dc0    00000160              : Ipc.obj (.text:ti_sdo_ipc_gates_GateMPSupportNull_enter__E)
                  95025f20    00000160              : Ipc.obj (.text:ti_sdo_ipc_gates_GateMPSupportNull_leave__E)
                  95026080    00000160     sysbios.ae66 : BIOS.obj (.text:ti_sysbios_knl_Task_unblockI__E)
                  950261e0    00000160     ti.targets.rts6000.ae66 : Text.oe66 (.text:xdc_runtime_Text_putMod__E)
                  95026340    00000140     rts6600_elf.lib : ldexp.obj (.text:ldexp)
                  95026480    00000140     ipc.ae66 : Ipc.obj (.text:ti_sdo_ipc_GateMP_getFreeResource__I)
                  950265c0    00000140              : Ipc.obj (.text:ti_sdo_ipc_Notify_Instance_finalize__E)
                  95026700    00000140              : Ipc.obj (.text:ti_sdo_ipc_family_vayu_NotifySetup_plugHwi__F)
                  95026840    00000140              : Ipc.obj (.text:ti_sdo_utils_NameServer_removeLocal__I)
                  95026980    00000140     sysbios.ae66 : BIOS.obj (.text:ti_sysbios_family_c64p_Hwi_Module_startup__E)
                  95026ac0    00000140                  : BIOS.obj (.text:ti_sysbios_knl_Swi_restoreHwi__E)
                  95026c00    00000140                  : BIOS.obj (.text:ti_sysbios_knl_Task_exit__E)
                  95026d40    00000140                  : BIOS.obj (.text:ti_sysbios_syncs_SyncSem_Instance_init__E)
                  95026e80    00000140                  : BIOS.obj (.text:ti_sysbios_timers_dmtimer_Timer_initDevice__I)
                  95026fc0    00000140     ti.targets.rts6000.ae66 : Core-mem.oe66 (.text:xdc_runtime_Core_deleteObject__I)
                  95027100    00000140                             : Text.oe66 (.text:xdc_runtime_Text_putLab__E)
                  95027240    00000120     ipc.ae66 : Ipc.obj (.text:VirtQueue_addUsedBuf)
                  95027360    00000120     boot.ae66 : autoinit.oe66 (.text:_auto_init_elf)
                  95027480    00000120     ipc.ae66 : Ipc.obj (.text:sendMessage$25)
                  950275a0    00000120              : Ipc.obj (.text:ti_ipc_transports_TransportRpmsgSetup_attach__E)
                  950276c0    00000120              : Ipc.obj (.text:ti_sdo_ipc_Ipc_procSyncFinish__I)
                  950277e0    00000120              : Ipc.obj (.text:ti_sdo_ipc_MessageQ_Module_startup__E)
                  95027900    00000120              : Ipc.obj (.text:ti_sdo_ipc_MessageQ_grow__I)
                  95027a20    00000120              : Ipc.obj (.text:ti_sdo_ipc_gates_GateHWSpinlock_Module_startup__E)
                  95027b40    00000120              : Ipc.obj (.text:ti_sdo_ipc_gates_GateHWSpinlock_leave__E)
                  95027c60    00000120              : Ipc.obj (.text:ti_sdo_ipc_heaps_HeapMemMP_getStats__E)
                  95027d80    00000120     Dsp1_pe66.oe66 (.text:ti_sysbios_BIOS_rtsUnlock__I)
                  95027ea0    00000120     sysbios.ae66 : BIOS.obj (.text:ti_sysbios_family_c64p_Hwi_Instance_init__E)
                  95027fc0    00000120                  : BIOS.obj (.text:ti_sysbios_family_c66_Cache_getL2InitSize__I)
                  950280e0    00000120                  : BIOS.obj (.text:ti_sysbios_family_shared_vayu_IntXbar_initIntXbar__I)
                  95028200    00000120                  : BIOS.obj (.text:ti_sysbios_knl_Task_postInit__I)
                  95028320    00000100     ipc.ae66 : Ipc.obj (.text:MessageQ_Params_init__S)
                  95028420    00000100              : Ipc.obj (.text:NameServer_getHandle)
                  95028520    00000100              : Ipc.obj (.text:_VirtQueue_init$24)
                  95028620    00000100     rts6600_elf.lib : copy_decompress_rle.obj (.text:__TI_decompress_rle_core)
                  95028720    00000100                     : atoi.obj (.text:atoi)
                  95028820    00000100     ipc.ae66 : Ipc.obj (.text:ti_ipc_namesrv_NameServerRemoteRpmsg_detach__E)
                  95028920    00000100              : Ipc.obj (.text:ti_ipc_remoteproc_Resource_getVdevStatus__E)
                  95028a20    00000100              : Ipc.obj (.text:ti_sdo_ipc_family_vayu_InterruptDsp_intClear__E)
                  95028b20    00000100              : Ipc.obj (.text:ti_sdo_ipc_family_vayu_InterruptDsp_intSend__E)
                  95028c20    00000100              : Ipc.obj (.text:ti_sdo_utils_NameServer_postInit__I)
                  95028d20    00000100     sysbios.ae66 : BIOS.obj (.text:ti_sysbios_family_c64p_Hwi_Instance_finalize__E)
                  95028e20    00000100     ti.targets.rts6000.ae66 : Error.oe66 (.text:xdc_runtime_Error_print__E)
                  95028f20    00000100                             : Memory.oe66 (.text:xdc_runtime_Memory_alloc__E)
                  95029020    00000100                             : Startup.oe66 (.text:xdc_runtime_Startup_exec__E)
                  95029120    000000e0     ipc.ae66 : Ipc.obj (.text:IpcMgr_callIpcStart)
                  95029200    000000e0              : Ipc.obj (.text:ListMP_openByAddr)
                  950292e0    000000e0              : Ipc.obj (.text:SharedRegion_getId)
                  950293c0    000000e0     rts6600_elf.lib : divi.obj (.text:__divi)
                  950294a0    000000e0                     : exit.obj (.text:exit)
                  95029580    000000e0                     : ltoa.obj (.text:ltoa)
                  95029660    000000e0                     : memset.obj (.text:memset)
                  95029740    000000e0     ipc.ae66 : Ipc.obj (.text:ti_ipc_namesrv_NameServerRemoteRpmsg_Instance_init__E)
                  95029820    000000e0              : Ipc.obj (.text:ti_ipc_namesrv_NameServerRemoteRpmsg_attach__E)
                  95029900    000000e0              : Ipc.obj (.text:ti_ipc_remoteproc_Resource_getVringDA__E)
                  950299e0    000000e0              : Ipc.obj (.text:ti_ipc_transports_TransportRpmsg_Instance_finalize__E)
                  95029ac0    000000e0              : Ipc.obj (.text:ti_sdo_ipc_GateMP_getRegion0ReservedSize__F)
                  95029ba0    000000e0              : Ipc.obj (.text:ti_sdo_ipc_GateMP_start__F)
                  95029c80    000000e0              : Ipc.obj (.text:ti_sdo_ipc_ListMP_Instance_finalize__E)
                  95029d60    000000e0              : Ipc.obj (.text:ti_sdo_ipc_SharedRegion_attach__F)
                  95029e40    000000e0              : Ipc.obj (.text:ti_sdo_ipc_family_vayu_NotifySetup_unplugHwi__F)
                  95029f20    000000e0              : Ipc.obj (.text:ti_sdo_ipc_heaps_HeapMemMP_Instance_finalize__E)
                  9502a000    000000e0              : Ipc.obj (.text:ti_sdo_ipc_transports_TransportShmSetup_attach__E)
                  9502a0e0    000000e0     sysbios.ae66 : BIOS.obj (.text:ti_sysbios_family_c66_Cache_getL1DInitSize__I)
                  9502a1c0    000000e0                  : BIOS.obj (.text:ti_sysbios_family_c66_Cache_getL1PInitSize__I)
                  9502a2a0    000000e0                  : BIOS.obj (.text:ti_sysbios_gates_GateMutexPri_leave__E)
                  9502a380    000000e0                  : BIOS.obj (.text:ti_sysbios_heaps_HeapBuf_Module_startup__E)
                  9502a460    000000e0                  : BIOS.obj (.text:ti_sysbios_heaps_HeapMem_getStats__E)
                  9502a540    000000e0                  : BIOS.obj (.text:ti_sysbios_knl_Swi_Instance_finalize__E)
                  9502a620    000000e0                  : BIOS.obj (.text:ti_sysbios_knl_Swi_Module_startup__E)
                  9502a700    000000e0                  : BIOS.obj (.text:ti_sysbios_knl_Swi_runLoop__I)
                  9502a7e0    000000e0                  : BIOS.obj (.text:ti_sysbios_knl_Swi_schedule__I)
                  9502a8c0    000000e0                  : BIOS.obj (.text:ti_sysbios_knl_Task_Module_startup__E)
                  9502a9a0    000000e0     ti.targets.rts6000.ae66 : LoggerSys.oe66 (.text:xdc_runtime_LoggerSys_write8__E)
                  9502aa80    000000e0                             : Text.oe66 (.text:xdc_runtime_Text_visitRope2__I)
                  9502ab60    000000c0     ipc.ae66 : Ipc.obj (.text:HeapMemMP_openByAddr)
                  9502ac20    000000c0              : Ipc.obj (.text:NameServerRemote_SetNameServerPort)
                  9502ace0    000000c0     rts6600_elf.lib : divu.obj (.text:__divu)
                  9502ada0    000000c0                     : _printfi.obj (.text:_ecpy)
                  9502ae60    000000c0     ipc.ae66 : Ipc.obj (.text:ti_ipc_remoteproc_Resource_physToVirt__E)
                  9502af20    000000c0              : Ipc.obj (.text:ti_ipc_remoteproc_Resource_virtToPhys__E)
                  9502afe0    000000c0     Dsp1_pe66.oe66 (.text:ti_sdo_ipc_Notify_create)
                  9502b0a0    000000c0     ipc.ae66 : Ipc.obj (.text:ti_sdo_ipc_SharedRegion_clearReservedMemory__F)
                  9502b160    000000c0              : Ipc.obj (.text:ti_sdo_ipc_gates_GatePeterson_postInit__I)
                  9502b220    000000c0              : Ipc.obj (.text:ti_sdo_ipc_transports_TransportShm_sharedMemReq__E)
                  9502b2e0    000000c0     sysbios.ae66 : BIOS.obj (.text:ti_sysbios_family_c64p_Hwi_eventMap__E)
                  9502b3a0    000000c0                  : BIOS.obj (.text:ti_sysbios_family_c64p_Hwi_getStackInfo__E)
                  9502b460    000000c0                  : BIOS.obj (.text:ti_sysbios_heaps_HeapBuf_postInit__I)
                  9502b520    000000c0                  : BIOS.obj (.text:ti_sysbios_heaps_HeapMem_alloc__E)
                  9502b5e0    000000c0                  : BIOS.obj (.text:ti_sysbios_knl_Task_allBlockedFunction__I)
                  9502b6a0    000000c0                  : BIOS.obj (.text:ti_sysbios_timers_dmtimer_Timer_Module_startup__E)
                  9502b760    000000c0     rts6600_elf.lib : tls.obj (.text:tls:init:__TI_tls_init)
                  9502b820    000000c0     ti.targets.rts6000.ae66 : Assert.oe66 (.text:xdc_runtime_Assert_raise__I)
                  9502b8e0    000000c0                             : Error.oe66 (.text:xdc_runtime_Error_setX__E)
                  9502b9a0    000000c0                             : Text.oe66 (.text:xdc_runtime_Text_matchVisFxn__I)
                  9502ba60    000000a0     ipc.ae66 : Ipc.obj (.text:HeapMemMP_restore)
                  9502bb00    000000a0              : Ipc.obj (.text:MessageQ_msgInit$5)
                  9502bba0    000000a0     rts6600_elf.lib : remu.obj (.text:__remu)
                  9502bc40    000000a0     boot.ae66 : boot.oe66 (.text:_c_int00)
                  9502bce0    000000a0     sysbios.ae66 : c64p_Hwi_asm.obj (.text:_ti_sysbios_family_c64p_Hwi_plug__E)
                  9502bd80    000000a0     rts6600_elf.lib : memcpy64.obj (.text:memcpy)
                  9502be20    000000a0     Dsp1_pe66.oe66 (.text:ti_ipc_transports_TransportRpmsg_Object__create__S)
                  9502bec0    000000a0     Dsp1_pe66.oe66 (.text:ti_ipc_transports_TransportRpmsg_create)
                  9502bf60    000000a0     Dsp1_pe66.oe66 (.text:ti_sdo_ipc_GateMP_create)
                  9502c000    000000a0     ipc.ae66 : Ipc.obj (.text:ti_sdo_ipc_Ipc_getMasterAddr__I)
                  9502c0a0    000000a0              : Ipc.obj (.text:ti_sdo_ipc_Ipc_getSlaveAddr__I)
                  9502c140    000000a0     Dsp1_pe66.oe66 (.text:ti_sdo_ipc_ListMP_create)
                  9502c1e0    000000a0     Dsp1_pe66.oe66 (.text:ti_sdo_ipc_MessageQ_create)
                  9502c280    000000a0     ipc.ae66 : Ipc.obj (.text:ti_sdo_ipc_family_vayu_NotifySetup_driverType__I)
                  9502c320    000000a0     Dsp1_pe66.oe66 (.text:ti_sdo_ipc_gates_GatePeterson_Object__create__S)
                  9502c3c0    000000a0     Dsp1_pe66.oe66 (.text:ti_sdo_ipc_gates_GatePeterson_create)
                  9502c460    000000a0     ipc.ae66 : Ipc.obj (.text:ti_sdo_ipc_gates_GatePeterson_leave__E)
                  9502c500    000000a0     Dsp1_pe66.oe66 (.text:ti_sdo_ipc_heaps_HeapMemMP_Object__create__S)
                  9502c5a0    000000a0     Dsp1_pe66.oe66 (.text:ti_sdo_ipc_heaps_HeapMemMP_create)
                  9502c640    000000a0     ipc.ae66 : Ipc.obj (.text:ti_sdo_ipc_notifyDrivers_NotifyDriverShm_Instance_finalize__E)
                  9502c6e0    000000a0     Dsp1_pe66.oe66 (.text:ti_sdo_ipc_notifyDrivers_NotifyDriverShm_create)
                  9502c780    000000a0     Dsp1_pe66.oe66 (.text:ti_sdo_ipc_transports_TransportShm_Object__create__S)
                  9502c820    000000a0     Dsp1_pe66.oe66 (.text:ti_sdo_ipc_transports_TransportShm_create)
                  9502c8c0    000000a0     ipc.ae66 : Ipc.obj (.text:ti_sdo_ipc_transports_TransportShm_swiFxn__I)
                  9502c960    000000a0              : Ipc.obj (.text:ti_sdo_utils_NameServer_findLocal__I)
                  9502ca00    000000a0     sysbios.ae66 : BIOS.obj (.text:ti_sysbios_family_c62_TaskSupport_start__E)
                  9502caa0    000000a0                  : BIOS.obj (.text:ti_sysbios_family_c64p_Exception_Module_startup__E)
                  9502cb40    000000a0     Dsp1_pe66.oe66 (.text:ti_sysbios_family_c64p_Hwi_create)
                  9502cbe0    000000a0     sysbios.ae66 : BIOS.obj (.text:ti_sysbios_family_c66_Cache_all__I)
                  9502cc80    000000a0                  : BIOS.obj (.text:ti_sysbios_family_c66_Cache_startup__I)
                  9502cd20    000000a0     Dsp1_pe66.oe66 (.text:ti_sysbios_heaps_HeapBuf_Object__create__S)
                  9502cdc0    000000a0     sysbios.ae66 : BIOS.obj (.text:ti_sysbios_heaps_HeapMem_init__I)
                  9502ce60    000000a0     Dsp1_pe66.oe66 (.text:ti_sysbios_knl_Swi_create)
                  9502cf00    000000a0     Dsp1_pe66.oe66 (.text:ti_sysbios_knl_Task_create)
                  9502cfa0    000000a0     Dsp1_pe66.oe66 (.text:ti_sysbios_syncs_SyncSem_Object__create__S)
                  9502d040    000000a0     Dsp1_pe66.oe66 (.text:ti_sysbios_syncs_SyncSem_create)
                  9502d0e0    000000a0     sysbios.ae66 : BIOS.obj (.text:ti_sysbios_syncs_SyncSem_wait__E)
                  9502d180    000000a0                  : BIOS.obj (.text:ti_sysbios_timers_dmtimer_Timer_startup__E)
                  9502d220    000000a0                  : BIOS.obj (.text:ti_sysbios_timers_dmtimer_Timer_stop__E)
                  9502d2c0    000000a0     ti.targets.rts6000.ae66 : Core-params.oe66 (.text:xdc_runtime_Core_assignParams__I)
                  9502d360    000000a0                             : Registry.oe66 (.text:xdc_runtime_Registry_addModule__E)
                  9502d400    000000a0                             : System.oe66 (.text:xdc_runtime_System_formatNum__I)
                  9502d4a0    000000a0                             : System.oe66 (.text:xdc_runtime_System_putchar__I)
                  9502d540    000000a0                             : Text.oe66 (.text:xdc_runtime_Text_printVisFxn__I)
                  9502d5e0    000000a0                             : Text.oe66 (.text:xdc_runtime_Text_xprintf__I)
                  9502d680    000000a0     Dsp1_pe66.oe66 (.text:xdc_runtime_knl_GateThread_Object__create__S)
                  9502d720    000000a0     Dsp1_pe66.oe66 (.text:xdc_runtime_knl_GateThread_create)
                  9502d7c0    00000080     ipc.ae66 : Ipc.obj (.text:GateMP_getRTSCParams$4)
                  9502d840    00000080              : Ipc.obj (.text:HeapMemMP_getRTSCParams$19)
                  9502d8c0    00000080              : Ipc.obj (.text:ListMP_create)
                  9502d940    00000080     ti.trace.ae66 : SysMin.oe66 (.text:SysMin_output)
                  9502d9c0    00000080     rts6600_elf.lib : llshift.obj (.text:__c6xabi_llshl)
                  9502da40    00000080     sysbios.ae66 : c62_TaskSupport_asm.obj (.text:_ti_sysbios_family_c62_TaskSupport_swap__E)
                  9502dac0    00000080     rts6600_elf.lib : rand.obj (.text:rand)
                  9502db40    00000080                     : strncpy.obj (.text:strncpy)
                  9502dbc0    00000080     Dsp1_pe66.oe66 (.text:ti_ipc_namesrv_NameServerRemoteRpmsg_Object__create__S)
                  9502dc40    00000080     ipc.ae66 : Ipc.obj (.text:ti_ipc_remoteproc_Resource_getMemEntry__I)
                  9502dcc0    00000080     Dsp1_pe66.oe66 (.text:ti_sdo_ipc_MessageQ_Object__get__S)
                  9502dd40    00000080     Dsp1_pe66.oe66 (.text:ti_sdo_ipc_gates_GateHWSpinlock_Object__create__S)
                  9502ddc0    00000080     Dsp1_pe66.oe66 (.text:ti_sdo_ipc_gates_GateMPSupportNull_Object__create__S)
                  9502de40    00000080     ipc.ae66 : Ipc.obj (.text:ti_sdo_utils_NameServer_Module_startup__E)
                  9502dec0    00000080     Dsp1_pe66.oe66 (.text:ti_sdo_utils_NameServer_Object__get__S)
                  9502df40    00000080     sysbios.ae66 : BIOS.obj (.text:ti_sysbios_family_c64p_EventCombiner_Module_startup__E)
                  9502dfc0    00000080                  : BIOS.obj (.text:ti_sysbios_family_c64p_EventCombiner_disableEvent__E)
                  9502e040    00000080                  : BIOS.obj (.text:ti_sysbios_family_c64p_EventCombiner_enableEvent__E)
                  9502e0c0    00000080                  : BIOS.obj (.text:ti_sysbios_family_c64p_Hwi_getEventId__E)
                  9502e140    00000080                  : BIOS.obj (.text:ti_sysbios_family_c66_Cache_setMar__E)
                  9502e1c0    00000080                  : BIOS.obj (.text:ti_sysbios_family_c66_Cache_setSize__E)
                  9502e240    00000080                  : BIOS.obj (.text:ti_sysbios_gates_GateMutexPri_insertPri__I)
                  9502e2c0    00000080                  : BIOS.obj (.text:ti_sysbios_hal_Hwi_checkStack)
                  9502e340    00000080     Dsp1_pe66.oe66 (.text:ti_sysbios_heaps_HeapBuf_Object__get__S)
                  9502e3c0    00000080     sysbios.ae66 : BIOS.obj (.text:ti_sysbios_heaps_HeapBuf_getStats__E)
                  9502e440    00000080     Dsp1_pe66.oe66 (.text:ti_sysbios_heaps_HeapMem_Object__get__S)
                  9502e4c0    00000080     sysbios.ae66 : BIOS.obj (.text:ti_sysbios_knl_Idle_run__E)
                  9502e540    00000080     Dsp1_pe66.oe66 (.text:ti_sysbios_knl_Swi_construct)
                  9502e5c0    00000080     sysbios.ae66 : BIOS.obj (.text:ti_sysbios_knl_Swi_restore__E)
                  9502e640    00000080                  : BIOS.obj (.text:ti_sysbios_timers_dmtimer_Timer_postInit__I)
                  9502e6c0    00000080     ti.trace.ae66 : SysMin.oe66 (.text:ti_trace_SysMin_abort__E)
                  9502e740    00000080     ipc.ae66 : Ipc.obj (.text:vring_init$24)
                  9502e7c0    00000080     ti.targets.rts6000.ae66 : Core-label.oe66 (.text:xdc_runtime_Core_assignLabel__I)
                  9502e840    00000080                             : Registry.oe66 (.text:xdc_runtime_Registry_findByNameInList__I)
                  9502e8c0    00000080                             : Registry.oe66 (.text:xdc_runtime_Registry_findByNamePattern__E)
                  9502e940    00000080                             : Registry.oe66 (.text:xdc_runtime_Registry_matchPattern__I)
                  9502e9c0    00000080                             : System.oe66 (.text:xdc_runtime_System_atexit__E)
                  9502ea40    00000080                             : System.oe66 (.text:xdc_runtime_System_avprintf__E)
                  9502eac0    00000080                             : System.oe66 (.text:xdc_runtime_System_processAtExit__E)
                  9502eb40    00000080                             : System.oe66 (.text:xdc_runtime_System_vprintf__E)
                  9502ebc0    00000060     ipc.ae66 : Ipc.obj (.text:GateMP_getSharedParams$4)
                  9502ec20    00000060              : Ipc.obj (.text:HeapMemMP_create)
                  9502ec80    00000060              : Ipc.obj (.text:HeapMemMP_getSharedParams$19)
                  9502ece0    00000060              : Ipc.obj (.text:NameMap_register)
                  9502ed40    00000060              : Ipc.obj (.text:NameMap_unregister)
                  9502eda0    00000060              : Ipc.obj (.text:Notify_attach)
                  9502ee00    00000060              : Ipc.obj (.text:Notify_numIntLines)
                  9502ee60    00000060     rts6600_elf.lib : frcmpyd_div.obj (.text:__TI_frcmpyd_div)
                  9502eec0    00000060                     : llshift.obj (.text:__c6xabi_llshru)
                  9502ef20    00000060     sysbios.ae66 : c64p_Hwi_asm_switch.obj (.text:_ti_sysbios_family_c64p_Hwi_switchAndDispatch__I)
                  9502ef80    00000060                  : c64p_Hwi_asm_switch.obj (.text:_ti_sysbios_family_xxx_Hwi_switchAndRunFunc)
                  9502efe0    00000060     rts6600_elf.lib : memccpy.obj (.text:memccpy)
                  9502f040    00000060                     : sprintf.obj (.text:sprintf)
                  9502f0a0    00000060                     : strcmp.obj (.text:strcmp)
                  9502f100    00000060                     : strpbrk.obj (.text:strpbrk)
                  9502f160    00000060     ipc.ae66 : Ipc.obj (.text:ti_ipc_family_vayu_VirtQueue_cacheWb)
                  9502f1c0    00000060     Dsp1_pe66.oe66 (.text:ti_ipc_namesrv_NameServerRemoteRpmsg_create)
                  9502f220    00000060     ipc.ae66 : Ipc.obj (.text:ti_sdo_ipc_Ipc_reservedSizePerProc__I)
                  9502f280    00000060              : Ipc.obj (.text:ti_sdo_ipc_ListMP_elemClear__I)
                  9502f2e0    00000060              : Ipc.obj (.text:ti_sdo_ipc_family_vayu_InterruptDsp_intShmStub__I)
                  9502f340    00000060     Dsp1_pe66.oe66 (.text:ti_sdo_ipc_gates_GateHWSpinlock_create)
                  9502f3a0    00000060     ipc.ae66 : Ipc.obj (.text:ti_sdo_ipc_gates_GateHWSpinlock_query__E)
                  9502f400    00000060     Dsp1_pe66.oe66 (.text:ti_sdo_ipc_gates_GateMPSupportNull_create)
                  9502f460    00000060     ipc.ae66 : Ipc.obj (.text:ti_sdo_ipc_gates_GatePeterson_Instance_finalize__E)
                  9502f4c0    00000060              : Ipc.obj (.text:ti_sdo_ipc_gates_GatePeterson_query__E)
                  9502f520    00000060              : Ipc.obj (.text:ti_sdo_ipc_interfaces_INetworkTransport_Handle_downCast$5)
                  9502f580    00000060              : Ipc.obj (.text:ti_sdo_ipc_notifyDrivers_NotifyDriverShm_setNotifyHandle__E)
                  9502f5e0    00000060              : Ipc.obj (.text:ti_sdo_ipc_transports_TransportShmSetup_isRegistered__E)
                  9502f640    00000060              : Ipc.obj (.text:ti_sdo_utils_INameServerRemote_get$0)
                  9502f6a0    00000060     Dsp1_pe66.oe66 (.text:ti_sdo_utils_List_Object__get__S)
                  9502f700    00000060     Dsp1_pe66.oe66 (.text:ti_sdo_utils_List_construct)
                  9502f760    00000060     Dsp1_pe66.oe66 (.text:ti_sdo_utils_List_create)
                  9502f7c0    00000060     ipc.ae66 : Ipc.obj (.text:ti_sdo_utils_List_dequeue__E)
                  9502f820    00000060              : Ipc.obj (.text:ti_sdo_utils_List_enqueueHead__E)
                  9502f880    00000060     Dsp1_pe66.oe66 (.text:ti_sysbios_BIOS_atExitFunc__I)
                  9502f8e0    00000060     Dsp1_pe66.oe66 (.text:ti_sysbios_BIOS_errorRaiseHook__I)
                  9502f940    00000060     Dsp1_pe66.oe66 (.text:ti_sysbios_BIOS_rtsLock__I)
                  9502f9a0    00000060     Dsp1_pe66.oe66 (.text:ti_sysbios_BIOS_startFunc__I)
                  9502fa00    00000060     sysbios.ae66 : BIOS.obj (.text:ti_sysbios_family_c64p_EventCombiner_unused__E)
                  9502fa60    00000060                  : BIOS.obj (.text:ti_sysbios_family_c64p_Exception_nmiHandler__I)
                  9502fac0    00000060                  : BIOS.obj (.text:ti_sysbios_family_c64p_Hwi_disableIER__E)
                  9502fb20    00000060                  : BIOS.obj (.text:ti_sysbios_family_c64p_Hwi_enableIER__E)
                  9502fb80    00000060     Dsp1_pe66.oe66 (.text:ti_sysbios_gates_GateAll_Object__create__S)
                  9502fbe0    00000060     sysbios.ae66 : BIOS.obj (.text:ti_sysbios_gates_GateAll_enter__E)
                  9502fc40    00000060     Dsp1_pe66.oe66 (.text:ti_sysbios_gates_GateHwi_Object__create__S)
                  9502fca0    00000060     Dsp1_pe66.oe66 (.text:ti_sysbios_gates_GateHwi_create)
                  9502fd00    00000060     sysbios.ae66 : BIOS.obj (.text:ti_sysbios_gates_GateMutexPri_Instance_init__E)
                  9502fd60    00000060     Dsp1_pe66.oe66 (.text:ti_sysbios_gates_GateMutexPri_Object__create__S)
                  9502fdc0    00000060     Dsp1_pe66.oe66 (.text:ti_sysbios_gates_GateMutexPri_construct)
                  9502fe20    00000060     Dsp1_pe66.oe66 (.text:ti_sysbios_gates_GateMutex_Object__create__S)
                  9502fe80    00000060     Dsp1_pe66.oe66 (.text:ti_sysbios_gates_GateSwi_Object__create__S)
                  9502fee0    00000060     sysbios.ae66 : BIOS.obj (.text:ti_sysbios_gates_GateSwi_query__E)
                  9502ff40    00000060                  : BIOS.obj (.text:ti_sysbios_hal_Hwi_initStack)
                  9502ffa0    00000060     Dsp1_pe66.oe66 (.text:ti_sysbios_heaps_HeapMem_Object__create__S)
                  95030000    00000060     sysbios.ae66 : BIOS.obj (.text:ti_sysbios_heaps_HeapMem_free__E)
                  95030060    00000060                  : BIOS.obj (.text:ti_sysbios_knl_Clock_addI__E)
                  950300c0    00000060     Dsp1_pe66.oe66 (.text:ti_sysbios_knl_Queue_Object__get__S)
                  95030120    00000060     Dsp1_pe66.oe66 (.text:ti_sysbios_knl_Queue_construct)
                  95030180    00000060     sysbios.ae66 : BIOS.obj (.text:ti_sysbios_knl_Queue_put__E)
                  950301e0    00000060     Dsp1_pe66.oe66 (.text:ti_sysbios_knl_Semaphore_construct)
                  95030240    00000060     Dsp1_pe66.oe66 (.text:ti_sysbios_knl_Semaphore_create)
                  950302a0    00000060     sysbios.ae66 : BIOS.obj (.text:ti_sysbios_knl_Semaphore_pendTimeout__I)
                  95030300    00000060     Dsp1_pe66.oe66 (.text:ti_sysbios_knl_Swi_Object__get__S)
                  95030360    00000060     Dsp1_pe66.oe66 (.text:ti_sysbios_knl_Task_Object__get__S)
                  950303c0    00000060     sysbios.ae66 : BIOS.obj (.text:ti_sysbios_knl_Task_getMode__E)
                  95030420    00000060                  : BIOS.obj (.text:ti_sysbios_knl_Task_processVitalTaskFlag__I)
                  95030480    00000060                  : BIOS.obj (.text:ti_sysbios_knl_Task_restore__E)
                  950304e0    00000060                  : BIOS.obj (.text:ti_sysbios_timers_dmtimer_Timer_getCount__E)
                  95030540    00000060                  : BIOS.obj (.text:ti_sysbios_timers_dmtimer_Timer_getFreq__E)
                  950305a0    00000060     Dsp1_pe66.oe66 (.text:ti_sysbios_xdcruntime_GateThreadSupport_create)
                  95030600    00000060     ti.trace.ae66 : SysMin.oe66 (.text:ti_trace_SysMin_Module_startup__E)
                  95030660    00000060     Dsp1_pe66.oe66 (.text:xdc_runtime_GateNull_Object__create__S)
                  950306c0    00000060     Dsp1_pe66.oe66 (.text:xdc_runtime_LoggerSys_Object__create__S)
                  95030720    00000060     ti.targets.rts6000.ae66 : LoggerSys.oe66 (.text:xdc_runtime_LoggerSys_write0__E)
                  95030780    00000060                             : LoggerSys.oe66 (.text:xdc_runtime_LoggerSys_write1__E)
                  950307e0    00000060                             : Memory.oe66 (.text:xdc_runtime_Memory_valloc__E)
                  95030840    00000060                             : System.oe66 (.text:xdc_runtime_System_putch__E)
                  950308a0    00000060                             : Text.oe66 (.text:xdc_runtime_Text_cordText__E)
                  95030900    00000040     ipc.ae66 : Ipc.obj (.text:GateMP_Params_init)
                  95030940    00000040              : Ipc.obj (.text:GateMP_create)
                  95030980    00000040              : Ipc.obj (.text:HeapMemMP_Params_init)
                  950309c0    00000040              : Ipc.obj (.text:ListMP_Params_init)
                  95030a00    00000040              : Ipc.obj (.text:NameServer_addUInt32)
                  95030a40    00000040              : Ipc.obj (.text:NameServer_getLocalUInt32)
                  95030a80    00000040              : Ipc.obj (.text:NameServer_removeEntry)
                  95030ac0    00000040              : Ipc.obj (.text:Notify_sharedMemReq)
                  95030b00    00000040     Dsp1_pe66.oe66 (.text:_GateMP_virtToPhys)
                  95030b40    00000040     ipc.ae66 : Ipc.obj (.text:_VirtQueue_getVA$24)
                  95030b80    00000040     rts6600_elf.lib : isinf.obj (.text:__c6xabi_isinf)
                  95030bc0    00000040                     : _printfi.obj (.text:__c6xabi_isnan)
                  95030c00    00000040                     : strasg.obj (.text:__strasgi_64plus)
                  95030c40    00000040                     : args_main.obj (.text:_args_main)
                  95030c80    00000040                     : sprintf.obj (.text:_outs)
                  95030cc0    00000040                     : imath64.obj (.text:_subcull)
                  95030d00    00000040     sysbios.ae66 : c62_TaskSupport_asm.obj (.text:_ti_sysbios_family_c62_TaskSupport_buildTaskStack)
                  95030d40    00000040     rts6600_elf.lib : strlen.obj (.text:strlen)
                  95030d80    00000040     Dsp1_pe66.oe66 (.text:ti_ipc_namesrv_NameServerRemoteRpmsg_Handle__label__S)
                  95030dc0    00000040     Dsp1_pe66.oe66 (.text:ti_ipc_namesrv_NameServerRemoteRpmsg_Object__delete__S)
                  95030e00    00000040     Dsp1_pe66.oe66 (.text:ti_ipc_namesrv_NameServerRemoteRpmsg_Object__first__S)
                  95030e40    00000040     Dsp1_pe66.oe66 (.text:ti_ipc_namesrv_NameServerRemoteRpmsg_Object__next__S)
                  95030e80    00000040     Dsp1_pe66.oe66 (.text:ti_ipc_namesrv_NameServerRemoteRpmsg_get__E)
                  95030ec0    00000040     Dsp1_pe66.oe66 (.text:ti_ipc_remoteproc_Resource_init__I)
                  95030f00    00000040     Dsp1_pe66.oe66 (.text:ti_ipc_transports_TransportRpmsg_Handle__label__S)
                  95030f40    00000040     Dsp1_pe66.oe66 (.text:ti_ipc_transports_TransportRpmsg_Object__delete__S)
                  95030f80    00000040     Dsp1_pe66.oe66 (.text:ti_ipc_transports_TransportRpmsg_Params__init__S)
                  95030fc0    00000040     Dsp1_pe66.oe66 (.text:ti_sdo_ipc_GateMP_Object__delete__S)
                  95031000    00000040     Dsp1_pe66.oe66 (.text:ti_sdo_ipc_GateMP_Params__init__S)
                  95031040    00000040     ipc.ae66 : Ipc.obj (.text:ti_sdo_ipc_GateMP_RemoteCustom1Proxy_Handle_downCast2$4)
                  95031080    00000040              : Ipc.obj (.text:ti_sdo_ipc_GateMP_RemoteCustom2Proxy_Handle_downCast2$4)
                  950310c0    00000040              : Ipc.obj (.text:ti_sdo_ipc_GateMP_RemoteSystemProxy_Handle_downCast2$4)
                  95031100    00000040     Dsp1_pe66.oe66 (.text:ti_sdo_ipc_GateMP_attach__E)
                  95031140    00000040     ipc.ae66 : Ipc.obj (.text:ti_sdo_ipc_GateMP_getSharedAddr__F)
                  95031180    00000040              : Ipc.obj (.text:ti_sdo_ipc_Ipc_getRegion0ReservedSize__I)
                  950311c0    00000040     Dsp1_pe66.oe66 (.text:ti_sdo_ipc_ListMP_Object__delete__S)
                  95031200    00000040     Dsp1_pe66.oe66 (.text:ti_sdo_ipc_ListMP_Params__init__S)
                  95031240    00000040     ipc.ae66 : Ipc.obj (.text:ti_sdo_ipc_MessageQ_Instance_State_highList$5)
                  95031280    00000040              : Ipc.obj (.text:ti_sdo_ipc_MessageQ_Instance_State_normalList$5)
                  950312c0    00000040     Dsp1_pe66.oe66 (.text:ti_sdo_ipc_MessageQ_Object__delete__S)
                  95031300    00000040     Dsp1_pe66.oe66 (.text:ti_sdo_ipc_MessageQ_Params__init__S)
                  95031340    00000040     Dsp1_pe66.oe66 (.text:ti_sdo_ipc_MessageQ_SetupTransportProxy_attach__E)
                  95031380    00000040     Dsp1_pe66.oe66 (.text:ti_sdo_ipc_MessageQ_registerTransport__E)
                  950313c0    00000040     Dsp1_pe66.oe66 (.text:ti_sdo_ipc_MessageQ_unregisterTransport__E)
                  95031400    00000040     Dsp1_pe66.oe66 (.text:ti_sdo_ipc_Notify_SetupProxy_attach__E)
                  95031440    00000040     Dsp1_pe66.oe66 (.text:ti_sdo_ipc_Notify_SetupProxy_sharedMemReq__E)
                  95031480    00000040     Dsp1_pe66.oe66 (.text:ti_sdo_ipc_SharedRegion_reserveMemory__E)
                  950314c0    00000040     ipc.ae66 : Ipc.obj (.text:ti_sdo_ipc_family_vayu_NotifySetup_Shm_sharedMemReq__I)
                  95031500    00000040     Dsp1_pe66.oe66 (.text:ti_sdo_ipc_family_vayu_NotifySetup_plugHwi__E)
                  95031540    00000040     Dsp1_pe66.oe66 (.text:ti_sdo_ipc_family_vayu_NotifySetup_unplugHwi__E)
                  95031580    00000040     Dsp1_pe66.oe66 (.text:ti_sdo_ipc_gates_GateHWSpinlock_Handle__label__S)
                  950315c0    00000040     Dsp1_pe66.oe66 (.text:ti_sdo_ipc_gates_GateHWSpinlock_Object__delete__S)
                  95031600    00000040     Dsp1_pe66.oe66 (.text:ti_sdo_ipc_gates_GateHWSpinlock_Params__init__S)
                  95031640    00000040     Dsp1_pe66.oe66 (.text:ti_sdo_ipc_gates_GateMPSupportNull_Handle__label__S)
                  95031680    00000040     Dsp1_pe66.oe66 (.text:ti_sdo_ipc_gates_GateMPSupportNull_Object__delete__S)
                  950316c0    00000040     Dsp1_pe66.oe66 (.text:ti_sdo_ipc_gates_GateMPSupportNull_Params__init__S)
                  95031700    00000040     Dsp1_pe66.oe66 (.text:ti_sdo_ipc_gates_GatePeterson_Handle__label__S)
                  95031740    00000040     Dsp1_pe66.oe66 (.text:ti_sdo_ipc_gates_GatePeterson_Object__delete__S)
                  95031780    00000040     Dsp1_pe66.oe66 (.text:ti_sdo_ipc_gates_GatePeterson_Params__init__S)
                  950317c0    00000040     ipc.ae66 : Ipc.obj (.text:ti_sdo_ipc_gates_GatePeterson_sharedMemReq__E)
                  95031800    00000040     Dsp1_pe66.oe66 (.text:ti_sdo_ipc_heaps_HeapMemMP_Handle__label__S)
                  95031840    00000040     Dsp1_pe66.oe66 (.text:ti_sdo_ipc_heaps_HeapMemMP_Object__delete__S)
                  95031880    00000040     Dsp1_pe66.oe66 (.text:ti_sdo_ipc_heaps_HeapMemMP_Params__init__S)
                  950318c0    00000040     ipc.ae66 : Ipc.obj (.text:ti_sdo_ipc_interfaces_IMessageQTransport_put$5)
                  95031900    00000040              : Ipc.obj (.text:ti_sdo_ipc_interfaces_INetworkTransport_bind$5)
                  95031940    00000040              : Ipc.obj (.text:ti_sdo_ipc_interfaces_INetworkTransport_put$5)
                  95031980    00000040              : Ipc.obj (.text:ti_sdo_ipc_interfaces_INetworkTransport_unbind$5)
                  950319c0    00000040              : Ipc.obj (.text:ti_sdo_ipc_interfaces_INotifyDriver_registerEvent$9)
                  95031a00    00000040              : Ipc.obj (.text:ti_sdo_ipc_interfaces_INotifyDriver_sendEvent$9)
                  95031a40    00000040              : Ipc.obj (.text:ti_sdo_ipc_interfaces_INotifyDriver_setNotifyHandle$9)
                  95031a80    00000040              : Ipc.obj (.text:ti_sdo_ipc_interfaces_INotifyDriver_unregisterEvent$9)
                  95031ac0    00000040     Dsp1_pe66.oe66 (.text:ti_sdo_ipc_notifyDrivers_NotifyDriverShm_Handle__label__S)
                  95031b00    00000040     Dsp1_pe66.oe66 (.text:ti_sdo_ipc_notifyDrivers_NotifyDriverShm_InterruptProxy_intClear__E)
                  95031b40    00000040     Dsp1_pe66.oe66 (.text:ti_sdo_ipc_notifyDrivers_NotifyDriverShm_InterruptProxy_intDisable__E)
                  95031b80    00000040     Dsp1_pe66.oe66 (.text:ti_sdo_ipc_notifyDrivers_NotifyDriverShm_InterruptProxy_intEnable__E)
                  95031bc0    00000040     Dsp1_pe66.oe66 (.text:ti_sdo_ipc_notifyDrivers_NotifyDriverShm_InterruptProxy_intRegister__E)
                  95031c00    00000040     Dsp1_pe66.oe66 (.text:ti_sdo_ipc_notifyDrivers_NotifyDriverShm_InterruptProxy_intSend__E)
                  95031c40    00000040     Dsp1_pe66.oe66 (.text:ti_sdo_ipc_notifyDrivers_NotifyDriverShm_InterruptProxy_intUnregister__E)
                  95031c80    00000040     Dsp1_pe66.oe66 (.text:ti_sdo_ipc_notifyDrivers_NotifyDriverShm_Object__delete__S)
                  95031cc0    00000040     Dsp1_pe66.oe66 (.text:ti_sdo_ipc_notifyDrivers_NotifyDriverShm_Params__init__S)
                  95031d00    00000040     ipc.ae66 : Ipc.obj (.text:ti_sdo_ipc_notifyDrivers_NotifyDriverShm_disable__E)
                  95031d40    00000040              : Ipc.obj (.text:ti_sdo_ipc_notifyDrivers_NotifyDriverShm_enable__E)
                  95031d80    00000040              : Ipc.obj (.text:ti_sdo_ipc_transports_TransportShmSetup_sharedMemReq__E)
                  95031dc0    00000040     Dsp1_pe66.oe66 (.text:ti_sdo_ipc_transports_TransportShm_Handle__label__S)
                  95031e00    00000040     ipc.ae66 : Ipc.obj (.text:ti_sdo_ipc_transports_TransportShm_Instance_State_swiObj$17)
                  95031e40    00000040     Dsp1_pe66.oe66 (.text:ti_sdo_ipc_transports_TransportShm_Object__delete__S)
                  95031e80    00000040     Dsp1_pe66.oe66 (.text:ti_sdo_ipc_transports_TransportShm_Params__init__S)
                  95031ec0    00000040     ipc.ae66 : Ipc.obj (.text:ti_sdo_ipc_transports_TransportShm_notifyFxn__I)
                  95031f00    00000040     Dsp1_pe66.oe66 (.text:ti_sdo_utils_List_destruct)
                  95031f40    00000040     ipc.ae66 : Ipc.obj (.text:ti_sdo_utils_List_enqueue__E)
                  95031f80    00000040              : Ipc.obj (.text:ti_sdo_utils_List_get__E)
                  95031fc0    00000040              : Ipc.obj (.text:ti_sdo_utils_List_next__E)
                  95032000    00000040              : Ipc.obj (.text:ti_sdo_utils_List_putHead__E)
                  95032040    00000040              : Ipc.obj (.text:ti_sdo_utils_List_put__E)
                  95032080    00000040              : Ipc.obj (.text:ti_sdo_utils_List_remove__E)
                  950320c0    00000040              : Ipc.obj (.text:ti_sdo_utils_MultiProc_getClusterId__F)
                  95032100    00000040              : Ipc.obj (.text:ti_sdo_utils_NameServer_Instance_State_freeList$0)
                  95032140    00000040              : Ipc.obj (.text:ti_sdo_utils_NameServer_Instance_State_nameList$0)
                  95032180    00000040     Dsp1_pe66.oe66 (.text:ti_sdo_utils_NameServer_Module__startupDone__F)
                  950321c0    00000040     Dsp1_pe66.oe66 (.text:ti_sdo_utils_NameServer_Object__first__S)
                  95032200    00000040     Dsp1_pe66.oe66 (.text:ti_sdo_utils_NameServer_Object__next__S)
                  95032240    00000040     Dsp1_pe66.oe66 (.text:ti_sdo_utils_NameServer_SetupProxy_attach__E)
                  95032280    00000040     Dsp1_pe66.oe66 (.text:ti_sysbios_BIOS_exitFunc__I)
                  950322c0    00000040     sysbios.ae66 : BIOS.obj (.text:ti_sysbios_BIOS_getCpuFreq__E)
                  95032300    00000040     Dsp1_pe66.oe66 (.text:ti_sysbios_BIOS_registerRTSLock__I)
                  95032340    00000040     Dsp1_pe66.oe66 (.text:ti_sysbios_BIOS_removeRTSLock__I)
                  95032380    00000040     sysbios.ae66 : BIOS.obj (.text:ti_sysbios_BIOS_setThreadType__E)
                  950323c0    00000040                  : BIOS.obj (.text:ti_sysbios_family_c62_TaskSupport_checkStack__E)
                  95032400    00000040                  : BIOS.obj (.text:ti_sysbios_family_c64p_Exception_externalHandler__I)
                  95032440    00000040     Dsp1_pe66.oe66 (.text:ti_sysbios_family_c64p_Hwi_Module__startupDone__F)
                  95032480    00000040     Dsp1_pe66.oe66 (.text:ti_sysbios_family_c64p_Hwi_Object__delete__S)
                  950324c0    00000040     Dsp1_pe66.oe66 (.text:ti_sysbios_family_c64p_Hwi_Params__init__S)
                  95032500    00000040     sysbios.ae66 : BIOS.obj (.text:ti_sysbios_family_c64p_Hwi_clearInterrupt__E)
                  95032540    00000040                  : BIOS.obj (.text:ti_sysbios_family_c64p_Hwi_disableInterrupt__E)
                  95032580    00000040                  : BIOS.obj (.text:ti_sysbios_family_c64p_Hwi_dispatchC__I)
                  950325c0    00000040                  : BIOS.obj (.text:ti_sysbios_family_c64p_Hwi_enableInterrupt__E)
                  95032600    00000040                  : BIOS.obj (.text:ti_sysbios_family_c64p_Hwi_getHandle__E)
                  95032640    00000040                  : BIOS.obj (.text:ti_sysbios_family_c64p_Hwi_getIsrStackAddress__I)
                  95032680    00000040                  : BIOS.obj (.text:ti_sysbios_family_c64p_TimestampProvider_get64__E)
                  950326c0    00000040                  : BIOS.obj (.text:ti_sysbios_family_c66_Cache_Module_startup__E)
                  95032700    00000040                  : BIOS.obj (.text:ti_sysbios_family_c66_Cache_RTSSynchInv__I)
                  95032740    00000040                  : BIOS.obj (.text:ti_sysbios_family_c66_Cache_RTSSynchWbInv__I)
                  95032780    00000040                  : BIOS.obj (.text:ti_sysbios_family_c66_Cache_RTSSynchWb__I)
                  950327c0    00000040                  : BIOS.obj (.text:ti_sysbios_family_c66_Cache_invPrefetchBuffer__I)
                  95032800    00000040                  : BIOS.obj (.text:ti_sysbios_family_c66_Cache_inv__E)
                  95032840    00000040                  : BIOS.obj (.text:ti_sysbios_family_c66_Cache_wbInv__E)
                  95032880    00000040     Dsp1_pe66.oe66 (.text:ti_sysbios_family_shared_vayu_TimerSupport_Module__startupDone__F)
                  950328c0    00000040     Dsp1_pe66.oe66 (.text:ti_sysbios_gates_GateAll_Handle__label__S)
                  95032900    00000040     sysbios.ae66 : BIOS.obj (.text:ti_sysbios_gates_GateAll_Instance_init__E)
                  95032940    00000040     Dsp1_pe66.oe66 (.text:ti_sysbios_gates_GateAll_Object__delete__S)
                  95032980    00000040     sysbios.ae66 : BIOS.obj (.text:ti_sysbios_gates_GateAll_leave__E)
                  950329c0    00000040     Dsp1_pe66.oe66 (.text:ti_sysbios_gates_GateHwi_Handle__label__S)
                  95032a00    00000040     Dsp1_pe66.oe66 (.text:ti_sysbios_gates_GateHwi_Object__delete__S)
                  95032a40    00000040     Dsp1_pe66.oe66 (.text:ti_sysbios_gates_GateHwi_Params__init__S)
                  95032a80    00000040     sysbios.ae66 : BIOS.obj (.text:ti_sysbios_gates_GateHwi_enter__E)
                  95032ac0    00000040     Dsp1_pe66.oe66 (.text:ti_sysbios_gates_GateMutexPri_Handle__label__S)
                  95032b00    00000040     sysbios.ae66 : BIOS.obj (.text:ti_sysbios_gates_GateMutexPri_Instance_State_pendQ$16)
                  95032b40    00000040                  : BIOS.obj (.text:ti_sysbios_gates_GateMutexPri_Instance_finalize__E)
                  95032b80    00000040     Dsp1_pe66.oe66 (.text:ti_sysbios_gates_GateMutexPri_Object__delete__S)
                  95032bc0    00000040     Dsp1_pe66.oe66 (.text:ti_sysbios_gates_GateMutexPri_destruct)
                  95032c00    00000040     Dsp1_pe66.oe66 (.text:ti_sysbios_gates_GateMutex_Handle__label__S)
                  95032c40    00000040     sysbios.ae66 : BIOS.obj (.text:ti_sysbios_gates_GateMutex_Instance_State_sem$17)
                  95032c80    00000040                  : BIOS.obj (.text:ti_sysbios_gates_GateMutex_Instance_finalize__E)
                  95032cc0    00000040                  : BIOS.obj (.text:ti_sysbios_gates_GateMutex_Instance_init__E)
                  95032d00    00000040     Dsp1_pe66.oe66 (.text:ti_sysbios_gates_GateMutex_Object__delete__S)
                  95032d40    00000040     sysbios.ae66 : BIOS.obj (.text:ti_sysbios_gates_GateMutex_leave__E)
                  95032d80    00000040     Dsp1_pe66.oe66 (.text:ti_sysbios_gates_GateSwi_Handle__label__S)
                  95032dc0    00000040     Dsp1_pe66.oe66 (.text:ti_sysbios_gates_GateSwi_Object__delete__S)
                  95032e00    00000040     Dsp1_pe66.oe66 (.text:ti_sysbios_hal_Cache_CacheProxy_inv__E)
                  95032e40    00000040     Dsp1_pe66.oe66 (.text:ti_sysbios_hal_Cache_CacheProxy_wbInv__E)
                  95032e80    00000040     sysbios.ae66 : BIOS.obj (.text:ti_sysbios_hal_Cache_inv__E)
                  95032ec0    00000040                  : BIOS.obj (.text:ti_sysbios_hal_Cache_wbInv__E)
                  95032f00    00000040     Dsp1_pe66.oe66 (.text:ti_sysbios_hal_Hwi_HwiProxy_getStackInfo__E)
                  95032f40    00000040     sysbios.ae66 : BIOS.obj (.text:ti_sysbios_hal_Hwi_getStackInfo__E)
                  95032f80    00000040     Dsp1_pe66.oe66 (.text:ti_sysbios_heaps_HeapBuf_Handle__label__S)
                  95032fc0    00000040     sysbios.ae66 : BIOS.obj (.text:ti_sysbios_heaps_HeapBuf_Instance_State_freeList$28)
                  95033000    00000040                  : BIOS.obj (.text:ti_sysbios_heaps_HeapBuf_Instance_finalize__E)
                  95033040    00000040     Dsp1_pe66.oe66 (.text:ti_sysbios_heaps_HeapBuf_Object__delete__S)
                  95033080    00000040     Dsp1_pe66.oe66 (.text:ti_sysbios_heaps_HeapMem_Handle__label__S)
                  950330c0    00000040     Dsp1_pe66.oe66 (.text:ti_sysbios_heaps_HeapMem_Object__delete__S)
                  95033100    00000040     sysbios.ae66 : BIOS.obj (.text:ti_sysbios_heaps_HeapMem_restore__E)
                  95033140    00000040                  : BIOS.obj (.text:ti_sysbios_knl_Clock_Module_State_clockQ$6)
                  95033180    00000040                  : BIOS.obj (.text:ti_sysbios_knl_Clock_startI__E)
                  950331c0    00000040                  : BIOS.obj (.text:ti_sysbios_knl_Queue_dequeue__E)
                  95033200    00000040     Dsp1_pe66.oe66 (.text:ti_sysbios_knl_Queue_destruct)
                  95033240    00000040     sysbios.ae66 : BIOS.obj (.text:ti_sysbios_knl_Queue_empty__E)
                  95033280    00000040                  : BIOS.obj (.text:ti_sysbios_knl_Queue_enqueue__E)
                  950332c0    00000040                  : BIOS.obj (.text:ti_sysbios_knl_Queue_remove__E)
                  95033300    00000040                  : BIOS.obj (.text:ti_sysbios_knl_Semaphore_Instance_State_pendQ$10)
                  95033340    00000040                  : BIOS.obj (.text:ti_sysbios_knl_Semaphore_Instance_finalize__E)
                  95033380    00000040     Dsp1_pe66.oe66 (.text:ti_sysbios_knl_Semaphore_Object__delete__S)
                  950333c0    00000040     Dsp1_pe66.oe66 (.text:ti_sysbios_knl_Semaphore_Params__init__S)
                  95033400    00000040     Dsp1_pe66.oe66 (.text:ti_sysbios_knl_Semaphore_destruct)
                  95033440    00000040     Dsp1_pe66.oe66 (.text:ti_sysbios_knl_Swi_Object__delete__S)
                  95033480    00000040     Dsp1_pe66.oe66 (.text:ti_sysbios_knl_Swi_Params__init__S)
                  950334c0    00000040     Dsp1_pe66.oe66 (.text:ti_sysbios_knl_Swi_destruct)
                  95033500    00000040     sysbios.ae66 : BIOS.obj (.text:ti_sysbios_knl_Swi_disable__E)
                  95033540    00000040                  : BIOS.obj (.text:ti_sysbios_knl_Task_Module_State_inactiveQ$12)
                  95033580    00000040     Dsp1_pe66.oe66 (.text:ti_sysbios_knl_Task_Params__init__S)
                  950335c0    00000040     sysbios.ae66 : BIOS.obj (.text:ti_sysbios_knl_Task_block__E)
                  95033600    00000040                  : BIOS.obj (.text:ti_sysbios_knl_Task_disable__E)
                  95033640    00000040                  : BIOS.obj (.text:ti_sysbios_knl_Task_enabled__E)
                  95033680    00000040                  : BIOS.obj (.text:ti_sysbios_knl_Task_enter__I)
                  950336c0    00000040                  : BIOS.obj (.text:ti_sysbios_knl_Task_restoreHwi__E)
                  95033700    00000040                  : BIOS.obj (.text:ti_sysbios_knl_Task_unblock__E)
                  95033740    00000040     Dsp1_pe66.oe66 (.text:ti_sysbios_syncs_SyncSem_Handle__label__S)
                  95033780    00000040     sysbios.ae66 : BIOS.obj (.text:ti_sysbios_syncs_SyncSem_Instance_finalize__E)
                  950337c0    00000040     Dsp1_pe66.oe66 (.text:ti_sysbios_syncs_SyncSem_Object__delete__S)
                  95033800    00000040     sysbios.ae66 : BIOS.obj (.text:ti_sysbios_syncs_SyncSem_query__E)
                  95033840    00000040                  : BIOS.obj (.text:ti_sysbios_timers_dmtimer_Timer_checkOverflow__I)
                  95033880    00000040                  : BIOS.obj (.text:ti_sysbios_xdcruntime_GateThreadSupport_Instance_State_gate$27)
                  950338c0    00000040                  : BIOS.obj (.text:ti_sysbios_xdcruntime_GateThreadSupport_Instance_finalize__E)
                  95033900    00000040                  : BIOS.obj (.text:ti_sysbios_xdcruntime_GateThreadSupport_Instance_init__E)
                  95033940    00000040     Dsp1_pe66.oe66 (.text:ti_sysbios_xdcruntime_GateThreadSupport_Object__delete__S)
                  95033980    00000040     sysbios.ae66 : BIOS.obj (.text:ti_sysbios_xdcruntime_GateThreadSupport_leave__E)
                  950339c0    00000040     ti.trace.ae66 : SysMin.oe66 (.text:ti_trace_SysMin_exit__E)
                  95033a00    00000040     ipc.ae66 : Ipc.obj (.text:vring_size$24)
                  95033a40    00000040     ti.targets.rts6000.ae66 : Error.oe66 (.text:xdc_runtime_Error_check__E)
                  95033a80    00000040                             : Error.oe66 (.text:xdc_runtime_Error_init__E)
                  95033ac0    00000040     Dsp1_pe66.oe66 (.text:xdc_runtime_GateNull_Handle__label__S)
                  95033b00    00000040     Dsp1_pe66.oe66 (.text:xdc_runtime_GateNull_Object__delete__S)
                  95033b40    00000040     ipc.ae66 : Ipc.obj (.text:xdc_runtime_IGateProvider_leave$20)
                  95033b80    00000040              : Ipc.obj (.text:xdc_runtime_IGateProvider_leave$21)
                  95033bc0    00000040              : Ipc.obj (.text:xdc_runtime_IGateProvider_leave$4)
                  95033c00    00000040              : Ipc.obj (.text:xdc_runtime_IGateProvider_leave$5)
                  95033c40    00000040     Dsp1_pe66.oe66 (.text:xdc_runtime_IHeap_alloc)
                  95033c80    00000040     Dsp1_pe66.oe66 (.text:xdc_runtime_IHeap_free)
                  95033cc0    00000040     Dsp1_pe66.oe66 (.text:xdc_runtime_LoggerSys_Handle__label__S)
                  95033d00    00000040     Dsp1_pe66.oe66 (.text:xdc_runtime_LoggerSys_Object__delete__S)
                  95033d40    00000040     ti.targets.rts6000.ae66 : LoggerSys.oe66 (.text:xdc_runtime_LoggerSys_write2__E)
                  95033d80    00000040                             : LoggerSys.oe66 (.text:xdc_runtime_LoggerSys_write4__E)
                  95033dc0    00000040                             : Registry.oe66 (.text:xdc_runtime_Registry_findById__E)
                  95033e00    00000040     Dsp1_pe66.oe66 (.text:xdc_runtime_Startup_exec__I)
                  95033e40    00000040     ti.targets.rts6000.ae66 : System.oe66 (.text:xdc_runtime_System_abort__E)
                  95033e80    00000040     Dsp1_pe66.oe66 (.text:xdc_runtime_System_aprintf__E)
                  95033ec0    00000040     ti.targets.rts6000.ae66 : System.oe66 (.text:xdc_runtime_System_exit__E)
                  95033f00    00000040     Dsp1_pe66.oe66 (.text:xdc_runtime_System_printf__E)
                  95033f40    00000040     ti.targets.rts6000.ae66 : Text.oe66 (.text:xdc_runtime_Text_matchRope__E)
                  95033f80    00000040     Dsp1_pe66.oe66 (.text:xdc_runtime_Text_visitRope__I)
                  95033fc0    00000040     Dsp1_pe66.oe66 (.text:xdc_runtime_knl_GateThread_Handle__label__S)
                  95034000    00000040     ti.targets.rts6000.ae66 : GateThread.oe66 (.text:xdc_runtime_knl_GateThread_Instance_init__E)
                  95034040    00000040     Dsp1_pe66.oe66 (.text:xdc_runtime_knl_GateThread_Object__delete__S)
                  95034080    00000040     ipc.ae66 : Ipc.obj (.text:xdc_runtime_knl_ISync_wait$5)
                  950340c0    00000020              : Ipc.obj (.text:GateMP_delete)
                  950340e0    00000020              : Ipc.obj (.text:GateMP_getDefaultRemote)
                  95034100    00000020     ti.pm_null.ae66 : IpcPower_null.oe66 (.text:IpcPower_canHibernate)
                  95034120    00000020                     : IpcPower_null.oe66 (.text:IpcPower_init)
                  95034140    00000020                     : IpcPower_null.oe66 (.text:IpcPower_suspend)
                  95034160    00000020     ipc.ae66 : Ipc.obj (.text:ListMP_barrier$7)
                  95034180    00000020              : Ipc.obj (.text:ListMP_close)
                  950341a0    00000020              : Ipc.obj (.text:ListMP_delete)
                  950341c0    00000020              : Ipc.obj (.text:MessageQ_delete)
                  950341e0    00000020              : Ipc.obj (.text:MultiProc_getBaseIdOfCluster)
                  95034200    00000020              : Ipc.obj (.text:MultiProc_getClusterProcList)
                  95034220    00000020              : Ipc.obj (.text:MultiProc_getNumProcsInCluster)
                  95034240    00000020              : Ipc.obj (.text:MultiProc_self)
                  95034260    00000020              : Ipc.obj (.text:SharedRegion_invalidSRPtr)
                  95034280    00000020              : Ipc.obj (.text:VirtQueue_Params_init$26)
                  950342a0    00000020     Dsp1_pe66.oe66 (.text:VirtQueue_cacheWb)
                  950342c0    00000020     rts6600_elf.lib : errno.obj (.text:__c6xabi_errno_addr)
                  950342e0    00000020                     : _lock.obj (.text:_nop)
                  95034300    00000020                     : sprintf.obj (.text:_outc)
                  95034320    00000020                     : _lock.obj (.text:_register_lock)
                  95034340    00000020                     : _data_synch.obj (.text:_register_synch_api)
                  95034360    00000020                     : _lock.obj (.text:_register_unlock)
                  95034380    00000020     sysbios.ae66 : c62_TaskSupport_asm.obj (.text:_ti_sysbios_family_c62_TaskSupport_glue)
                  950343a0    00000020     rts6600_elf.lib : exit.obj (.text:abort)
                  950343c0    00000020                     : copy_decompress_none.obj (.text:decompress:none:__TI_decompress_none)
                  950343e0    00000020                     : copy_decompress_rle.obj (.text:decompress:rle24:__TI_decompress_rle24)
                  95034400    00000020     ipc.ae66 : Ipc.obj (.text:ti_ipc_namesrv_NameServerRemoteRpmsg_Handle_upCast$16)
                  95034420    00000020              : Ipc.obj (.text:ti_ipc_namesrv_NameServerRemoteRpmsg_Instance_finalize__E)
                  95034440    00000020              : Ipc.obj (.text:ti_ipc_namesrv_NameServerRemoteRpmsg_Object_first$16)
                  95034460    00000020              : Ipc.obj (.text:ti_ipc_namesrv_NameServerRemoteRpmsg_Object_next$16)
                  95034480    00000020     Dsp1_pe66.oe66 (.text:ti_ipc_namesrv_NameServerRemoteRpmsg_delete)
                  950344a0    00000020     ipc.ae66 : Ipc.obj (.text:ti_ipc_namesrv_NameServerRemoteRpmsg_sharedMemReq__E)
                  950344c0    00000020              : Ipc.obj (.text:ti_ipc_remoteproc_Resource_Module_startup__E)
                  950344e0    00000020              : Ipc.obj (.text:ti_ipc_transports_TransportRpmsg_Handle_upCast$14)
                  95034500    00000020              : Ipc.obj (.text:ti_ipc_transports_TransportRpmsg_Params_init$15)
                  95034520    00000020              : Ipc.obj (.text:ti_ipc_transports_TransportRpmsg_control__E)
                  95034540    00000020              : Ipc.obj (.text:ti_ipc_transports_TransportRpmsg_getStatus__E)
                  95034560    00000020              : Ipc.obj (.text:ti_ipc_transports_TransportRpmsg_setErrFxn__E)
                  95034580    00000020              : Ipc.obj (.text:ti_sdo_ipc_GateMP_Params_init$4)
                  950345a0    00000020     Dsp1_pe66.oe66 (.text:ti_sdo_ipc_GateMP_RemoteCustom1Proxy_Params__init__S)
[...]
951876cc  xdc_runtime_Log_L_error__C                                              
951876d0  xdc_runtime_Main_Module__diagsEnabled__C                                
951876d4  xdc_runtime_Main_Module__diagsIncluded__C                               
951876d8  xdc_runtime_Main_Module__diagsMask__C                                   
951876dc  xdc_runtime_Main_Module__loggerFxn2__C                                  
951876e0  xdc_runtime_Main_Module__loggerObj__C                                   
951876e4  xdc_runtime_Memory_defaultHeapInstance__C                               
951876e8  xdc_runtime_Registry_Module__diagsEnabled__C                            
951876ec  xdc_runtime_Registry_Module__diagsIncluded__C                           
951876f0  xdc_runtime_Registry_Module__diagsMask__C                               
951876f4  xdc_runtime_Registry_Module__loggerFxn1__C                              
951876f8  xdc_runtime_Registry_Module__loggerFxn2__C                              
951876fc  xdc_runtime_Registry_Module__loggerFxn4__C                              
95187700  xdc_runtime_Registry_Module__loggerFxn8__C                              
95187704  xdc_runtime_Registry_Module__loggerObj__C                               
95187708  xdc_runtime_Startup_execImpl__C                                         
9518770c  xdc_runtime_Startup_maxPasses__C                                        
95187710  xdc_runtime_Startup_sfxnRts__C                                          
95187714  xdc_runtime_Startup_sfxnTab__C                                          
95187718  xdc_runtime_Startup_startModsFxn__C                                     
9518771c  xdc_runtime_System_Module__gateObj__C                                   
95187720  xdc_runtime_System_abortFxn__C                                          
95187724  xdc_runtime_System_exitFxn__C                                           
95187728  xdc_runtime_System_extendFxn__C                                         
9518772c  xdc_runtime_System_maxAtexitHandlers__C                                 
95187730  xdc_runtime_Text_charTab__C                                             
95187734  xdc_runtime_Text_nameEmpty__C                                           
95187738  xdc_runtime_Text_nameStatic__C                                          
9518773c  xdc_runtime_Text_nameUnknown__C                                         
95187740  xdc_runtime_Text_nodeTab__C                                             
95187744  xdc_runtime_Text_visitRopeFxn__C                                        
95187748  xdc_runtime_knl_ISync_Interface__BASE__C                                
9518774c  ti_ipc_transports_TransportRpmsgSetup_Module__id__C                     
9518774e  ti_ipc_transports_TransportRpmsgSetup_Module__loggerDefined__C          
95187750  ti_ipc_transports_TransportRpmsg_Module__id__C                          
95187752  ti_ipc_transports_TransportRpmsg_Module__loggerDefined__C               
95187754  ti_sdo_ipc_GateMP_Module__id__C                                         
95187756  ti_sdo_ipc_GateMP_Module__loggerDefined__C                              
95187758  ti_sdo_ipc_Ipc_Module__id__C                                            
9518775a  ti_sdo_ipc_Ipc_generateSlaveDataForHost__C                              
9518775c  ti_sdo_ipc_ListMP_Module__id__C                                         
9518775e  ti_sdo_ipc_MessageQ_Module__id__C                                       
95187760  ti_sdo_ipc_MessageQ_Module__loggerDefined__C                            
95187762  ti_sdo_ipc_Notify_Module__id__C                                         
95187764  ti_sdo_ipc_Notify_numLines__C                                           
95187766  ti_sdo_ipc_Notify_reservedEvents__C                                     
95187768  ti_sdo_ipc_SharedRegion_Module__id__C                                   
9518776a  ti_sdo_ipc_SharedRegion_numEntries__C                                   
9518776c  ti_sdo_ipc_SharedRegion_translate__C                                    
9518776e  ti_sdo_ipc_family_vayu_InterruptDsp_Module__id__C                       
95187770  ti_sdo_ipc_gates_GateHWSpinlock_Module__id__C                           
95187772  ti_sdo_ipc_gates_GateHWSpinlock_Module__loggerDefined__C                
95187774  ti_sdo_ipc_gates_GateMPSupportNull_Module__id__C                        
95187776  ti_sdo_ipc_gates_GatePeterson_Module__id__C                             
95187778  ti_sdo_ipc_heaps_HeapMemMP_Module__id__C                                
9518777a  ti_sdo_ipc_notifyDrivers_NotifyDriverShm_Module__id__C                  
9518777c  ti_sdo_ipc_transports_TransportShm_Module__id__C                        
9518777e  ti_sdo_ipc_transports_TransportShm_notifyEventId__C                     
95187780  ti_sdo_utils_MultiProc_Module__id__C                                    
95187782  ti_sdo_utils_MultiProc_numProcessors__C                                 
95187784  ti_sdo_utils_MultiProc_numProcsInCluster__C                             
95187786  ti_sdo_utils_NameServer_Module__id__C                                   
95187788  ti_sdo_utils_NameServer_singleProcessor__C                              
9518778a  ti_sysbios_family_c64p_EventCombiner_Module__id__C                      
9518778c  ti_sysbios_family_c64p_Exception_Module__id__C                          
9518778e  ti_sysbios_family_c64p_Exception_useInternalBuffer__C                   
95187790  ti_sysbios_family_c64p_Hwi_Module__id__C                                
95187792  ti_sysbios_family_c64p_Hwi_Module__loggerDefined__C                     
95187794  ti_sysbios_family_c66_Cache_Module__id__C                               
95187796  ti_sysbios_family_c66_Cache_registerRTSSynch__C                         
95187798  ti_sysbios_family_shared_vayu_IntXbar_Module__id__C                     
9518779a  ti_sysbios_gates_GateMutexPri_Module__id__C                             
9518779c  ti_sysbios_gates_GateMutex_Module__id__C                                
9518779e  ti_sysbios_gates_GateSwi_Module__id__C                                  
951877a0  ti_sysbios_hal_Hwi_Module__id__C                                        
951877a2  ti_sysbios_heaps_HeapBuf_Module__id__C                                  
951877a4  ti_sysbios_heaps_HeapBuf_trackMaxAllocs__C                              
951877a6  ti_sysbios_heaps_HeapMem_Module__id__C                                  
951877a8  ti_sysbios_knl_Clock_Module__id__C                                      
951877aa  ti_sysbios_knl_Clock_Module__loggerDefined__C                           
951877ac  ti_sysbios_knl_Semaphore_Module__id__C                                  
951877ae  ti_sysbios_knl_Semaphore_Module__loggerDefined__C                       
951877b0  ti_sysbios_knl_Swi_Module__id__C                                        
951877b2  ti_sysbios_knl_Swi_Module__loggerDefined__C                             
951877b4  ti_sysbios_knl_Task_Module__id__C                                       
951877b6  ti_sysbios_knl_Task_Module__loggerDefined__C                            
951877b8  ti_sysbios_syncs_SyncSem_Module__id__C                                  
951877ba  ti_sysbios_timers_dmtimer_Timer_Module__id__C                           
951877bc  ti_sysbios_timers_dmtimer_Timer_checkFrequency__C                       
951877be  ti_sysbios_timers_dmtimer_Timer_startupNeeded__C                        
951877c0  ti_trace_SysMin_flushAtExit__C                                          
951877c2  xdc_runtime_Core_Module__id__C                                          
951877c4  xdc_runtime_Diags_setMaskEnabled__C                                     
951877c6  xdc_runtime_Error_Module__loggerDefined__C                              
951877c8  xdc_runtime_Error_maxDepth__C                                           
951877ca  xdc_runtime_Main_Module__id__C                                          
951877cc  xdc_runtime_Main_Module__loggerDefined__C                               
951877ce  xdc_runtime_Memory_Module__id__C                                        
951877d0  xdc_runtime_Registry_Module__loggerDefined__C                           
951877d2  xdc_runtime_Text_charCnt__C                                             
951877d4  xdc_runtime_Text_isLoaded__C                                            
951877d6  xdc_runtime_Text_registryModsLastId__C                                  
951877d8  xdc_runtime_Text_unnamedModsLastId__C                                   
951877e0  ti_sdo_ipc_GateMP_Module_State_0_remoteCustom1Gates__A                  
95187fe0  ti_sdo_ipc_GateMP_Module_State_0_remoteSystemGates__A                   
951883e0  ti_sysbios_family_c64p_EventCombiner_Module__state__V                   
951887e0  ti_trace_SysMin_Module_State_0_lineBuffers__A                           
951888e4  _lock                                                                   
951888e8  ti_sdo_utils_NameServer_Object__table__V                                
951889d8  ti_sysbios_timers_dmtimer_Timer_Module_State_0_device__A                
95188a98  ti_sdo_ipc_SharedRegion_Module_State_0_regions__A                       
95188b28  ti_sysbios_family_shared_vayu_IntXbar_Module_State_0_intXbar__A         
95188ba8  ti_sysbios_knl_Swi_Module_State_0_readyQ__A                             
95188c28  ti_sysbios_knl_Task_Module_State_0_readyQ__A                            
95188ca8  ti_sysbios_timers_dmtimer_Timer_Module_State_0_intFreqs__A              
95188d28  ti_sysbios_family_c64p_Hwi_Module__state__V                             
95188d94  ti_sdo_ipc_MessageQ_Module__state__V                                    
95188dfc  _unlock                                                                 
95188e00  ti_sdo_ipc_Ipc_Module_State_0_procEntry__A                              
95188e64  __errno                                                                 
95188e64  errno                                                                   
95188e68  ti_sysbios_gates_GateMutex_Object__table__V                             
95188ec8  ti_sdo_ipc_family_vayu_InterruptDsp_Module__state__V                    
95188f20  ti_sdo_ipc_GateMP_Module__state__V                                      
95188f70  ti_sdo_ipc_family_vayu_NotifySetup_Module__state__V                     
95188fc0  ti_sysbios_heaps_HeapBuf_Object__table__V                               
95189010  ti_sysbios_knl_Task_Object__table__V                                    
95189060  ti_sysbios_knl_Task_Module__state__V                                    
951890a8  ti_sysbios_timers_dmtimer_Timer_Module_State_0_handles__A               
951890e8  ti_sysbios_family_c64p_Exception_Module__state__V                       
95189118  ti_sysbios_knl_Swi_Object__table__V                                     
95189148  ti_sysbios_knl_Clock_Module__state__V                                   
95189174  ti_ipc_remoteproc_Resource_Module__state__V                             
95189178  ti_sdo_ipc_MessageQ_Module_State_0_transports__A                        
951891a0  ti_sysbios_BIOS_Module__state__V                                        
951891c4  ti_ipc_transports_TransportRpmsgSetup_Module__state__V                  
951891c8  ti_sdo_ipc_MessageQ_Module_State_0_heaps__A                             
951891e8  xdc_runtime_Diags_dictElems                                             
95189208  xdc_runtime_Error_IgnoreBlock                                           
95189228  xdc_runtime_System_Module_State_0_atexitHandlers__A                     
95189248  ti_sysbios_knl_Swi_Module__state__V                                     
95189264  ti_sdo_ipc_ListMP_Module__state__V                                      
95189268  ti_sysbios_gates_GateMutexPri_Object__table__V                          
95189280  ti_sysbios_heaps_HeapMem_Object__table__V                               
95189298  ti_sysbios_knl_Semaphore_Object__table__V                               
951892b0  ti_trace_SysMin_Module__state__V                                        
951892c8  ti_ipc_transports_TransportRpmsgSetup_Module_State_0_handles__A         
951892dc  ti_sdo_ipc_SharedRegion_Module__state__V                                
951892e0  ti_sdo_ipc_Notify_Module_State_0_notifyHandles__A                       
951892f4  ti_sdo_ipc_heaps_HeapMemMP_Module__state__V                             
951892f8  ti_sdo_ipc_transports_TransportShmSetup_Module_State_0_handles__A       
9518930c  ti_sdo_ipc_transports_TransportShmSetup_Module__state__V                
95189310  ti_sdo_utils_NameServer_Module_State_0_nsRemoteHandle__A                
95189324  ti_sysbios_timers_dmtimer_Timer_Module__state__V                        
95189348  ti_ipc_namesrv_NameServerRemoteRpmsg_Module__state__V                   
95189358  ti_sysbios_gates_GateAll_Object__table__V                               
95189368  __TI_cleanup_ptr                                                        
9518936c  __TI_dtors_ptr                                                          
95189370  __TI_enable_exit_profile_output                                         
95189374  ti_sdo_ipc_Ipc_Module__state__V                                         
95189380  ti_sdo_utils_NameServer_Module__state__V                                
9518938c  ti_sysbios_family_shared_vayu_IntXbar_Module__state__V                  
95189390  ti_sysbios_gates_GateSwi_Object__table__V                               
9518939c  ti_sysbios_heaps_HeapBuf_Module__state__V                               
951893a0  ti_sdo_utils_MultiProc_Module_State_0_clusterProcList__A                
951893aa  ti_ipc_transports_TransportRpmsgSetup_Module__root__V                   
951893ac  xdc_runtime_Memory_Module__state__V                                     
951893b8  ti_ipc_namesrv_NameServerRemoteRpmsg_Module__root__V                    
951893c0  ti_ipc_transports_TransportRpmsg_Module__root__V                        
951893c8  ti_sdo_ipc_GateMP_Module__root__V                                       
951893d0  ti_sdo_ipc_ListMP_Module__root__V                                       
951893d8  ti_sdo_ipc_MessageQ_Module__root__V                                     
951893e0  ti_sdo_ipc_Notify_Module__root__V                                       
951893e8  ti_sdo_ipc_Notify_Module__state__V                                      
951893f0  ti_sdo_ipc_gates_GateHWSpinlock_Module__root__V                         
951893f8  ti_sdo_ipc_gates_GateMPSupportNull_Module__root__V                      
95189400  ti_sdo_ipc_gates_GatePeterson_Module__root__V                           
95189408  ti_sdo_ipc_heaps_HeapMemMP_Module__root__V                              
95189410  ti_sdo_ipc_notifyDrivers_NotifyDriverShm_Module__root__V                
95189418  ti_sdo_ipc_transports_TransportShm_Module__root__V                      
95189420  ti_sdo_utils_List_Module__root__V                                       
95189428  ti_sdo_utils_MultiProc_Module__state__V                                 
95189430  ti_sdo_utils_NameServer_Module__root__V                                 
95189438  ti_sysbios_family_c64p_Hwi_Module__root__V                              
95189440  ti_sysbios_gates_GateAll_Module__root__V                                
95189448  ti_sysbios_gates_GateHwi_Module__root__V                                
95189450  ti_sysbios_gates_GateMutexPri_Module__root__V                           
95189458  ti_sysbios_gates_GateMutex_Module__root__V                              
95189460  ti_sysbios_gates_GateSwi_Module__root__V                                
95189468  ti_sysbios_heaps_HeapBuf_Module__root__V                                
95189470  ti_sysbios_heaps_HeapMem_Module__root__V                                
95189478  ti_sysbios_knl_Queue_Module__root__V                                    
95189480  ti_sysbios_knl_Semaphore_Module__root__V                                
95189488  ti_sysbios_knl_Swi_Module__root__V                                      
95189490  ti_sysbios_knl_Task_Module__root__V                                     
95189498  ti_sysbios_syncs_SyncSem_Module__root__V                                
951894a0  ti_sysbios_xdcruntime_GateThreadSupport_Module__root__V                 
951894a8  xdc_runtime_GateNull_Module__root__V                                    
951894b0  xdc_runtime_LoggerSys_Module__root__V                                   
951894b8  xdc_runtime_LoggerSys_Object__table__V                                  
951894c0  xdc_runtime_Registry_Module__state__V                                   
951894c8  xdc_runtime_Startup_Module__state__V                                    
951894d0  xdc_runtime_System_Module__state__V                                     
951894d8  xdc_runtime_knl_GateThread_Module__root__V                              
951894e6  xdc_runtime_Error_Module__state__V                                      
951894e8  ti_sdo_ipc_Notify_Module_State_0_notifyHandles_0__A                     
951894ec  xdc_runtime_Main_Module__root__V                                        
951894ee  xdc_runtime_Registry_Module__root__V                                    
951894f0  ti_sdo_ipc_Notify_Module_State_0_notifyHandles_1__A                     
951894f8  ti_sdo_ipc_Notify_Module_State_0_notifyHandles_2__A                     
95189500  ti_sdo_ipc_Notify_Module_State_0_notifyHandles_3__A                     
95189508  ti_sdo_ipc_Notify_Module_State_0_notifyHandles_4__A                     
95189510  ti_sysbios_gates_GateHwi_Object__table__V                               
95189518  ti_sysbios_knl_Task_Module_State_0_idleTask__A                          
95189520  xdc_runtime_GateNull_Object__table__V                                   
95189528  ti_sdo_ipc_family_vayu_NotifySetup_Module_State_0_numPlugged__A         
95189530  _stack                                                                  
9518a530  __TI_STACK_END                                                          
9518a5f8  __TI_STATIC_BASE                                                        
9518a5f8  ti_ipc_rpmsg_RPMessage_messageBufferSize                                
9518a5fc  ti_ipc_rpmsg_RPMessage_heap                                             
9518a600  _Ipc_ResetVector                                                        
9518a608  Ipc_sr0MemorySetup                                                      
9518a680  __c_args__                                                              
9518b1d4  __TI_Handler_Table_Base                                                 
9518b1dc  __TI_Handler_Table_Limit                                                
9518b1e0  __TI_CINIT_Base                                                         
9518b1f8  __TI_CINIT_Limit                                                        
9f000000  ti_trace_SysMin_Module_State_0_outbuf__A                                
9f007ff8  ti_trace_SysMin_Module_State_0_writeidx__A                              
9f008000  ti_trace_SysMin_Module_State_0_readidx__A                               
ffffffff  __TI_pprof_out_hndl                                                     
ffffffff  __TI_prof_data_size                                                     
ffffffff  __TI_prof_data_start                                                    
ffffffff  __binit__                                                               
ffffffff  binit                                                                   
UNDEFED   __TI_INITARRAY_Base                                                     
UNDEFED   __TI_INITARRAY_Limit                                                    
UNDEFED   __TI_TLS_INIT_Base                                                      
UNDEFED   __TI_TLS_INIT_Limit                                                     

[1556 symbols]
