Archive member included to satisfy reference by file (symbol)

/opt/ti/ipc_3_47_01_00/linux/src/transport/.libs/libtitransportrpmsg.a(TransportRpmsg.o)
                              bin/release/obj/main_host.ov7A (TransportRpmsg_Factory)
/opt/ti/ipc_3_47_01_00/linux/src/api/.libs/libtiipc.a(MessageQ.o)
                              /opt/ti/ipc_3_47_01_00/linux/src/transport/.libs/libtitransportrpmsg.a(TransportRpmsg.o) (MessageQ_registerTransport)
/opt/ti/ipc_3_47_01_00/linux/src/api/.libs/libtiipc.a(NameServer.o)
                              /opt/ti/ipc_3_47_01_00/linux/src/api/.libs/libtiipc.a(MessageQ.o) (NameServer_getUInt32)
/opt/ti/ipc_3_47_01_00/linux/src/api/.libs/libtiipc.a(Ipc.o)
                              bin/release/obj/main_host.ov7A (Ipc_transportConfig)
/opt/ti/ipc_3_47_01_00/linux/src/api/.libs/libtiipc.a(HeapStd.o)
                              /opt/ti/ipc_3_47_01_00/linux/src/api/.libs/libtiipc.a(Ipc.o) (HeapStd_handle)
/opt/ti/ipc_3_47_01_00/linux/src/api/.libs/libtiipc.a(GateMP.o)
                              /opt/ti/ipc_3_47_01_00/linux/src/api/.libs/libtiipc.a(Ipc.o) (GateMP_attach)
/opt/ti/ipc_3_47_01_00/linux/src/api/.libs/libtiipc.a(GateHWSpinlock.o)
                              /opt/ti/ipc_3_47_01_00/linux/src/api/.libs/libtiipc.a(Ipc.o) (GateHWSpinlock_getConfig)
/opt/ti/ipc_3_47_01_00/linux/src/api/.libs/libtiipc.a(MultiProc.o)
                              /opt/ti/ipc_3_47_01_00/linux/src/api/.libs/libtiipc.a(Ipc.o) (MultiProc_getConfig)
/opt/ti/ipc_3_47_01_00/linux/src/api/.libs/libtiipc.a(GateMutex.o)
                              /opt/ti/ipc_3_47_01_00/linux/src/api/.libs/libtiipc.a(GateHWSpinlock.o) (GateMutex_create)
/opt/ti/ipc_3_47_01_00/linux/src/utils/.libs/libtiipcutils.a(LAD_client.o)
                              /opt/ti/ipc_3_47_01_00/linux/src/api/.libs/libtiipc.a(MessageQ.o) (LAD_findHandle)
/opt/ti/ipc_3_47_01_00/linux/src/utils/.libs/libtiipcutils.a(MultiProc.o)
                              /opt/ti/ipc_3_47_01_00/linux/src/transport/.libs/libtitransportrpmsg.a(TransportRpmsg.o) (MultiProc_getBaseIdOfCluster)
/opt/ti/ipc_3_47_01_00/linux/src/utils/.libs/libtiipcutils.a(MultiProc_app.o)
                              /opt/ti/ipc_3_47_01_00/linux/src/api/.libs/libtiipc.a(Ipc.o) (_MultiProc_initCfg)
/opt/ti/ipc_3_47_01_00/linux/src/utils/.libs/libtiipcutils.a(SocketFxns.o)
                              /opt/ti/ipc_3_47_01_00/linux/src/transport/.libs/libtitransportrpmsg.a(TransportRpmsg.o) (ConnectSocket)
/opt/ti-processor-sdk-linux-rt-am57xx-evm-04.03.00.05/linux-devkit/sysroots/x86_64-arago-linux/usr/bin/../arm-linux-gnueabihf/libc/usr/lib/arm-linux-gnueabihf/6.2.1/./libc_nonshared.a(elf-init.oS)
                              /opt/ti-processor-sdk-linux-rt-am57xx-evm-04.03.00.05/linux-devkit/sysroots/x86_64-arago-linux/usr/bin/../arm-linux-gnueabihf/libc/usr/lib/arm-linux-gnueabihf/6.2.1/crt1.o (__libc_csu_init)

Allocating common symbols
Common symbol       size              file

_GateHWSpinlock_cfgParams
                    0xc               /opt/ti/ipc_3_47_01_00/linux/src/api/.libs/libtiipc.a(Ipc.o)
_MultiProc_cfg      0x174             /opt/ti/ipc_3_47_01_00/linux/src/utils/.libs/libtiipcutils.a(MultiProc_app.o)

Discarded input sections

 .note.GNU-stack
                0x0000000000000000        0x0 /opt/ti-processor-sdk-linux-rt-am57xx-evm-04.03.00.05/linux-devkit/sysroots/x86_64-arago-linux/usr/bin/../arm-linux-gnueabihf/libc/usr/lib/arm-linux-gnueabihf/6.2.1/crt1.o
 .note.GNU-stack
                0x0000000000000000        0x0 /opt/ti-processor-sdk-linux-rt-am57xx-evm-04.03.00.05/linux-devkit/sysroots/x86_64-arago-linux/usr/bin/../arm-linux-gnueabihf/libc/usr/lib/arm-linux-gnueabihf/6.2.1/crti.o
 .note.GNU-stack
                0x0000000000000000        0x0 /opt/ti-processor-sdk-linux-rt-am57xx-evm-04.03.00.05/linux-devkit/sysroots/x86_64-arago-linux/usr/bin/../lib/gcc/arm-linux-gnueabihf/6.2.1/crtbegin.o
 .note.GNU-stack
                0x0000000000000000        0x0 bin/release/obj/main_host.ov7A
 .note.GNU-stack
                0x0000000000000000        0x0 bin/release/obj/App.ov7A
 .note.GNU-stack
                0x0000000000000000        0x0 /opt/ti/ipc_3_47_01_00/linux/src/transport/.libs/libtitransportrpmsg.a(TransportRpmsg.o)
 .note.GNU-stack
                0x0000000000000000        0x0 /opt/ti/ipc_3_47_01_00/linux/src/api/.libs/libtiipc.a(MessageQ.o)
 .note.GNU-stack
                0x0000000000000000        0x0 /opt/ti/ipc_3_47_01_00/linux/src/api/.libs/libtiipc.a(NameServer.o)
 .note.GNU-stack
                0x0000000000000000        0x0 /opt/ti/ipc_3_47_01_00/linux/src/api/.libs/libtiipc.a(Ipc.o)
 .note.GNU-stack
                0x0000000000000000        0x0 /opt/ti/ipc_3_47_01_00/linux/src/api/.libs/libtiipc.a(HeapStd.o)
 .note.GNU-stack
                0x0000000000000000        0x0 /opt/ti/ipc_3_47_01_00/linux/src/api/.libs/libtiipc.a(GateMP.o)
 .note.GNU-stack
                0x0000000000000000        0x0 /opt/ti/ipc_3_47_01_00/linux/src/api/.libs/libtiipc.a(GateHWSpinlock.o)
 .note.GNU-stack
                0x0000000000000000        0x0 /opt/ti/ipc_3_47_01_00/linux/src/api/.libs/libtiipc.a(MultiProc.o)
 .note.GNU-stack
                0x0000000000000000        0x0 /opt/ti/ipc_3_47_01_00/linux/src/api/.libs/libtiipc.a(GateMutex.o)
 .note.GNU-stack
                0x0000000000000000        0x0 /opt/ti/ipc_3_47_01_00/linux/src/utils/.libs/libtiipcutils.a(LAD_client.o)
 .note.GNU-stack
                0x0000000000000000        0x0 /opt/ti/ipc_3_47_01_00/linux/src/utils/.libs/libtiipcutils.a(MultiProc.o)
 .note.GNU-stack
                0x0000000000000000        0x0 /opt/ti/ipc_3_47_01_00/linux/src/utils/.libs/libtiipcutils.a(MultiProc_app.o)
 .note.GNU-stack
                0x0000000000000000        0x0 /opt/ti/ipc_3_47_01_00/linux/src/utils/.libs/libtiipcutils.a(SocketFxns.o)
 .note.GNU-stack
                0x0000000000000000        0x0 /opt/ti-processor-sdk-linux-rt-am57xx-evm-04.03.00.05/linux-devkit/sysroots/x86_64-arago-linux/usr/bin/../arm-linux-gnueabihf/libc/usr/lib/arm-linux-gnueabihf/6.2.1/./libc_nonshared.a(elf-init.oS)
 .note.GNU-stack
                0x0000000000000000        0x0 /opt/ti-processor-sdk-linux-rt-am57xx-evm-04.03.00.05/linux-devkit/sysroots/x86_64-arago-linux/usr/bin/../lib/gcc/arm-linux-gnueabihf/6.2.1/crtend.o
 .note.GNU-stack
                0x0000000000000000        0x0 /opt/ti-processor-sdk-linux-rt-am57xx-evm-04.03.00.05/linux-devkit/sysroots/x86_64-arago-linux/usr/bin/../arm-linux-gnueabihf/libc/usr/lib/arm-linux-gnueabihf/6.2.1/crtn.o

Memory Configuration

Name             Origin             Length             Attributes
*default*        0x0000000000000000 0xffffffffffffffff

Linker script and memory map

LOAD /opt/ti-processor-sdk-linux-rt-am57xx-evm-04.03.00.05/linux-devkit/sysroots/x86_64-arago-linux/usr/bin/../arm-linux-gnueabihf/libc/usr/lib/arm-linux-gnueabihf/6.2.1/crt1.o
LOAD /opt/ti-processor-sdk-linux-rt-am57xx-evm-04.03.00.05/linux-devkit/sysroots/x86_64-arago-linux/usr/bin/../arm-linux-gnueabihf/libc/usr/lib/arm-linux-gnueabihf/6.2.1/crti.o
LOAD /opt/ti-processor-sdk-linux-rt-am57xx-evm-04.03.00.05/linux-devkit/sysroots/x86_64-arago-linux/usr/bin/../lib/gcc/arm-linux-gnueabihf/6.2.1/crtbegin.o
LOAD bin/release/obj/main_host.ov7A
LOAD bin/release/obj/App.ov7A
LOAD /opt/ti/ipc_3_47_01_00/linux/src/transport/.libs/libtitransportrpmsg.a
LOAD /opt/ti/ipc_3_47_01_00/linux/src/api/.libs/libtiipc.a
LOAD /opt/ti/ipc_3_47_01_00/linux/src/utils/.libs/libtiipcutils.a
LOAD /opt/ti-processor-sdk-linux-rt-am57xx-evm-04.03.00.05/linux-devkit/sysroots/x86_64-arago-linux/usr/bin/../arm-linux-gnueabihf/libc/usr/lib/arm-linux-gnueabihf/6.2.1/libpthread.so
START GROUP
LOAD /opt/ti-processor-sdk-linux-rt-am57xx-evm-04.03.00.05/linux-devkit/sysroots/x86_64-arago-linux/usr/bin/../arm-linux-gnueabihf/libc/usr/lib/arm-linux-gnueabihf/6.2.1/../../lib/libpthread.so.0
LOAD /opt/ti-processor-sdk-linux-rt-am57xx-evm-04.03.00.05/linux-devkit/sysroots/x86_64-arago-linux/usr/bin/../arm-linux-gnueabihf/libc/usr/lib/arm-linux-gnueabihf/6.2.1/./libpthread_nonshared.a
END GROUP
LOAD /opt/ti-processor-sdk-linux-rt-am57xx-evm-04.03.00.05/linux-devkit/sysroots/x86_64-arago-linux/usr/bin/../arm-linux-gnueabihf/libc/usr/lib/arm-linux-gnueabihf/6.2.1/libc.so
START GROUP
LOAD /opt/ti-processor-sdk-linux-rt-am57xx-evm-04.03.00.05/linux-devkit/sysroots/x86_64-arago-linux/usr/bin/../arm-linux-gnueabihf/libc/usr/lib/arm-linux-gnueabihf/6.2.1/../../lib/libc.so.6
LOAD /opt/ti-processor-sdk-linux-rt-am57xx-evm-04.03.00.05/linux-devkit/sysroots/x86_64-arago-linux/usr/bin/../arm-linux-gnueabihf/libc/usr/lib/arm-linux-gnueabihf/6.2.1/./libc_nonshared.a
LOAD /opt/ti-processor-sdk-linux-rt-am57xx-evm-04.03.00.05/linux-devkit/sysroots/x86_64-arago-linux/usr/bin/../arm-linux-gnueabihf/libc/usr/lib/arm-linux-gnueabihf/6.2.1/../../lib/ld-linux-armhf.so.3
END GROUP
LOAD /opt/ti-processor-sdk-linux-rt-am57xx-evm-04.03.00.05/linux-devkit/sysroots/x86_64-arago-linux/usr/bin/../arm-linux-gnueabihf/libc/usr/lib/arm-linux-gnueabihf/6.2.1/librt.so
LOAD /opt/ti-processor-sdk-linux-rt-am57xx-evm-04.03.00.05/linux-devkit/sysroots/x86_64-arago-linux/usr/bin/../lib/gcc/arm-linux-gnueabihf/6.2.1/libgcc.a
LOAD /opt/ti-processor-sdk-linux-rt-am57xx-evm-04.03.00.05/linux-devkit/sysroots/x86_64-arago-linux/usr/bin/../lib/gcc/arm-linux-gnueabihf/6.2.1/../../../../arm-linux-gnueabihf/lib/libgcc_s.so
START GROUP
LOAD /opt/ti-processor-sdk-linux-rt-am57xx-evm-04.03.00.05/linux-devkit/sysroots/x86_64-arago-linux/usr/bin/../lib/gcc/arm-linux-gnueabihf/6.2.1/../../../../arm-linux-gnueabihf/lib/libgcc_s.so.1
LOAD /opt/ti-processor-sdk-linux-rt-am57xx-evm-04.03.00.05/linux-devkit/sysroots/x86_64-arago-linux/usr/bin/../lib/gcc/arm-linux-gnueabihf/6.2.1/libgcc.a
END GROUP
LOAD /opt/ti-processor-sdk-linux-rt-am57xx-evm-04.03.00.05/linux-devkit/sysroots/x86_64-arago-linux/usr/bin/../arm-linux-gnueabihf/libc/usr/lib/arm-linux-gnueabihf/6.2.1/libc.so
START GROUP
LOAD /opt/ti-processor-sdk-linux-rt-am57xx-evm-04.03.00.05/linux-devkit/sysroots/x86_64-arago-linux/usr/bin/../arm-linux-gnueabihf/libc/usr/lib/arm-linux-gnueabihf/6.2.1/../../lib/libc.so.6
LOAD /opt/ti-processor-sdk-linux-rt-am57xx-evm-04.03.00.05/linux-devkit/sysroots/x86_64-arago-linux/usr/bin/../arm-linux-gnueabihf/libc/usr/lib/arm-linux-gnueabihf/6.2.1/./libc_nonshared.a
LOAD /opt/ti-processor-sdk-linux-rt-am57xx-evm-04.03.00.05/linux-devkit/sysroots/x86_64-arago-linux/usr/bin/../arm-linux-gnueabihf/libc/usr/lib/arm-linux-gnueabihf/6.2.1/../../lib/ld-linux-armhf.so.3
END GROUP
LOAD /opt/ti-processor-sdk-linux-rt-am57xx-evm-04.03.00.05/linux-devkit/sysroots/x86_64-arago-linux/usr/bin/../lib/gcc/arm-linux-gnueabihf/6.2.1/libgcc.a
LOAD /opt/ti-processor-sdk-linux-rt-am57xx-evm-04.03.00.05/linux-devkit/sysroots/x86_64-arago-linux/usr/bin/../lib/gcc/arm-linux-gnueabihf/6.2.1/../../../../arm-linux-gnueabihf/lib/libgcc_s.so
START GROUP
LOAD /opt/ti-processor-sdk-linux-rt-am57xx-evm-04.03.00.05/linux-devkit/sysroots/x86_64-arago-linux/usr/bin/../lib/gcc/arm-linux-gnueabihf/6.2.1/../../../../arm-linux-gnueabihf/lib/libgcc_s.so.1
LOAD /opt/ti-processor-sdk-linux-rt-am57xx-evm-04.03.00.05/linux-devkit/sysroots/x86_64-arago-linux/usr/bin/../lib/gcc/arm-linux-gnueabihf/6.2.1/libgcc.a
END GROUP
LOAD /opt/ti-processor-sdk-linux-rt-am57xx-evm-04.03.00.05/linux-devkit/sysroots/x86_64-arago-linux/usr/bin/../lib/gcc/arm-linux-gnueabihf/6.2.1/crtend.o
LOAD /opt/ti-processor-sdk-linux-rt-am57xx-evm-04.03.00.05/linux-devkit/sysroots/x86_64-arago-linux/usr/bin/../arm-linux-gnueabihf/libc/usr/lib/arm-linux-gnueabihf/6.2.1/crtn.o
                [!provide]                        PROVIDE (__executable_start, 0x10000)
                0x0000000000010134                . = (0x10000 + SIZEOF_HEADERS)

.interp         0x0000000000010134       0x19
 *(.interp)
 .interp        0x0000000000010134       0x19 /opt/ti-processor-sdk-linux-rt-am57xx-evm-04.03.00.05/linux-devkit/sysroots/x86_64-arago-linux/usr/bin/../arm-linux-gnueabihf/libc/usr/lib/arm-linux-gnueabihf/6.2.1/crt1.o

.note.ABI-tag   0x0000000000010150       0x20
 .note.ABI-tag  0x0000000000010150       0x20 /opt/ti-processor-sdk-linux-rt-am57xx-evm-04.03.00.05/linux-devkit/sysroots/x86_64-arago-linux/usr/bin/../arm-linux-gnueabihf/libc/usr/lib/arm-linux-gnueabihf/6.2.1/crt1.o

.note.gnu.build-id
                0x0000000000010170       0x24
 *(.note.gnu.build-id)
 .note.gnu.build-id
                0x0000000000010170       0x24 linker stubs

.hash           0x0000000000010194      0x22c
 *(.hash)
 .hash          0x0000000000010194      0x22c /opt/ti-processor-sdk-linux-rt-am57xx-evm-04.03.00.05/linux-devkit/sysroots/x86_64-arago-linux/usr/bin/../arm-linux-gnueabihf/libc/usr/lib/arm-linux-gnueabihf/6.2.1/crt1.o

.gnu.hash
 *(.gnu.hash)

.dynsym         0x00000000000103c0      0x460
 *(.dynsym)
 .dynsym        0x00000000000103c0      0x460 /opt/ti-processor-sdk-linux-rt-am57xx-evm-04.03.00.05/linux-devkit/sysroots/x86_64-arago-linux/usr/bin/../arm-linux-gnueabihf/libc/usr/lib/arm-linux-gnueabihf/6.2.1/crt1.o

.dynstr         0x0000000000010820      0x2e4
 *(.dynstr)
 .dynstr        0x0000000000010820      0x2e4 /opt/ti-processor-sdk-linux-rt-am57xx-evm-04.03.00.05/linux-devkit/sysroots/x86_64-arago-linux/usr/bin/../arm-linux-gnueabihf/libc/usr/lib/arm-linux-gnueabihf/6.2.1/crt1.o

.gnu.version    0x0000000000010b04       0x8c
 *(.gnu.version)
 .gnu.version   0x0000000000010b04       0x8c /opt/ti-processor-sdk-linux-rt-am57xx-evm-04.03.00.05/linux-devkit/sysroots/x86_64-arago-linux/usr/bin/../arm-linux-gnueabihf/libc/usr/lib/arm-linux-gnueabihf/6.2.1/crt1.o

.gnu.version_d  0x0000000000010b90        0x0
 *(.gnu.version_d)
 .gnu.version_d
                0x0000000000010b90        0x0 /opt/ti-processor-sdk-linux-rt-am57xx-evm-04.03.00.05/linux-devkit/sysroots/x86_64-arago-linux/usr/bin/../arm-linux-gnueabihf/libc/usr/lib/arm-linux-gnueabihf/6.2.1/crt1.o

.gnu.version_r  0x0000000000010b90       0x50
 *(.gnu.version_r)
 .gnu.version_r
                0x0000000000010b90       0x50 /opt/ti-processor-sdk-linux-rt-am57xx-evm-04.03.00.05/linux-devkit/sysroots/x86_64-arago-linux/usr/bin/../arm-linux-gnueabihf/libc/usr/lib/arm-linux-gnueabihf/6.2.1/crt1.o

.rel.dyn        0x0000000000010be0       0x10
 *(.rel.init)
 *(.rel.text .rel.text.* .rel.gnu.linkonce.t.*)
 *(.rel.fini)
 *(.rel.rodata .rel.rodata.* .rel.gnu.linkonce.r.*)
 *(.rel.data.rel.ro .rel.data.rel.ro.* .rel.gnu.linkonce.d.rel.ro.*)
 *(.rel.data .rel.data.* .rel.gnu.linkonce.d.*)
 *(.rel.tdata .rel.tdata.* .rel.gnu.linkonce.td.*)
 *(.rel.tbss .rel.tbss.* .rel.gnu.linkonce.tb.*)
 *(.rel.ctors)
 *(.rel.dtors)
 *(.rel.got)
 .rel.got       0x0000000000010be0        0x8 /opt/ti-processor-sdk-linux-rt-am57xx-evm-04.03.00.05/linux-devkit/sysroots/x86_64-arago-linux/usr/bin/../arm-linux-gnueabihf/libc/usr/lib/arm-linux-gnueabihf/6.2.1/crt1.o
 *(.rel.bss .rel.bss.* .rel.gnu.linkonce.b.*)
 .rel.bss       0x0000000000010be8        0x8 /opt/ti-processor-sdk-linux-rt-am57xx-evm-04.03.00.05/linux-devkit/sysroots/x86_64-arago-linux/usr/bin/../arm-linux-gnueabihf/libc/usr/lib/arm-linux-gnueabihf/6.2.1/crt1.o
                [!provide]                        PROVIDE (__rel_iplt_start, .)
 *(.rel.iplt)
 .rel.iplt      0x0000000000010bf0        0x0 /opt/ti-processor-sdk-linux-rt-am57xx-evm-04.03.00.05/linux-devkit/sysroots/x86_64-arago-linux/usr/bin/../arm-linux-gnueabihf/libc/usr/lib/arm-linux-gnueabihf/6.2.1/crt1.o
                [!provide]                        PROVIDE (__rel_iplt_end, .)

.rela.dyn       0x0000000000010bf0        0x0
 *(.rela.init)
 *(.rela.text .rela.text.* .rela.gnu.linkonce.t.*)
 *(.rela.fini)
 *(.rela.rodata .rela.rodata.* .rela.gnu.linkonce.r.*)
 *(.rela.data .rela.data.* .rela.gnu.linkonce.d.*)
 *(.rela.tdata .rela.tdata.* .rela.gnu.linkonce.td.*)
 *(.rela.tbss .rela.tbss.* .rela.gnu.linkonce.tb.*)
 *(.rela.ctors)
 *(.rela.dtors)
 *(.rela.got)
 *(.rela.bss .rela.bss.* .rela.gnu.linkonce.b.*)
                [!provide]                        PROVIDE (__rela_iplt_start, .)
 *(.rela.iplt)
                [!provide]                        PROVIDE (__rela_iplt_end, .)

.rel.plt        0x0000000000010bf0      0x200
 *(.rel.plt)
 .rel.plt       0x0000000000010bf0      0x200 /opt/ti-processor-sdk-linux-rt-am57xx-evm-04.03.00.05/linux-devkit/sysroots/x86_64-arago-linux/usr/bin/../arm-linux-gnueabihf/libc/usr/lib/arm-linux-gnueabihf/6.2.1/crt1.o

.rela.plt
 *(.rela.plt)

.init           0x0000000000010df0        0xc
 *(SORT(.init))
 .init          0x0000000000010df0        0x8 /opt/ti-processor-sdk-linux-rt-am57xx-evm-04.03.00.05/linux-devkit/sysroots/x86_64-arago-linux/usr/bin/../arm-linux-gnueabihf/libc/usr/lib/arm-linux-gnueabihf/6.2.1/crti.o
                0x0000000000010df0                _init
 .init          0x0000000000010df8        0x4 /opt/ti-processor-sdk-linux-rt-am57xx-evm-04.03.00.05/linux-devkit/sysroots/x86_64-arago-linux/usr/bin/../arm-linux-gnueabihf/libc/usr/lib/arm-linux-gnueabihf/6.2.1/crtn.o

.plt            0x0000000000010dfc      0x330
 *(.plt)
 .plt           0x0000000000010dfc      0x330 /opt/ti-processor-sdk-linux-rt-am57xx-evm-04.03.00.05/linux-devkit/sysroots/x86_64-arago-linux/usr/bin/../arm-linux-gnueabihf/libc/usr/lib/arm-linux-gnueabihf/6.2.1/crt1.o
                0x0000000000010e14                pthread_mutex_unlock@@GLIBC_2.4
                0x0000000000010e20                calloc@@GLIBC_2.4
                0x0000000000010e2c                sem_wait@@GLIBC_2.4
                0x0000000000010e38                pthread_mutexattr_init@@GLIBC_2.4
                0x0000000000010e44                strcmp@@GLIBC_2.4
                0x0000000000010e54                sem_post@@GLIBC_2.4
                0x0000000000010e64                printf@@GLIBC_2.4
                0x0000000000010e70                fopen@@GLIBC_2.4
                0x0000000000010e7c                read@@GLIBC_2.4
                0x0000000000010e88                pthread_mutex_destroy@@GLIBC_2.4
                0x0000000000010e94                fflush@@GLIBC_2.4
                0x0000000000010ea4                free@@GLIBC_2.4
                0x0000000000010eb0                pthread_mutex_lock@@GLIBC_2.4
                0x0000000000010ebc                pthread_self@@GLIBC_2.4
                0x0000000000010ecc                memcpy@@GLIBC_2.4
                0x0000000000010ed8                pthread_mutex_init@@GLIBC_2.4
                0x0000000000010ee4                signal@@GLIBC_2.4
                0x0000000000010ef0                time@@GLIBC_2.4
                0x0000000000010efc                pthread_mutex_trylock@@GLIBC_2.4
                0x0000000000010f08                select@@GLIBC_2.4
                0x0000000000010f14                sleep@@GLIBC_2.4
                0x0000000000010f20                recvfrom@@GLIBC_2.4
                0x0000000000010f2c                __xstat@@GLIBC_2.4
                0x0000000000010f38                fwrite@@GLIBC_2.4
                0x0000000000010f44                ioctl@@GLIBC_2.4
                0x0000000000010f50                usleep@@GLIBC_2.4
                0x0000000000010f5c                strcpy@@GLIBC_2.4
                0x0000000000010f68                gettimeofday@@GLIBC_2.4
                0x0000000000010f74                fread@@GLIBC_2.4
                0x0000000000010f80                pthread_create@@GLIBC_2.4
                0x0000000000010f8c                getenv@@GLIBC_2.4
                0x0000000000010f98                puts@@GLIBC_2.4
                0x0000000000010fa8                malloc@@GLIBC_2.4
                0x0000000000010fb4                __libc_start_main@@GLIBC_2.4
                0x0000000000010fc0                strerror@@GLIBC_2.4
                0x0000000000010fd8                open@@GLIBC_2.4
                0x0000000000010fe4                pthread_mutexattr_settype@@GLIBC_2.4
                0x0000000000010ff0                getpid@@GLIBC_2.4
                0x0000000000010ffc                exit@@GLIBC_2.4
                0x0000000000011008                sem_timedwait@@GLIBC_2.4
                0x0000000000011014                strtoul@@GLIBC_2.4
                0x0000000000011020                mmap@@GLIBC_2.4
                0x0000000000011030                fprintf@@GLIBC_2.4
                0x000000000001103c                fcntl@@GLIBC_2.4
                0x0000000000011048                __errno_location@@GLIBC_2.4
                0x0000000000011054                bind@@GLIBC_2.4
                0x0000000000011060                sem_init@@GLIBC_2.4
                0x000000000001106c                strncpy@@GLIBC_2.4
                0x0000000000011078                write@@GLIBC_2.4
                0x0000000000011084                fileno@@GLIBC_2.4
                0x0000000000011090                difftime@@GLIBC_2.4
                0x000000000001109c                fclose@@GLIBC_2.4
                0x00000000000110a8                munmap@@GLIBC_2.4
                0x00000000000110b4                pthread_join@@GLIBC_2.4
                0x00000000000110c0                sprintf@@GLIBC_2.4
                0x00000000000110cc                getsockname@@GLIBC_2.4
                0x00000000000110d8                socket@@GLIBC_2.4
                0x00000000000110e4                eventfd@@GLIBC_2.7
                0x00000000000110f0                abort@@GLIBC_2.4
                0x00000000000110fc                close@@GLIBC_2.4
                0x0000000000011108                send@@GLIBC_2.4
                0x0000000000011114                connect@@GLIBC_2.4
                0x0000000000011120                __assert_fail@@GLIBC_2.4

.iplt           0x000000000001112c        0x0
 *(.iplt)
 .iplt          0x000000000001112c        0x0 /opt/ti-processor-sdk-linux-rt-am57xx-evm-04.03.00.05/linux-devkit/sysroots/x86_64-arago-linux/usr/bin/../arm-linux-gnueabihf/libc/usr/lib/arm-linux-gnueabihf/6.2.1/crt1.o

.text           0x0000000000011130     0x513c
 *(.text.unlikely .text.*_unlikely .text.unlikely.*)
 *(.text.exit .text.exit.*)
 *(.text.startup .text.startup.*)
 .text.startup  0x0000000000011130      0x208 bin/release/obj/main_host.ov7A
                0x0000000000011130                main
 *(.text.hot .text.hot.*)
 *(.text .stub .text.* .gnu.linkonce.t.*)
 .text          0x0000000000011338       0x30 /opt/ti-processor-sdk-linux-rt-am57xx-evm-04.03.00.05/linux-devkit/sysroots/x86_64-arago-linux/usr/bin/../arm-linux-gnueabihf/libc/usr/lib/arm-linux-gnueabihf/6.2.1/crt1.o
                0x0000000000011338                _start
 .text          0x0000000000011368       0x24 /opt/ti-processor-sdk-linux-rt-am57xx-evm-04.03.00.05/linux-devkit/sysroots/x86_64-arago-linux/usr/bin/../arm-linux-gnueabihf/libc/usr/lib/arm-linux-gnueabihf/6.2.1/crti.o
 .text          0x000000000001138c       0x8c /opt/ti-processor-sdk-linux-rt-am57xx-evm-04.03.00.05/linux-devkit/sysroots/x86_64-arago-linux/usr/bin/../lib/gcc/arm-linux-gnueabihf/6.2.1/crtbegin.o
 .text          0x0000000000011418        0x0 bin/release/obj/main_host.ov7A
 .text          0x0000000000011418      0x30c bin/release/obj/App.ov7A
                0x0000000000011418                App_create
                0x00000000000114d0                App_delete
                0x0000000000011508                App_exec
 .text          0x0000000000011724      0xe0c /opt/ti/ipc_3_47_01_00/linux/src/transport/.libs/libtitransportrpmsg.a(TransportRpmsg.o)
                0x0000000000011724                TransportRpmsg_unbind
                0x00000000000118c0                TransportRpmsg_put
                0x0000000000011dbc                TransportRpmsg_Factory_delete
                0x0000000000011e48                TransportRpmsg_Factory_create
                0x000000000001205c                TransportRpmsg_bind
                0x00000000000122bc                TransportRpmsg_upCast
                0x00000000000122c0                TransportRpmsg_downCast
                0x00000000000122c4                TransportRpmsg_delete
                0x0000000000012330                TransportRpmsg_create
                0x0000000000012470                TransportRpmsg_Factory_attach
                0x00000000000124cc                TransportRpmsg_Factory_detach
                0x000000000001252c                TransportRpmsg_control
 .text          0x0000000000012530     0x1038 /opt/ti/ipc_3_47_01_00/linux/src/api/.libs/libtiipc.a(MessageQ.o)
                0x0000000000012530                MessageQ_registerTransport
                0x00000000000125a0                MessageQ_registerTransportId
                0x000000000001261c                MessageQ_unregisterTransport
                0x0000000000012664                MessageQ_unregisterTransportId
                0x0000000000012698                MessageQ_getConfig
                0x0000000000012778                MessageQ_setup
                0x00000000000128f4                MessageQ_destroy
                0x0000000000012a44                MessageQ_Params_init
                0x0000000000012a4c                MessageQ_Params_init(void) static
                0x0000000000012a80                MessageQ_delete
                0x0000000000012c14                MessageQ_open
                0x0000000000012c58                MessageQ_openQueueId
                0x0000000000012c64                MessageQ_close
                0x0000000000012c70                MessageQ_put
                0x0000000000012db0                MessageQ_get
                0x0000000000012eb0                MessageQ_count
                0x0000000000012eb8                MessageQ_free
                0x0000000000012f00                MessageQ_registerHeap
                0x0000000000012f54                MessageQ_unregisterHeap
                0x0000000000012f9c                MessageQ_unblock
                0x0000000000012fac                MessageQ_shutdown
                0x0000000000012fbc                MessageQ_setReplyQueue
                0x0000000000012fc8                MessageQ_getQueueId
                0x0000000000012fcc                MessageQ_getLocalHandle
                0x0000000000012ff4                MessageQ_setMsgTrace
                0x0000000000013004                MessageQ_sharedMemReq
                0x0000000000013008                MessageQ_msgInit
                0x0000000000013050                MessageQ_staticMsgInit
                0x0000000000013064                MessageQ_alloc
                0x00000000000130e0                _MessageQ_grow
                0x0000000000013128                MessageQ_create
                0x0000000000013480                MessageQ_bind
                0x00000000000134e8                MessageQ_unbind
 .text          0x0000000000013568      0xcb0 /opt/ti/ipc_3_47_01_00/linux/src/api/.libs/libtiipc.a(NameServer.o)
                0x0000000000013568                NameServer_setup
                0x0000000000013630                NameServer_destroy
                0x00000000000136f8                NameServer_Params_init
                0x00000000000137b0                NameServer_create
                0x000000000001387c                NameServer_add
                0x0000000000013950                NameServer_get
                0x0000000000013a6c                NameServer_addUInt32
                0x0000000000013b2c                NameServer_getUInt32
                0x0000000000013c40                NameServer_getLocal
                0x0000000000013d34                NameServer_getLocalUInt32
                0x0000000000013e0c                NameServer_remove
                0x0000000000013ee4                NameServer_removeEntry
                0x0000000000013fb4                NameServer_delete
                0x0000000000014088                NameServer_attach
                0x0000000000014150                NameServer_detach
 .text          0x0000000000014218      0x6e8 /opt/ti/ipc_3_47_01_00/linux/src/api/.libs/libtiipc.a(Ipc.o)
                0x0000000000014248                Ipc_transportConfig
                0x0000000000014284                Ipc_attach
                0x000000000001434c                Ipc_detach
                0x0000000000014418                Ipc_stop
                0x0000000000014530                Ipc_isAttached
                0x0000000000014548                Ipc_getConfig
                0x00000000000145e0                Ipc_start
 .text          0x0000000000014900       0x24 /opt/ti/ipc_3_47_01_00/linux/src/api/.libs/libtiipc.a(HeapStd.o)
                0x0000000000014900                HeapStd_alloc
                0x0000000000014908                HeapStd_free
                0x0000000000014910                HeapStd_handle
                0x000000000001491c                HeapStd_upCast
                0x0000000000014920                HeapStd_downCast
 .text          0x0000000000014924      0xae8 /opt/ti/ipc_3_47_01_00/linux/src/api/.libs/libtiipc.a(GateMP.o)
                0x0000000000014c34                GateMP_attach
                0x0000000000014cfc                GateMP_detach
                0x0000000000014dc4                GateMP_Params_init
                0x0000000000014e00                GateMP_create
                0x0000000000014e50                GateMP_open
                0x000000000001502c                GateMP_getDefaultRemote
                0x0000000000015038                GateMP_getLocalProtect
                0x000000000001503c                GateMP_getRemoteProtect
                0x0000000000015040                GateMP_isSetup
                0x0000000000015120                GateMP_delete
                0x00000000000151a4                GateMP_close
                0x00000000000151e4                GateMP_stop
                0x0000000000015228                GateMP_start
                0x00000000000153ec                GateMP_enter
                0x00000000000153fc                GateMP_leave
 .text          0x000000000001540c      0x3f8 /opt/ti/ipc_3_47_01_00/linux/src/api/.libs/libtiipc.a(GateHWSpinlock.o)
                0x000000000001540c                GateHWSpinlock_leave
                0x0000000000015458                GateHWSpinlock_enter
                0x0000000000015508                GateHWSpinlock_getConfig
                0x00000000000155f0                GateHWSpinlock_stop
                0x0000000000015634                GateHWSpinlock_start
                0x000000000001575c                GateHWSpinlock_Params_init
                0x0000000000015790                GateHWSpinlock_create
                0x00000000000157e8                GateHWSpinlock_delete
 .text          0x0000000000015804       0xd8 /opt/ti/ipc_3_47_01_00/linux/src/api/.libs/libtiipc.a(MultiProc.o)
                0x0000000000015804                MultiProc_getConfig
 .text          0x00000000000158dc       0xbc /opt/ti/ipc_3_47_01_00/linux/src/api/.libs/libtiipc.a(GateMutex.o)
                0x00000000000158dc                GateMutex_enter
                0x0000000000015908                GateMutex_leave
                0x0000000000015930                GateMutex_create
                0x0000000000015974                GateMutex_delete
 .text          0x0000000000015998      0x5b8 /opt/ti/ipc_3_47_01_00/linux/src/utils/.libs/libtiipcutils.a(LAD_client.o)
                0x0000000000015998                LAD_findHandle
                0x00000000000159c4                LAD_getResponse
                0x0000000000015a48                LAD_putCommand
                0x0000000000015ae8                LAD_connect
                0x0000000000015e70                LAD_disconnect
 .text          0x0000000000015f50      0x120 /opt/ti/ipc_3_47_01_00/linux/src/utils/.libs/libtiipcutils.a(MultiProc.o)
                0x0000000000015f50                MultiProc_getBaseIdOfCluster
                0x0000000000015f60                MultiProc_getId
                0x0000000000015fc4                MultiProc_getName
                0x0000000000016000                MultiProc_getNumProcessors
                0x000000000001600c                MultiProc_getNumProcsInCluster
                0x000000000001601c                MultiProc_self
                0x000000000001602c                MultiProc_setLocalId
 .text          0x0000000000016070       0x14 /opt/ti/ipc_3_47_01_00/linux/src/utils/.libs/libtiipcutils.a(MultiProc_app.o)
                0x0000000000016070                _MultiProc_initCfg
 .text          0x0000000000016084      0x1a4 /opt/ti/ipc_3_47_01_00/linux/src/utils/.libs/libtiipcutils.a(SocketFxns.o)
                0x0000000000016084                ConnectSocket
                0x0000000000016174                SocketBindAddr
 .text          0x0000000000016228       0x44 /opt/ti-processor-sdk-linux-rt-am57xx-evm-04.03.00.05/linux-devkit/sysroots/x86_64-arago-linux/usr/bin/../arm-linux-gnueabihf/libc/usr/lib/arm-linux-gnueabihf/6.2.1/./libc_nonshared.a(elf-init.oS)
                0x0000000000016228                __libc_csu_init
                0x0000000000016268                __libc_csu_fini
 .text          0x000000000001626c        0x0 /opt/ti-processor-sdk-linux-rt-am57xx-evm-04.03.00.05/linux-devkit/sysroots/x86_64-arago-linux/usr/bin/../lib/gcc/arm-linux-gnueabihf/6.2.1/crtend.o
 .text          0x000000000001626c        0x0 /opt/ti-processor-sdk-linux-rt-am57xx-evm-04.03.00.05/linux-devkit/sysroots/x86_64-arago-linux/usr/bin/../arm-linux-gnueabihf/libc/usr/lib/arm-linux-gnueabihf/6.2.1/crtn.o
 *(.gnu.warning)
 *(.glue_7t)
 .glue_7t       0x000000000001626c        0x0 linker stubs
 *(.glue_7)
 .glue_7        0x000000000001626c        0x0 linker stubs
 *(.vfp11_veneer)
 .vfp11_veneer  0x000000000001626c        0x0 linker stubs
 *(.v4_bx)
 .v4_bx         0x000000000001626c        0x0 linker stubs

.fini           0x000000000001626c        0x8
 *(SORT(.fini))
 .fini          0x000000000001626c        0x4 /opt/ti-processor-sdk-linux-rt-am57xx-evm-04.03.00.05/linux-devkit/sysroots/x86_64-arago-linux/usr/bin/../arm-linux-gnueabihf/libc/usr/lib/arm-linux-gnueabihf/6.2.1/crti.o
                0x000000000001626c                _fini
 .fini          0x0000000000016270        0x4 /opt/ti-processor-sdk-linux-rt-am57xx-evm-04.03.00.05/linux-devkit/sysroots/x86_64-arago-linux/usr/bin/../arm-linux-gnueabihf/libc/usr/lib/arm-linux-gnueabihf/6.2.1/crtn.o
                [!provide]                        PROVIDE (__etext, .)
                [!provide]                        PROVIDE (_etext, .)
                [!provide]                        PROVIDE (etext, .)

.rodata         0x0000000000016274     0x3720
 *(.rodata .rodata.* .gnu.linkonce.r.*)
 .rodata.cst4   0x0000000000016274        0x4 /opt/ti-processor-sdk-linux-rt-am57xx-evm-04.03.00.05/linux-devkit/sysroots/x86_64-arago-linux/usr/bin/../arm-linux-gnueabihf/libc/usr/lib/arm-linux-gnueabihf/6.2.1/crt1.o
                0x0000000000016274                _IO_stdin_used
 .rodata.str1.4
                0x0000000000016278      0x2aa bin/release/obj/main_host.ov7A
 *fill*         0x0000000000016522        0x2 
 .rodata.str1.4
                0x0000000000016524      0x27a bin/release/obj/App.ov7A
 *fill*         0x000000000001679e        0x2 
 .rodata.str1.4
                0x00000000000167a0      0x6db /opt/ti/ipc_3_47_01_00/linux/src/transport/.libs/libtitransportrpmsg.a(TransportRpmsg.o)
 *fill*         0x0000000000016e7b        0x1 
 .rodata        0x0000000000016e7c       0x3c /opt/ti/ipc_3_47_01_00/linux/src/api/.libs/libtiipc.a(MessageQ.o)
 .rodata.str1.4
                0x0000000000016eb8      0x924 /opt/ti/ipc_3_47_01_00/linux/src/api/.libs/libtiipc.a(MessageQ.o)
                                        0x92c (size before relaxing)
 .rodata.str1.4
                0x00000000000177dc      0xd20 /opt/ti/ipc_3_47_01_00/linux/src/api/.libs/libtiipc.a(NameServer.o)
 .rodata.str1.4
                0x00000000000184fc      0x29c /opt/ti/ipc_3_47_01_00/linux/src/api/.libs/libtiipc.a(Ipc.o)
 .rodata        0x0000000000018798        0xf /opt/ti/ipc_3_47_01_00/linux/src/api/.libs/libtiipc.a(GateMP.o)
 *fill*         0x00000000000187a7        0x1 
 .rodata.str1.4
                0x00000000000187a8      0x95d /opt/ti/ipc_3_47_01_00/linux/src/api/.libs/libtiipc.a(GateMP.o)
 *fill*         0x0000000000019105        0x3 
 .rodata        0x0000000000019108       0x37 /opt/ti/ipc_3_47_01_00/linux/src/api/.libs/libtiipc.a(GateHWSpinlock.o)
 *fill*         0x000000000001913f        0x1 
 .rodata.str1.4
                0x0000000000019140      0x23d /opt/ti/ipc_3_47_01_00/linux/src/api/.libs/libtiipc.a(GateHWSpinlock.o)
                                        0x241 (size before relaxing)
 *fill*         0x000000000001937d        0x3 
 .rodata        0x0000000000019380       0x14 /opt/ti/ipc_3_47_01_00/linux/src/api/.libs/libtiipc.a(MultiProc.o)
 .rodata.str1.4
                0x0000000000019394      0x100 /opt/ti/ipc_3_47_01_00/linux/src/api/.libs/libtiipc.a(MultiProc.o)
                                        0x10c (size before relaxing)
 .rodata        0x0000000000019494       0x20 /opt/ti/ipc_3_47_01_00/linux/src/api/.libs/libtiipc.a(GateMutex.o)
 .rodata.str1.4
                0x00000000000194b4       0x35 /opt/ti/ipc_3_47_01_00/linux/src/api/.libs/libtiipc.a(GateMutex.o)
 *fill*         0x00000000000194e9        0x3 
 .rodata.str1.4
                0x00000000000194ec      0x306 /opt/ti/ipc_3_47_01_00/linux/src/utils/.libs/libtiipcutils.a(LAD_client.o)
                                        0x30a (size before relaxing)
 *fill*         0x00000000000197f2        0x2 
 .rodata        0x00000000000197f4       0x39 /opt/ti/ipc_3_47_01_00/linux/src/utils/.libs/libtiipcutils.a(MultiProc.o)
 *fill*         0x000000000001982d        0x3 
 .rodata.str1.4
                0x0000000000019830       0x5e /opt/ti/ipc_3_47_01_00/linux/src/utils/.libs/libtiipcutils.a(MultiProc.o)
 *fill*         0x000000000001988e        0x2 
 .rodata.str1.4
                0x0000000000019890      0x104 /opt/ti/ipc_3_47_01_00/linux/src/utils/.libs/libtiipcutils.a(SocketFxns.o)
                                        0x101 (size before relaxing)

.rodata1
 *(.rodata1)

.ARM.extab      0x0000000000019994        0x0
 *(.ARM.extab* .gnu.linkonce.armextab.*)
 .ARM.extab     0x0000000000019994        0x0 /opt/ti-processor-sdk-linux-rt-am57xx-evm-04.03.00.05/linux-devkit/sysroots/x86_64-arago-linux/usr/bin/../arm-linux-gnueabihf/libc/usr/lib/arm-linux-gnueabihf/6.2.1/crt1.o
                [!provide]                        PROVIDE (__exidx_start, .)

.ARM.exidx      0x0000000000019994        0x8
 *(.ARM.exidx* .gnu.linkonce.armexidx.*)
 .ARM.exidx     0x0000000000019994        0x8 /opt/ti-processor-sdk-linux-rt-am57xx-evm-04.03.00.05/linux-devkit/sysroots/x86_64-arago-linux/usr/bin/../arm-linux-gnueabihf/libc/usr/lib/arm-linux-gnueabihf/6.2.1/crt1.o
                [!provide]                        PROVIDE (__exidx_end, .)

.eh_frame_hdr
 *(.eh_frame_hdr)
 *(.eh_frame_entry .eh_frame_entry.*)

.eh_frame       0x000000000001999c        0x4
 *(.eh_frame)
 .eh_frame      0x000000000001999c        0x4 /opt/ti-processor-sdk-linux-rt-am57xx-evm-04.03.00.05/linux-devkit/sysroots/x86_64-arago-linux/usr/bin/../lib/gcc/arm-linux-gnueabihf/6.2.1/crtend.o
 *(.eh_frame.*)

.gcc_except_table
 *(.gcc_except_table .gcc_except_table.*)

.gnu_extab
 *(.gnu_extab*)

.exception_ranges
 *(.exception_ranges .exception_ranges*)
                0x000000000002a000                . = DATA_SEGMENT_ALIGN (0x10000, 0x1000)

.eh_frame
 *(.eh_frame)
 *(.eh_frame.*)

.gnu_extab
 *(.gnu_extab)

.gcc_except_table
 *(.gcc_except_table .gcc_except_table.*)

.exception_ranges
 *(.exception_ranges .exception_ranges*)

.tdata
 *(.tdata .tdata.* .gnu.linkonce.td.*)

.tbss
 *(.tbss .tbss.* .gnu.linkonce.tb.*)
 *(.tcommon)

.preinit_array  0x000000000002a000        0x0
                [!provide]                        PROVIDE (__preinit_array_start, .)
 *(.preinit_array)
                [!provide]                        PROVIDE (__preinit_array_end, .)

.init_array     0x000000000002a000        0x4
                0x000000000002a000                PROVIDE (__init_array_start, .)
 *(SORT(.init_array.*) SORT(.ctors.*))
 *(.init_array EXCLUDE_FILE(*crtend?.o *crtend.o *crtbegin?.o *crtbegin.o) .ctors)
 .init_array    0x000000000002a000        0x4 /opt/ti-processor-sdk-linux-rt-am57xx-evm-04.03.00.05/linux-devkit/sysroots/x86_64-arago-linux/usr/bin/../lib/gcc/arm-linux-gnueabihf/6.2.1/crtbegin.o
                0x000000000002a004                PROVIDE (__init_array_end, .)

.fini_array     0x000000000002a004        0x4
                [!provide]                        PROVIDE (__fini_array_start, .)
 *(SORT(.fini_array.*) SORT(.dtors.*))
 *(.fini_array EXCLUDE_FILE(*crtend?.o *crtend.o *crtbegin?.o *crtbegin.o) .dtors)
 .fini_array    0x000000000002a004        0x4 /opt/ti-processor-sdk-linux-rt-am57xx-evm-04.03.00.05/linux-devkit/sysroots/x86_64-arago-linux/usr/bin/../lib/gcc/arm-linux-gnueabihf/6.2.1/crtbegin.o
                [!provide]                        PROVIDE (__fini_array_end, .)

.ctors
 *crtbegin.o(.ctors)
 *crtbegin?.o(.ctors)
 *(EXCLUDE_FILE(*crtend?.o *crtend.o) .ctors)
 *(SORT(.ctors.*))
 *(.ctors)

.dtors
 *crtbegin.o(.dtors)
 *crtbegin?.o(.dtors)
 *(EXCLUDE_FILE(*crtend?.o *crtend.o) .dtors)
 *(SORT(.dtors.*))
 *(.dtors)

.jcr            0x000000000002a008        0x4
 *(.jcr)
 .jcr           0x000000000002a008        0x0 /opt/ti-processor-sdk-linux-rt-am57xx-evm-04.03.00.05/linux-devkit/sysroots/x86_64-arago-linux/usr/bin/../lib/gcc/arm-linux-gnueabihf/6.2.1/crtbegin.o
 .jcr           0x000000000002a008        0x4 /opt/ti-processor-sdk-linux-rt-am57xx-evm-04.03.00.05/linux-devkit/sysroots/x86_64-arago-linux/usr/bin/../lib/gcc/arm-linux-gnueabihf/6.2.1/crtend.o

.data.rel.ro
 *(.data.rel.ro.local* .gnu.linkonce.d.rel.ro.local.*)
 *(.data.rel.ro .data.rel.ro.* .gnu.linkonce.d.rel.ro.*)

.dynamic        0x000000000002a00c       0xf8
 *(.dynamic)
 .dynamic       0x000000000002a00c       0xf8 /opt/ti-processor-sdk-linux-rt-am57xx-evm-04.03.00.05/linux-devkit/sysroots/x86_64-arago-linux/usr/bin/../arm-linux-gnueabihf/libc/usr/lib/arm-linux-gnueabihf/6.2.1/crt1.o
                0x000000000002a00c                _DYNAMIC
                0x000000000002a104                . = DATA_SEGMENT_RELRO_END (., 0x0)

.got            0x000000000002a104      0x114
 *(.got.plt)
 .got.plt       0x000000000002a104      0x10c /opt/ti-processor-sdk-linux-rt-am57xx-evm-04.03.00.05/linux-devkit/sysroots/x86_64-arago-linux/usr/bin/../arm-linux-gnueabihf/libc/usr/lib/arm-linux-gnueabihf/6.2.1/crt1.o
                0x000000000002a104                _GLOBAL_OFFSET_TABLE_
 *(.igot.plt)
 .igot.plt      0x000000000002a210        0x0 /opt/ti-processor-sdk-linux-rt-am57xx-evm-04.03.00.05/linux-devkit/sysroots/x86_64-arago-linux/usr/bin/../arm-linux-gnueabihf/libc/usr/lib/arm-linux-gnueabihf/6.2.1/crt1.o
 *(.got)
 .got           0x000000000002a210        0x8 /opt/ti-processor-sdk-linux-rt-am57xx-evm-04.03.00.05/linux-devkit/sysroots/x86_64-arago-linux/usr/bin/../arm-linux-gnueabihf/libc/usr/lib/arm-linux-gnueabihf/6.2.1/crt1.o
 *(.igot)

.data           0x000000000002a218     0x2260
                [!provide]                        PROVIDE (__data_start, .)
 *(.data .data.* .gnu.linkonce.d.*)
 .data          0x000000000002a218        0x4 /opt/ti-processor-sdk-linux-rt-am57xx-evm-04.03.00.05/linux-devkit/sysroots/x86_64-arago-linux/usr/bin/../arm-linux-gnueabihf/libc/usr/lib/arm-linux-gnueabihf/6.2.1/crt1.o
                0x000000000002a218                data_start
                0x000000000002a218                __data_start
 .data          0x000000000002a21c        0x0 /opt/ti-processor-sdk-linux-rt-am57xx-evm-04.03.00.05/linux-devkit/sysroots/x86_64-arago-linux/usr/bin/../arm-linux-gnueabihf/libc/usr/lib/arm-linux-gnueabihf/6.2.1/crti.o
 .data          0x000000000002a21c        0x4 /opt/ti-processor-sdk-linux-rt-am57xx-evm-04.03.00.05/linux-devkit/sysroots/x86_64-arago-linux/usr/bin/../lib/gcc/arm-linux-gnueabihf/6.2.1/crtbegin.o
                0x000000000002a21c                __dso_handle
 .data          0x000000000002a220        0x0 bin/release/obj/main_host.ov7A
 .data          0x000000000002a220        0x0 bin/release/obj/App.ov7A
 .data          0x000000000002a220     0x20fc /opt/ti/ipc_3_47_01_00/linux/src/transport/.libs/libtitransportrpmsg.a(TransportRpmsg.o)
                0x000000000002a220                TransportRpmsg_module
                0x000000000002a224                TransportRpmsg_fxns
                0x000000000002a230                TransportRpmsg_Factory
                0x000000000002a240                TransportRpmsg_state
 .data          0x000000000002c31c       0xc4 /opt/ti/ipc_3_47_01_00/linux/src/api/.libs/libtiipc.a(MessageQ.o)
                0x000000000002c31c                MessageQ_module
 .data          0x000000000002c3e0        0x0 /opt/ti/ipc_3_47_01_00/linux/src/api/.libs/libtiipc.a(NameServer.o)
 .data          0x000000000002c3e0       0x50 /opt/ti/ipc_3_47_01_00/linux/src/api/.libs/libtiipc.a(Ipc.o)
 .data          0x000000000002c430        0xc /opt/ti/ipc_3_47_01_00/linux/src/api/.libs/libtiipc.a(HeapStd.o)
                0x000000000002c434                HeapStd_Fxns
 .data          0x000000000002c43c       0x14 /opt/ti/ipc_3_47_01_00/linux/src/api/.libs/libtiipc.a(GateMP.o)
 .data          0x000000000002c450       0x10 /opt/ti/ipc_3_47_01_00/linux/src/api/.libs/libtiipc.a(GateHWSpinlock.o)
 .data          0x000000000002c460        0x0 /opt/ti/ipc_3_47_01_00/linux/src/api/.libs/libtiipc.a(MultiProc.o)
 .data          0x000000000002c460        0x0 /opt/ti/ipc_3_47_01_00/linux/src/api/.libs/libtiipc.a(GateMutex.o)
 .data          0x000000000002c460       0x18 /opt/ti/ipc_3_47_01_00/linux/src/utils/.libs/libtiipcutils.a(LAD_client.o)
 .data          0x000000000002c478        0x0 /opt/ti/ipc_3_47_01_00/linux/src/utils/.libs/libtiipcutils.a(MultiProc.o)
 .data          0x000000000002c478        0x0 /opt/ti/ipc_3_47_01_00/linux/src/utils/.libs/libtiipcutils.a(MultiProc_app.o)
 .data          0x000000000002c478        0x0 /opt/ti/ipc_3_47_01_00/linux/src/utils/.libs/libtiipcutils.a(SocketFxns.o)
 .data          0x000000000002c478        0x0 /opt/ti-processor-sdk-linux-rt-am57xx-evm-04.03.00.05/linux-devkit/sysroots/x86_64-arago-linux/usr/bin/../arm-linux-gnueabihf/libc/usr/lib/arm-linux-gnueabihf/6.2.1/./libc_nonshared.a(elf-init.oS)
 .data          0x000000000002c478        0x0 /opt/ti-processor-sdk-linux-rt-am57xx-evm-04.03.00.05/linux-devkit/sysroots/x86_64-arago-linux/usr/bin/../lib/gcc/arm-linux-gnueabihf/6.2.1/crtend.o
 .data          0x000000000002c478        0x0 /opt/ti-processor-sdk-linux-rt-am57xx-evm-04.03.00.05/linux-devkit/sysroots/x86_64-arago-linux/usr/bin/../arm-linux-gnueabihf/libc/usr/lib/arm-linux-gnueabihf/6.2.1/crtn.o

.tm_clone_table
                0x000000000002c478        0x0
 .tm_clone_table
                0x000000000002c478        0x0 /opt/ti-processor-sdk-linux-rt-am57xx-evm-04.03.00.05/linux-devkit/sysroots/x86_64-arago-linux/usr/bin/../lib/gcc/arm-linux-gnueabihf/6.2.1/crtbegin.o
 .tm_clone_table
                0x000000000002c478        0x0 /opt/ti-processor-sdk-linux-rt-am57xx-evm-04.03.00.05/linux-devkit/sysroots/x86_64-arago-linux/usr/bin/../lib/gcc/arm-linux-gnueabihf/6.2.1/crtend.o

.data1
 *(.data1)
                0x000000000002c478                _edata = .
                [!provide]                        PROVIDE (edata, .)
                0x000000000002c478                . = .
                0x000000000002c478                __bss_start = .
                0x000000000002c478                __bss_start__ = .

.bss            0x000000000002c478     0x138c
 *(.dynbss)
 .dynbss        0x000000000002c478        0x4 /opt/ti-processor-sdk-linux-rt-am57xx-evm-04.03.00.05/linux-devkit/sysroots/x86_64-arago-linux/usr/bin/../arm-linux-gnueabihf/libc/usr/lib/arm-linux-gnueabihf/6.2.1/crt1.o
                0x000000000002c478                stderr@@GLIBC_2.4
 *(.bss .bss.* .gnu.linkonce.b.*)
 .bss           0x000000000002c47c        0x0 /opt/ti-processor-sdk-linux-rt-am57xx-evm-04.03.00.05/linux-devkit/sysroots/x86_64-arago-linux/usr/bin/../arm-linux-gnueabihf/libc/usr/lib/arm-linux-gnueabihf/6.2.1/crt1.o
 .bss           0x000000000002c47c        0x0 /opt/ti-processor-sdk-linux-rt-am57xx-evm-04.03.00.05/linux-devkit/sysroots/x86_64-arago-linux/usr/bin/../arm-linux-gnueabihf/libc/usr/lib/arm-linux-gnueabihf/6.2.1/crti.o
 .bss           0x000000000002c47c        0x1 /opt/ti-processor-sdk-linux-rt-am57xx-evm-04.03.00.05/linux-devkit/sysroots/x86_64-arago-linux/usr/bin/../lib/gcc/arm-linux-gnueabihf/6.2.1/crtbegin.o
 *fill*         0x000000000002c47d        0x3 
 .bss           0x000000000002c480        0x4 bin/release/obj/main_host.ov7A
 .bss           0x000000000002c484       0x10 bin/release/obj/App.ov7A
 .bss           0x000000000002c494        0x1 /opt/ti/ipc_3_47_01_00/linux/src/transport/.libs/libtitransportrpmsg.a(TransportRpmsg.o)
                0x000000000002c494                _TransportMessageQ_verbose
 .bss           0x000000000002c495        0x1 /opt/ti/ipc_3_47_01_00/linux/src/api/.libs/libtiipc.a(MessageQ.o)
                0x000000000002c495                _MessageQ_verbose
 .bss           0x000000000002c496        0x1 /opt/ti/ipc_3_47_01_00/linux/src/api/.libs/libtiipc.a(NameServer.o)
                0x000000000002c496                _NameServer_verbose
 *fill*         0x000000000002c497        0x1 
 .bss           0x000000000002c498        0x8 /opt/ti/ipc_3_47_01_00/linux/src/api/.libs/libtiipc.a(Ipc.o)
                0x000000000002c498                _Ipc_verbose
 .bss           0x000000000002c4a0        0x0 /opt/ti/ipc_3_47_01_00/linux/src/api/.libs/libtiipc.a(HeapStd.o)
 .bss           0x000000000002c4a0       0x44 /opt/ti/ipc_3_47_01_00/linux/src/api/.libs/libtiipc.a(GateMP.o)
                0x000000000002c4a0                _GateMP_verbose
 .bss           0x000000000002c4e4       0x10 /opt/ti/ipc_3_47_01_00/linux/src/api/.libs/libtiipc.a(GateHWSpinlock.o)
                0x000000000002c4e4                _GateHWSpinlock_verbose
 .bss           0x000000000002c4f4        0x1 /opt/ti/ipc_3_47_01_00/linux/src/api/.libs/libtiipc.a(MultiProc.o)
                0x000000000002c4f4                _MultiProc_verbose
 .bss           0x000000000002c4f5        0x0 /opt/ti/ipc_3_47_01_00/linux/src/api/.libs/libtiipc.a(GateMutex.o)
 *fill*         0x000000000002c4f5        0x3 
 .bss           0x000000000002c4f8     0x1189 /opt/ti/ipc_3_47_01_00/linux/src/utils/.libs/libtiipcutils.a(LAD_client.o)
                0x000000000002d678                _LAD_Client_verbose
 .bss           0x000000000002d681        0x0 /opt/ti/ipc_3_47_01_00/linux/src/utils/.libs/libtiipcutils.a(MultiProc.o)
 .bss           0x000000000002d681        0x0 /opt/ti/ipc_3_47_01_00/linux/src/utils/.libs/libtiipcutils.a(MultiProc_app.o)
 .bss           0x000000000002d681        0x1 /opt/ti/ipc_3_47_01_00/linux/src/utils/.libs/libtiipcutils.a(SocketFxns.o)
                0x000000000002d681                _SocketFxns_verbose
 .bss           0x000000000002d682        0x0 /opt/ti-processor-sdk-linux-rt-am57xx-evm-04.03.00.05/linux-devkit/sysroots/x86_64-arago-linux/usr/bin/../arm-linux-gnueabihf/libc/usr/lib/arm-linux-gnueabihf/6.2.1/./libc_nonshared.a(elf-init.oS)
 .bss           0x000000000002d682        0x0 /opt/ti-processor-sdk-linux-rt-am57xx-evm-04.03.00.05/linux-devkit/sysroots/x86_64-arago-linux/usr/bin/../lib/gcc/arm-linux-gnueabihf/6.2.1/crtend.o
 .bss           0x000000000002d682        0x0 /opt/ti-processor-sdk-linux-rt-am57xx-evm-04.03.00.05/linux-devkit/sysroots/x86_64-arago-linux/usr/bin/../arm-linux-gnueabihf/libc/usr/lib/arm-linux-gnueabihf/6.2.1/crtn.o
 *(COMMON)
 *fill*         0x000000000002d682        0x2 
 COMMON         0x000000000002d684        0xc /opt/ti/ipc_3_47_01_00/linux/src/api/.libs/libtiipc.a(Ipc.o)
                0x000000000002d684                _GateHWSpinlock_cfgParams
 COMMON         0x000000000002d690      0x174 /opt/ti/ipc_3_47_01_00/linux/src/utils/.libs/libtiipcutils.a(MultiProc_app.o)
                0x000000000002d690                _MultiProc_cfg
                0x000000000002d804                . = ALIGN ((. != 0x0)?0x4:0x1)
                0x000000000002d804                _bss_end__ = .
                0x000000000002d804                __bss_end__ = .
                0x000000000002d804                . = ALIGN (0x4)
                0x000000000002d804                . = SEGMENT_START ("ldata-segment", .)
                0x000000000002d804                . = ALIGN (0x4)
                0x000000000002d804                __end__ = .
                0x000000000002d804                _end = .
                [!provide]                        PROVIDE (end, .)
                0x000000000002d804                . = DATA_SEGMENT_END (.)

.stab
 *(.stab)

.stabstr
 *(.stabstr)

.stab.excl
 *(.stab.excl)

.stab.exclstr
 *(.stab.exclstr)

.stab.index
 *(.stab.index)

.stab.indexstr
 *(.stab.indexstr)

.comment        0x0000000000000000       0x2d
 *(.comment)
 .comment       0x0000000000000000       0x2d /opt/ti-processor-sdk-linux-rt-am57xx-evm-04.03.00.05/linux-devkit/sysroots/x86_64-arago-linux/usr/bin/../arm-linux-gnueabihf/libc/usr/lib/arm-linux-gnueabihf/6.2.1/crt1.o
                                         0x2e (size before relaxing)
 .comment       0x000000000000002d       0x2e /opt/ti-processor-sdk-linux-rt-am57xx-evm-04.03.00.05/linux-devkit/sysroots/x86_64-arago-linux/usr/bin/../lib/gcc/arm-linux-gnueabihf/6.2.1/crtbegin.o
 .comment       0x000000000000002d       0x2e bin/release/obj/main_host.ov7A
 .comment       0x000000000000002d       0x2e bin/release/obj/App.ov7A
 .comment       0x000000000000002d       0x2e /opt/ti/ipc_3_47_01_00/linux/src/transport/.libs/libtitransportrpmsg.a(TransportRpmsg.o)
 .comment       0x000000000000002d       0x2e /opt/ti/ipc_3_47_01_00/linux/src/api/.libs/libtiipc.a(MessageQ.o)
 .comment       0x000000000000002d       0x2e /opt/ti/ipc_3_47_01_00/linux/src/api/.libs/libtiipc.a(NameServer.o)
 .comment       0x000000000000002d       0x2e /opt/ti/ipc_3_47_01_00/linux/src/api/.libs/libtiipc.a(Ipc.o)
 .comment       0x000000000000002d       0x2e /opt/ti/ipc_3_47_01_00/linux/src/api/.libs/libtiipc.a(HeapStd.o)
 .comment       0x000000000000002d       0x2e /opt/ti/ipc_3_47_01_00/linux/src/api/.libs/libtiipc.a(GateMP.o)
 .comment       0x000000000000002d       0x2e /opt/ti/ipc_3_47_01_00/linux/src/api/.libs/libtiipc.a(GateHWSpinlock.o)
 .comment       0x000000000000002d       0x2e /opt/ti/ipc_3_47_01_00/linux/src/api/.libs/libtiipc.a(MultiProc.o)
 .comment       0x000000000000002d       0x2e /opt/ti/ipc_3_47_01_00/linux/src/api/.libs/libtiipc.a(GateMutex.o)
 .comment       0x000000000000002d       0x2e /opt/ti/ipc_3_47_01_00/linux/src/utils/.libs/libtiipcutils.a(LAD_client.o)
 .comment       0x000000000000002d       0x2e /opt/ti/ipc_3_47_01_00/linux/src/utils/.libs/libtiipcutils.a(MultiProc.o)
 .comment       0x000000000000002d       0x2e /opt/ti/ipc_3_47_01_00/linux/src/utils/.libs/libtiipcutils.a(MultiProc_app.o)
 .comment       0x000000000000002d       0x2e /opt/ti/ipc_3_47_01_00/linux/src/utils/.libs/libtiipcutils.a(SocketFxns.o)
 .comment       0x000000000000002d       0x2e /opt/ti-processor-sdk-linux-rt-am57xx-evm-04.03.00.05/linux-devkit/sysroots/x86_64-arago-linux/usr/bin/../arm-linux-gnueabihf/libc/usr/lib/arm-linux-gnueabihf/6.2.1/./libc_nonshared.a(elf-init.oS)
 .comment       0x000000000000002d       0x2e /opt/ti-processor-sdk-linux-rt-am57xx-evm-04.03.00.05/linux-devkit/sysroots/x86_64-arago-linux/usr/bin/../lib/gcc/arm-linux-gnueabihf/6.2.1/crtend.o

.ARM.attributes
                0x0000000000000000       0x33
 .ARM.attributes
                0x0000000000000000       0x33 /opt/ti-processor-sdk-linux-rt-am57xx-evm-04.03.00.05/linux-devkit/sysroots/x86_64-arago-linux/usr/bin/../arm-linux-gnueabihf/libc/usr/lib/arm-linux-gnueabihf/6.2.1/crt1.o
 .ARM.attributes
                0x0000000000000033       0x23 /opt/ti-processor-sdk-linux-rt-am57xx-evm-04.03.00.05/linux-devkit/sysroots/x86_64-arago-linux/usr/bin/../arm-linux-gnueabihf/libc/usr/lib/arm-linux-gnueabihf/6.2.1/crti.o
 .ARM.attributes
                0x0000000000000056       0x33 /opt/ti-processor-sdk-linux-rt-am57xx-evm-04.03.00.05/linux-devkit/sysroots/x86_64-arago-linux/usr/bin/../lib/gcc/arm-linux-gnueabihf/6.2.1/crtbegin.o
 .ARM.attributes
                0x0000000000000089       0x33 bin/release/obj/main_host.ov7A
 .ARM.attributes
                0x00000000000000bc       0x33 bin/release/obj/App.ov7A
 .ARM.attributes
                0x00000000000000ef       0x33 /opt/ti/ipc_3_47_01_00/linux/src/transport/.libs/libtitransportrpmsg.a(TransportRpmsg.o)
 .ARM.attributes
                0x0000000000000122       0x33 /opt/ti/ipc_3_47_01_00/linux/src/api/.libs/libtiipc.a(MessageQ.o)
 .ARM.attributes
                0x0000000000000155       0x33 /opt/ti/ipc_3_47_01_00/linux/src/api/.libs/libtiipc.a(NameServer.o)
 .ARM.attributes
                0x0000000000000188       0x33 /opt/ti/ipc_3_47_01_00/linux/src/api/.libs/libtiipc.a(Ipc.o)
 .ARM.attributes
                0x00000000000001bb       0x33 /opt/ti/ipc_3_47_01_00/linux/src/api/.libs/libtiipc.a(HeapStd.o)
 .ARM.attributes
                0x00000000000001ee       0x33 /opt/ti/ipc_3_47_01_00/linux/src/api/.libs/libtiipc.a(GateMP.o)
 .ARM.attributes
                0x0000000000000221       0x33 /opt/ti/ipc_3_47_01_00/linux/src/api/.libs/libtiipc.a(GateHWSpinlock.o)
 .ARM.attributes
                0x0000000000000254       0x33 /opt/ti/ipc_3_47_01_00/linux/src/api/.libs/libtiipc.a(MultiProc.o)
 .ARM.attributes
                0x0000000000000287       0x33 /opt/ti/ipc_3_47_01_00/linux/src/api/.libs/libtiipc.a(GateMutex.o)
 .ARM.attributes
                0x00000000000002ba       0x33 /opt/ti/ipc_3_47_01_00/linux/src/utils/.libs/libtiipcutils.a(LAD_client.o)
 .ARM.attributes
                0x00000000000002ed       0x33 /opt/ti/ipc_3_47_01_00/linux/src/utils/.libs/libtiipcutils.a(MultiProc.o)
 .ARM.attributes
                0x0000000000000320       0x33 /opt/ti/ipc_3_47_01_00/linux/src/utils/.libs/libtiipcutils.a(MultiProc_app.o)
 .ARM.attributes
                0x0000000000000353       0x33 /opt/ti/ipc_3_47_01_00/linux/src/utils/.libs/libtiipcutils.a(SocketFxns.o)
 .ARM.attributes
                0x0000000000000386       0x35 /opt/ti-processor-sdk-linux-rt-am57xx-evm-04.03.00.05/linux-devkit/sysroots/x86_64-arago-linux/usr/bin/../arm-linux-gnueabihf/libc/usr/lib/arm-linux-gnueabihf/6.2.1/./libc_nonshared.a(elf-init.oS)
 .ARM.attributes
                0x00000000000003bb       0x33 /opt/ti-processor-sdk-linux-rt-am57xx-evm-04.03.00.05/linux-devkit/sysroots/x86_64-arago-linux/usr/bin/../lib/gcc/arm-linux-gnueabihf/6.2.1/crtend.o
 .ARM.attributes
                0x00000000000003ee       0x23 /opt/ti-processor-sdk-linux-rt-am57xx-evm-04.03.00.05/linux-devkit/sysroots/x86_64-arago-linux/usr/bin/../arm-linux-gnueabihf/libc/usr/lib/arm-linux-gnueabihf/6.2.1/crtn.o

.debug
 *(.debug)

.line
 *(.line)

.debug_srcinfo
 *(.debug_srcinfo)

.debug_sfnames
 *(.debug_sfnames)

.debug_aranges  0x0000000000000000      0x250
 *(.debug_aranges)
 .debug_aranges
                0x0000000000000000       0x38 /opt/ti-processor-sdk-linux-rt-am57xx-evm-04.03.00.05/linux-devkit/sysroots/x86_64-arago-linux/usr/bin/../arm-linux-gnueabihf/libc/usr/lib/arm-linux-gnueabihf/6.2.1/crt1.o
 .debug_aranges
                0x0000000000000038       0x30 /opt/ti-processor-sdk-linux-rt-am57xx-evm-04.03.00.05/linux-devkit/sysroots/x86_64-arago-linux/usr/bin/../arm-linux-gnueabihf/libc/usr/lib/arm-linux-gnueabihf/6.2.1/crti.o
 .debug_aranges
                0x0000000000000068       0x20 /opt/ti/ipc_3_47_01_00/linux/src/transport/.libs/libtitransportrpmsg.a(TransportRpmsg.o)
 .debug_aranges
                0x0000000000000088       0x20 /opt/ti/ipc_3_47_01_00/linux/src/api/.libs/libtiipc.a(MessageQ.o)
 .debug_aranges
                0x00000000000000a8       0x20 /opt/ti/ipc_3_47_01_00/linux/src/api/.libs/libtiipc.a(NameServer.o)
 .debug_aranges
                0x00000000000000c8       0x20 /opt/ti/ipc_3_47_01_00/linux/src/api/.libs/libtiipc.a(Ipc.o)
 .debug_aranges
                0x00000000000000e8       0x20 /opt/ti/ipc_3_47_01_00/linux/src/api/.libs/libtiipc.a(HeapStd.o)
 .debug_aranges
                0x0000000000000108       0x20 /opt/ti/ipc_3_47_01_00/linux/src/api/.libs/libtiipc.a(GateMP.o)
 .debug_aranges
                0x0000000000000128       0x20 /opt/ti/ipc_3_47_01_00/linux/src/api/.libs/libtiipc.a(GateHWSpinlock.o)
 .debug_aranges
                0x0000000000000148       0x20 /opt/ti/ipc_3_47_01_00/linux/src/api/.libs/libtiipc.a(MultiProc.o)
 .debug_aranges
                0x0000000000000168       0x20 /opt/ti/ipc_3_47_01_00/linux/src/api/.libs/libtiipc.a(GateMutex.o)
 .debug_aranges
                0x0000000000000188       0x20 /opt/ti/ipc_3_47_01_00/linux/src/utils/.libs/libtiipcutils.a(LAD_client.o)
 .debug_aranges
                0x00000000000001a8       0x20 /opt/ti/ipc_3_47_01_00/linux/src/utils/.libs/libtiipcutils.a(MultiProc.o)
 .debug_aranges
                0x00000000000001c8       0x20 /opt/ti/ipc_3_47_01_00/linux/src/utils/.libs/libtiipcutils.a(MultiProc_app.o)
 .debug_aranges
                0x00000000000001e8       0x20 /opt/ti/ipc_3_47_01_00/linux/src/utils/.libs/libtiipcutils.a(SocketFxns.o)
 .debug_aranges
                0x0000000000000208       0x20 /opt/ti-processor-sdk-linux-rt-am57xx-evm-04.03.00.05/linux-devkit/sysroots/x86_64-arago-linux/usr/bin/../arm-linux-gnueabihf/libc/usr/lib/arm-linux-gnueabihf/6.2.1/./libc_nonshared.a(elf-init.oS)
 .debug_aranges
                0x0000000000000228       0x28 /opt/ti-processor-sdk-linux-rt-am57xx-evm-04.03.00.05/linux-devkit/sysroots/x86_64-arago-linux/usr/bin/../arm-linux-gnueabihf/libc/usr/lib/arm-linux-gnueabihf/6.2.1/crtn.o

.debug_pubnames
 *(.debug_pubnames)

.debug_info     0x0000000000000000    0x133f6
 *(.debug_info .gnu.linkonce.wi.*)
 .debug_info    0x0000000000000000      0x164 /opt/ti-processor-sdk-linux-rt-am57xx-evm-04.03.00.05/linux-devkit/sysroots/x86_64-arago-linux/usr/bin/../arm-linux-gnueabihf/libc/usr/lib/arm-linux-gnueabihf/6.2.1/crt1.o
 .debug_info    0x0000000000000164       0xd7 /opt/ti-processor-sdk-linux-rt-am57xx-evm-04.03.00.05/linux-devkit/sysroots/x86_64-arago-linux/usr/bin/../arm-linux-gnueabihf/libc/usr/lib/arm-linux-gnueabihf/6.2.1/crti.o
 .debug_info    0x000000000000023b     0x2433 /opt/ti/ipc_3_47_01_00/linux/src/transport/.libs/libtitransportrpmsg.a(TransportRpmsg.o)
 .debug_info    0x000000000000266e     0x34f3 /opt/ti/ipc_3_47_01_00/linux/src/api/.libs/libtiipc.a(MessageQ.o)
 .debug_info    0x0000000000005b61     0x2468 /opt/ti/ipc_3_47_01_00/linux/src/api/.libs/libtiipc.a(NameServer.o)
 .debug_info    0x0000000000007fc9     0x216f /opt/ti/ipc_3_47_01_00/linux/src/api/.libs/libtiipc.a(Ipc.o)
 .debug_info    0x000000000000a138      0x2a5 /opt/ti/ipc_3_47_01_00/linux/src/api/.libs/libtiipc.a(HeapStd.o)
 .debug_info    0x000000000000a3dd     0x28e5 /opt/ti/ipc_3_47_01_00/linux/src/api/.libs/libtiipc.a(GateMP.o)
 .debug_info    0x000000000000ccc2     0x1ad2 /opt/ti/ipc_3_47_01_00/linux/src/api/.libs/libtiipc.a(GateHWSpinlock.o)
 .debug_info    0x000000000000e794     0x12d9 /opt/ti/ipc_3_47_01_00/linux/src/api/.libs/libtiipc.a(MultiProc.o)
 .debug_info    0x000000000000fa6d      0x708 /opt/ti/ipc_3_47_01_00/linux/src/api/.libs/libtiipc.a(GateMutex.o)
 .debug_info    0x0000000000010175     0x1fc2 /opt/ti/ipc_3_47_01_00/linux/src/utils/.libs/libtiipcutils.a(LAD_client.o)
 .debug_info    0x0000000000012137      0x3ec /opt/ti/ipc_3_47_01_00/linux/src/utils/.libs/libtiipcutils.a(MultiProc.o)
 .debug_info    0x0000000000012523      0x1ff /opt/ti/ipc_3_47_01_00/linux/src/utils/.libs/libtiipcutils.a(MultiProc_app.o)
 .debug_info    0x0000000000012722      0xa74 /opt/ti/ipc_3_47_01_00/linux/src/utils/.libs/libtiipcutils.a(SocketFxns.o)
 .debug_info    0x0000000000013196      0x189 /opt/ti-processor-sdk-linux-rt-am57xx-evm-04.03.00.05/linux-devkit/sysroots/x86_64-arago-linux/usr/bin/../arm-linux-gnueabihf/libc/usr/lib/arm-linux-gnueabihf/6.2.1/./libc_nonshared.a(elf-init.oS)
 .debug_info    0x000000000001331f       0xd7 /opt/ti-processor-sdk-linux-rt-am57xx-evm-04.03.00.05/linux-devkit/sysroots/x86_64-arago-linux/usr/bin/../arm-linux-gnueabihf/libc/usr/lib/arm-linux-gnueabihf/6.2.1/crtn.o

.debug_abbrev   0x0000000000000000     0x2ac9
 *(.debug_abbrev)
 .debug_abbrev  0x0000000000000000       0x52 /opt/ti-processor-sdk-linux-rt-am57xx-evm-04.03.00.05/linux-devkit/sysroots/x86_64-arago-linux/usr/bin/../arm-linux-gnueabihf/libc/usr/lib/arm-linux-gnueabihf/6.2.1/crt1.o
 .debug_abbrev  0x0000000000000052       0x12 /opt/ti-processor-sdk-linux-rt-am57xx-evm-04.03.00.05/linux-devkit/sysroots/x86_64-arago-linux/usr/bin/../arm-linux-gnueabihf/libc/usr/lib/arm-linux-gnueabihf/6.2.1/crti.o
 .debug_abbrev  0x0000000000000064      0x4db /opt/ti/ipc_3_47_01_00/linux/src/transport/.libs/libtitransportrpmsg.a(TransportRpmsg.o)
 .debug_abbrev  0x000000000000053f      0x530 /opt/ti/ipc_3_47_01_00/linux/src/api/.libs/libtiipc.a(MessageQ.o)
 .debug_abbrev  0x0000000000000a6f      0x320 /opt/ti/ipc_3_47_01_00/linux/src/api/.libs/libtiipc.a(NameServer.o)
 .debug_abbrev  0x0000000000000d8f      0x443 /opt/ti/ipc_3_47_01_00/linux/src/api/.libs/libtiipc.a(Ipc.o)
 .debug_abbrev  0x00000000000011d2      0x142 /opt/ti/ipc_3_47_01_00/linux/src/api/.libs/libtiipc.a(HeapStd.o)
 .debug_abbrev  0x0000000000001314      0x518 /opt/ti/ipc_3_47_01_00/linux/src/api/.libs/libtiipc.a(GateMP.o)
 .debug_abbrev  0x000000000000182c      0x426 /opt/ti/ipc_3_47_01_00/linux/src/api/.libs/libtiipc.a(GateHWSpinlock.o)
 .debug_abbrev  0x0000000000001c52      0x293 /opt/ti/ipc_3_47_01_00/linux/src/api/.libs/libtiipc.a(MultiProc.o)
 .debug_abbrev  0x0000000000001ee5      0x25b /opt/ti/ipc_3_47_01_00/linux/src/api/.libs/libtiipc.a(GateMutex.o)
 .debug_abbrev  0x0000000000002140      0x3ea /opt/ti/ipc_3_47_01_00/linux/src/utils/.libs/libtiipcutils.a(LAD_client.o)
 .debug_abbrev  0x000000000000252a      0x187 /opt/ti/ipc_3_47_01_00/linux/src/utils/.libs/libtiipcutils.a(MultiProc.o)
 .debug_abbrev  0x00000000000026b1      0x10d /opt/ti/ipc_3_47_01_00/linux/src/utils/.libs/libtiipcutils.a(MultiProc_app.o)
 .debug_abbrev  0x00000000000027be      0x1e1 /opt/ti/ipc_3_47_01_00/linux/src/utils/.libs/libtiipcutils.a(SocketFxns.o)
 .debug_abbrev  0x000000000000299f      0x118 /opt/ti-processor-sdk-linux-rt-am57xx-evm-04.03.00.05/linux-devkit/sysroots/x86_64-arago-linux/usr/bin/../arm-linux-gnueabihf/libc/usr/lib/arm-linux-gnueabihf/6.2.1/./libc_nonshared.a(elf-init.oS)
 .debug_abbrev  0x0000000000002ab7       0x12 /opt/ti-processor-sdk-linux-rt-am57xx-evm-04.03.00.05/linux-devkit/sysroots/x86_64-arago-linux/usr/bin/../arm-linux-gnueabihf/libc/usr/lib/arm-linux-gnueabihf/6.2.1/crtn.o

.debug_line     0x0000000000000000     0x4bd2
 *(.debug_line .debug_line.* .debug_line_end)
 .debug_line    0x0000000000000000       0x80 /opt/ti-processor-sdk-linux-rt-am57xx-evm-04.03.00.05/linux-devkit/sysroots/x86_64-arago-linux/usr/bin/../arm-linux-gnueabihf/libc/usr/lib/arm-linux-gnueabihf/6.2.1/crt1.o
 .debug_line    0x0000000000000080       0x6c /opt/ti-processor-sdk-linux-rt-am57xx-evm-04.03.00.05/linux-devkit/sysroots/x86_64-arago-linux/usr/bin/../arm-linux-gnueabihf/libc/usr/lib/arm-linux-gnueabihf/6.2.1/crti.o
 .debug_line    0x00000000000000ec      0x987 /opt/ti/ipc_3_47_01_00/linux/src/transport/.libs/libtitransportrpmsg.a(TransportRpmsg.o)
 .debug_line    0x0000000000000a73      0xab9 /opt/ti/ipc_3_47_01_00/linux/src/api/.libs/libtiipc.a(MessageQ.o)
 .debug_line    0x000000000000152c      0x97b /opt/ti/ipc_3_47_01_00/linux/src/api/.libs/libtiipc.a(NameServer.o)
 .debug_line    0x0000000000001ea7      0x695 /opt/ti/ipc_3_47_01_00/linux/src/api/.libs/libtiipc.a(Ipc.o)
 .debug_line    0x000000000000253c      0x1dc /opt/ti/ipc_3_47_01_00/linux/src/api/.libs/libtiipc.a(HeapStd.o)
 .debug_line    0x0000000000002718      0x8f0 /opt/ti/ipc_3_47_01_00/linux/src/api/.libs/libtiipc.a(GateMP.o)
 .debug_line    0x0000000000003008      0x5cf /opt/ti/ipc_3_47_01_00/linux/src/api/.libs/libtiipc.a(GateHWSpinlock.o)
 .debug_line    0x00000000000035d7      0x3f2 /opt/ti/ipc_3_47_01_00/linux/src/api/.libs/libtiipc.a(MultiProc.o)
 .debug_line    0x00000000000039c9      0x221 /opt/ti/ipc_3_47_01_00/linux/src/api/.libs/libtiipc.a(GateMutex.o)
 .debug_line    0x0000000000003bea      0x645 /opt/ti/ipc_3_47_01_00/linux/src/utils/.libs/libtiipcutils.a(LAD_client.o)
 .debug_line    0x000000000000422f      0x224 /opt/ti/ipc_3_47_01_00/linux/src/utils/.libs/libtiipcutils.a(MultiProc.o)
 .debug_line    0x0000000000004453      0x11a /opt/ti/ipc_3_47_01_00/linux/src/utils/.libs/libtiipcutils.a(MultiProc_app.o)
 .debug_line    0x000000000000456d      0x4db /opt/ti/ipc_3_47_01_00/linux/src/utils/.libs/libtiipcutils.a(SocketFxns.o)
 .debug_line    0x0000000000004a48      0x136 /opt/ti-processor-sdk-linux-rt-am57xx-evm-04.03.00.05/linux-devkit/sysroots/x86_64-arago-linux/usr/bin/../arm-linux-gnueabihf/libc/usr/lib/arm-linux-gnueabihf/6.2.1/./libc_nonshared.a(elf-init.oS)
 .debug_line    0x0000000000004b7e       0x54 /opt/ti-processor-sdk-linux-rt-am57xx-evm-04.03.00.05/linux-devkit/sysroots/x86_64-arago-linux/usr/bin/../arm-linux-gnueabihf/libc/usr/lib/arm-linux-gnueabihf/6.2.1/crtn.o

.debug_frame    0x0000000000000000     0x1138
 *(.debug_frame)
 .debug_frame   0x0000000000000000      0x1d4 /opt/ti/ipc_3_47_01_00/linux/src/transport/.libs/libtitransportrpmsg.a(TransportRpmsg.o)
 .debug_frame   0x00000000000001d4      0x3d8 /opt/ti/ipc_3_47_01_00/linux/src/api/.libs/libtiipc.a(MessageQ.o)
 .debug_frame   0x00000000000005ac      0x308 /opt/ti/ipc_3_47_01_00/linux/src/api/.libs/libtiipc.a(NameServer.o)
 .debug_frame   0x00000000000008b4      0x130 /opt/ti/ipc_3_47_01_00/linux/src/api/.libs/libtiipc.a(Ipc.o)
 .debug_frame   0x00000000000009e4       0x60 /opt/ti/ipc_3_47_01_00/linux/src/api/.libs/libtiipc.a(HeapStd.o)
 .debug_frame   0x0000000000000a44      0x294 /opt/ti/ipc_3_47_01_00/linux/src/api/.libs/libtiipc.a(GateMP.o)
 .debug_frame   0x0000000000000cd8      0x128 /opt/ti/ipc_3_47_01_00/linux/src/api/.libs/libtiipc.a(GateHWSpinlock.o)
 .debug_frame   0x0000000000000e00       0x40 /opt/ti/ipc_3_47_01_00/linux/src/api/.libs/libtiipc.a(MultiProc.o)
 .debug_frame   0x0000000000000e40       0x7c /opt/ti/ipc_3_47_01_00/linux/src/api/.libs/libtiipc.a(GateMutex.o)
 .debug_frame   0x0000000000000ebc      0x108 /opt/ti/ipc_3_47_01_00/linux/src/utils/.libs/libtiipcutils.a(LAD_client.o)
 .debug_frame   0x0000000000000fc4       0xa4 /opt/ti/ipc_3_47_01_00/linux/src/utils/.libs/libtiipcutils.a(MultiProc.o)
 .debug_frame   0x0000000000001068       0x20 /opt/ti/ipc_3_47_01_00/linux/src/utils/.libs/libtiipcutils.a(MultiProc_app.o)
 .debug_frame   0x0000000000001088       0x6c /opt/ti/ipc_3_47_01_00/linux/src/utils/.libs/libtiipcutils.a(SocketFxns.o)
 .debug_frame   0x00000000000010f4       0x44 /opt/ti-processor-sdk-linux-rt-am57xx-evm-04.03.00.05/linux-devkit/sysroots/x86_64-arago-linux/usr/bin/../arm-linux-gnueabihf/libc/usr/lib/arm-linux-gnueabihf/6.2.1/./libc_nonshared.a(elf-init.oS)

.debug_str      0x0000000000000000     0x2d30
 *(.debug_str)
 .debug_str     0x0000000000000000      0x1d7 /opt/ti-processor-sdk-linux-rt-am57xx-evm-04.03.00.05/linux-devkit/sysroots/x86_64-arago-linux/usr/bin/../arm-linux-gnueabihf/libc/usr/lib/arm-linux-gnueabihf/6.2.1/crt1.o
                                        0x217 (size before relaxing)
 .debug_str     0x00000000000001d7      0xdc7 /opt/ti/ipc_3_47_01_00/linux/src/transport/.libs/libtitransportrpmsg.a(TransportRpmsg.o)
                                        0xf52 (size before relaxing)
 .debug_str     0x0000000000000f9e      0xde1 /opt/ti/ipc_3_47_01_00/linux/src/api/.libs/libtiipc.a(MessageQ.o)
                                       0x17d4 (size before relaxing)
 .debug_str     0x0000000000001d7f      0x146 /opt/ti/ipc_3_47_01_00/linux/src/api/.libs/libtiipc.a(NameServer.o)
                                        0xf3d (size before relaxing)
 .debug_str     0x0000000000001ec5      0x226 /opt/ti/ipc_3_47_01_00/linux/src/api/.libs/libtiipc.a(Ipc.o)
                                       0x1335 (size before relaxing)
 .debug_str     0x00000000000020eb       0x72 /opt/ti/ipc_3_47_01_00/linux/src/api/.libs/libtiipc.a(HeapStd.o)
                                        0x236 (size before relaxing)
 .debug_str     0x000000000000215d      0x50b /opt/ti/ipc_3_47_01_00/linux/src/api/.libs/libtiipc.a(GateMP.o)
                                       0x151f (size before relaxing)
 .debug_str     0x0000000000002668      0x153 /opt/ti/ipc_3_47_01_00/linux/src/api/.libs/libtiipc.a(GateHWSpinlock.o)
                                       0x1114 (size before relaxing)
 .debug_str     0x00000000000027bb      0x153 /opt/ti/ipc_3_47_01_00/linux/src/api/.libs/libtiipc.a(MultiProc.o)
                                        0xd7e (size before relaxing)
 .debug_str     0x00000000000027bb       0xb0 /opt/ti/ipc_3_47_01_00/linux/src/api/.libs/libtiipc.a(GateMutex.o)
                                        0x51c (size before relaxing)
 .debug_str     0x000000000000286b      0x252 /opt/ti/ipc_3_47_01_00/linux/src/utils/.libs/libtiipcutils.a(LAD_client.o)
                                       0x1235 (size before relaxing)
 .debug_str     0x0000000000002abd       0xa0 /opt/ti/ipc_3_47_01_00/linux/src/utils/.libs/libtiipcutils.a(MultiProc.o)
                                        0x32f (size before relaxing)
 .debug_str     0x0000000000002b5d       0x10 /opt/ti/ipc_3_47_01_00/linux/src/utils/.libs/libtiipcutils.a(MultiProc_app.o)
                                        0x232 (size before relaxing)
 .debug_str     0x0000000000002b6d       0x33 /opt/ti/ipc_3_47_01_00/linux/src/utils/.libs/libtiipcutils.a(SocketFxns.o)
                                        0x6e1 (size before relaxing)
 .debug_str     0x0000000000002ba0      0x190 /opt/ti-processor-sdk-linux-rt-am57xx-evm-04.03.00.05/linux-devkit/sysroots/x86_64-arago-linux/usr/bin/../arm-linux-gnueabihf/libc/usr/lib/arm-linux-gnueabihf/6.2.1/./libc_nonshared.a(elf-init.oS)
                                        0x25f (size before relaxing)

.debug_loc      0x0000000000000000     0x5d13
 *(.debug_loc)
 .debug_loc     0x0000000000000000      0xdc8 /opt/ti/ipc_3_47_01_00/linux/src/transport/.libs/libtitransportrpmsg.a(TransportRpmsg.o)
 .debug_loc     0x0000000000000dc8     0x1956 /opt/ti/ipc_3_47_01_00/linux/src/api/.libs/libtiipc.a(MessageQ.o)
 .debug_loc     0x000000000000271e      0xf9d /opt/ti/ipc_3_47_01_00/linux/src/api/.libs/libtiipc.a(NameServer.o)
 .debug_loc     0x00000000000036bb      0x6ec /opt/ti/ipc_3_47_01_00/linux/src/api/.libs/libtiipc.a(Ipc.o)
 .debug_loc     0x0000000000003da7       0x84 /opt/ti/ipc_3_47_01_00/linux/src/api/.libs/libtiipc.a(HeapStd.o)
 .debug_loc     0x0000000000003e2b      0xd82 /opt/ti/ipc_3_47_01_00/linux/src/api/.libs/libtiipc.a(GateMP.o)
 .debug_loc     0x0000000000004bad      0x4cd /opt/ti/ipc_3_47_01_00/linux/src/api/.libs/libtiipc.a(GateHWSpinlock.o)
 .debug_loc     0x000000000000507a       0xcf /opt/ti/ipc_3_47_01_00/linux/src/api/.libs/libtiipc.a(MultiProc.o)
 .debug_loc     0x0000000000005149      0x1c1 /opt/ti/ipc_3_47_01_00/linux/src/api/.libs/libtiipc.a(GateMutex.o)
 .debug_loc     0x000000000000530a      0x623 /opt/ti/ipc_3_47_01_00/linux/src/utils/.libs/libtiipcutils.a(LAD_client.o)
 .debug_loc     0x000000000000592d       0xed /opt/ti/ipc_3_47_01_00/linux/src/utils/.libs/libtiipcutils.a(MultiProc.o)
 .debug_loc     0x0000000000005a1a       0x2c /opt/ti/ipc_3_47_01_00/linux/src/utils/.libs/libtiipcutils.a(MultiProc_app.o)
 .debug_loc     0x0000000000005a46      0x1f0 /opt/ti/ipc_3_47_01_00/linux/src/utils/.libs/libtiipcutils.a(SocketFxns.o)
 .debug_loc     0x0000000000005c36       0xdd /opt/ti-processor-sdk-linux-rt-am57xx-evm-04.03.00.05/linux-devkit/sysroots/x86_64-arago-linux/usr/bin/../arm-linux-gnueabihf/libc/usr/lib/arm-linux-gnueabihf/6.2.1/./libc_nonshared.a(elf-init.oS)

.debug_macinfo
 *(.debug_macinfo)

.debug_weaknames
 *(.debug_weaknames)

.debug_funcnames
 *(.debug_funcnames)

.debug_typenames
 *(.debug_typenames)

.debug_varnames
 *(.debug_varnames)

.debug_pubtypes
 *(.debug_pubtypes)

.debug_ranges   0x0000000000000000      0x2b0
 *(.debug_ranges)
 .debug_ranges  0x0000000000000000       0x28 /opt/ti-processor-sdk-linux-rt-am57xx-evm-04.03.00.05/linux-devkit/sysroots/x86_64-arago-linux/usr/bin/../arm-linux-gnueabihf/libc/usr/lib/arm-linux-gnueabihf/6.2.1/crti.o
 .debug_ranges  0x0000000000000028       0x90 /opt/ti/ipc_3_47_01_00/linux/src/transport/.libs/libtitransportrpmsg.a(TransportRpmsg.o)
 .debug_ranges  0x00000000000000b8       0x88 /opt/ti/ipc_3_47_01_00/linux/src/api/.libs/libtiipc.a(MessageQ.o)
 .debug_ranges  0x0000000000000140       0x60 /opt/ti/ipc_3_47_01_00/linux/src/api/.libs/libtiipc.a(GateMP.o)
 .debug_ranges  0x00000000000001a0       0x60 /opt/ti/ipc_3_47_01_00/linux/src/api/.libs/libtiipc.a(GateHWSpinlock.o)
 .debug_ranges  0x0000000000000200       0x90 /opt/ti/ipc_3_47_01_00/linux/src/utils/.libs/libtiipcutils.a(LAD_client.o)
 .debug_ranges  0x0000000000000290       0x20 /opt/ti-processor-sdk-linux-rt-am57xx-evm-04.03.00.05/linux-devkit/sysroots/x86_64-arago-linux/usr/bin/../arm-linux-gnueabihf/libc/usr/lib/arm-linux-gnueabihf/6.2.1/crtn.o

.debug_macro
 *(.debug_macro)

.debug_addr
 *(.debug_addr)

.gnu.attributes
 *(.gnu.attributes)

.note.gnu.arm.ident
 *(.note.gnu.arm.ident)

/DISCARD/
 *(.note.GNU-stack)
 *(.gnu_debuglink)
 *(.gnu.lto_*)
OUTPUT(bin/release/app_host elf32-littlearm)
