******************************************************************************
               TMS320C6x Linker Unix v8.2.2                    
******************************************************************************
>> Linked Fri Jan 29 01:04:36 2021

OUTPUT FILE NAME:   <bin/debug/server_dsp1.xe66>
ENTRY POINT SYMBOL: "ti_sysbios_family_c64p_Hwi0"  address: 95036800


MEMORY CONFIGURATION

         name            origin    length      used     unused   attr    fill
----------------------  --------  ---------  --------  --------  ----  --------
  L2SRAM                00800000   00040000  00000000  00040000  RW X
  OCMC_RAM1             40300000   00080000  00000000  00080000  RW X
  OCMC_RAM2             40400000   00100000  00000000  00100000  RW X
  OCMC_RAM3             40500000   00100000  00000000  00100000  RW X
  EXT_CODE              95000000   00100000  00036844  000c97bc  RW X
  EXT_DATA              95100000   00100000  0008b196  00074e6a  RW  
  EXT_HEAP              95200000   00300000  00000000  00300000  RW  
  TRACE_BUF             9f000000   00060000  00008004  00057ffc  RW  
  EXC_DATA              9f060000   00010000  00000000  00010000  RW  
  PM_DATA               9f070000   00020000  00000000  00020000  RW X
  SR_0                  bfb00000   00100000  00100000  00000000  RW  


SEGMENT ALLOCATION MAP

run origin  load origin   length   init length attrs members
----------  ----------- ---------- ----------- ----- -------
95000000    95000000    000004c4   000004c4    rw-
  95000000    95000000    000004c4   000004c4    rw- .resource_table
950004e0    950004e0    00036180   00036180    r-x
  950004e0    950004e0    00036180   00036180    r-x .text
95036800    95036800    00000200   00000200    r-x
  95036800    95036800    00000200   00000200    r-x .vecs
95100000    95100000    00080e4a   00000000    rw-
  95100000    95100000    00080e4a   00000000    rw- .far
95180e50    95180e50    000068c6   000068c6    r--
  95180e50    95180e50    000068c6   000068c6    r-- .const
95187718    95187718    00002d50   00000000    rw-
  95187718    95187718    00001d4a   00000000    rw- .fardata
  95189468    95189468    00001000   00000000    rw- .stack
9518a468    9518a468    000000d0   000000d0    r--
  9518a468    9518a468    000000c8   000000c8    r-- .switch
  9518a530    9518a530    00000008   00000008    r-- .rodata
9518a580    9518a580    00000080   00000080    r--
  9518a580    9518a580    00000080   00000080    r-- ti_sdo_ipc_init
9518a600    9518a600    00000064   00000064    rw-
  9518a600    9518a600    00000064   00000064    rw- .args
9518a668    9518a668    00000b88   00000b88    r--
  9518a668    9518a668    00000b88   00000b88    r-- .cinit
9f000000    9f000000    00008004   00000000    rw-
  9f000000    9f000000    00008004   00000000    rw- .tracebuf


SECTION ALLOCATION MAP

 output                                  attributes/
section   page    origin      length       input sections
--------  ----  ----------  ----------   ----------------
.resource_table 
*          0    95000000    000004c4     
                  95000000    000004c4     gatempapp.oe66 (.resource_table)

.far       0    95100000    00080e4a     UNINITIALIZED
                  95100000    00040000     (.common:ti_sysbios_heaps_HeapBuf_Instance_State_1_buf__A)
                  95140000    00020000     (.common:ti_sysbios_heaps_HeapBuf_Instance_State_0_buf__A)
                  95160000    00020000     (.common:ti_sysbios_heaps_HeapMem_Instance_State_0_buf__A)
                  95180000    00000800     Dsp1_pe66.oe66 (.far:taskStackSection)
                  95180800    00000408     ipc.ae66 : Ipc.obj (.far:module$26)
                  95180c08    000001e4              : Ipc.obj (.far:NameServer_msg$16)
                  95180dec    00000010     gatempapp.oe66 (.far:Module)
                  95180dfc    00000010     ipc.ae66 : Ipc.obj (.far:transport$26)
                  95180e0c    0000000c     (.common:Test__Desc)
                  95180e18    0000000c     (.common:intInfo)
                  95180e24    0000000c     (.common:ti_ipc_family_vayu__Desc)
                  95180e30    0000000c     (.common:ti_ipc_rpmsg_RPMessage__Desc)
                  95180e3c    0000000c     ti.trace.ae66 : SysMin.oe66 (.far)
                  95180e48    00000002     ipc.ae66 : Ipc.obj (.far)

ti_sdo_ipc_init 
*          0    9518a580    00000080     
                  9518a580    00000080     Dsp1_pe66.oe66 (ti_sdo_ipc_init)

ti.sdo.ipc.SharedRegion_0 
*          0    bfb00000    00100000     NOLOAD SECTION
                  bfb00000    00100000     --HOLE--

.stack     0    95189468    00001000     UNINITIALIZED
                  95189468    00000008     boot.ae66 : boot.oe66 (.stack)
                  95189470    00000ff8     --HOLE--

.bss       0    9518a530    00000000     UNINITIALIZED

.neardata 
*          0    9518a530    00000000     UNINITIALIZED

.rodata    0    9518a530    00000008     
                  9518a530    00000008     Dsp1_pe66.oe66 (.rodata)

.cinit     0    9518a668    00000b88     
                  9518a668    00000b4f     (.cinit..fardata.load) [load image, compression = rle]
                  9518b1b7    0000000d     (.cinit..far.load) [load image, compression = rle]
                  9518b1c4    0000000b     (.cinit..tracebuf.load) [load image, compression = rle]
                  9518b1cf    00000001     --HOLE-- [fill = 0]
                  9518b1d0    00000008     (__TI_handler_table)
                  9518b1d8    00000018     (__TI_cinit_table)

.init_array 
*          0    95100000    00000000     UNINITIALIZED

.args      0    9518a600    00000064     
                  9518a600    00000064     --HOLE-- [fill = 0]

.tracebuf 
*          0    9f000000    00008004     UNINITIALIZED
                  9f000000    00008004     Dsp1_pe66.oe66 (.tracebuf)

.vecs      0    95036800    00000200     
                  95036800    00000200     Dsp1_pe66.oe66 (.vecs)

xdc.meta   0    95100000    000000f0     COPY SECTION
                  95100000    000000f0     Dsp1_pe66.oe66 (xdc.meta)

.text      0    950004e0    00036180     
                  950004e0    00001c40     rts6600_elf.lib : _printfi.obj (.text:__TI_printfi)
                  95002120    000018c0     gatempapp.oe66 (.text)
                  950039e0    000013a0     ipc.ae66 : Ipc.obj (.text:ti_sdo_ipc_GateMP_Instance_init__E)
                  95004d80    00000be0     sysbios.ae66 : BIOS.obj (.text:ti_sysbios_heaps_HeapBuf_Instance_init__E)
                  95005960    00000b20     ipc.ae66 : Ipc.obj (.text:MessageQ_put)
                  95006480    00000a20              : Ipc.obj (.text:ti_sdo_ipc_transports_TransportShm_Instance_init__E)
                  95006ea0    00000980              : Ipc.obj (.text:Ipc_attach)
                  95007820    000008a0              : Ipc.obj (.text:ti_sdo_ipc_ListMP_Instance_init__E)
                  950080c0    000008a0     ti.targets.rts6000.ae66 : System.oe66 (.text:xdc_runtime_System_doPrint__I)
                  95008960    00000880     ipc.ae66 : Ipc.obj (.text:ti_sdo_ipc_heaps_HeapMemMP_alloc__E)
                  950091e0    00000820              : Ipc.obj (.text:ti_sdo_ipc_heaps_HeapMemMP_free__E)
                  95009a00    00000780              : Ipc.obj (.text:ti_sdo_ipc_heaps_HeapMemMP_Instance_init__E)
                  9500a180    00000780     sysbios.ae66 : BIOS.obj (.text:ti_sysbios_family_c64p_Exception_handler__I)
                  9500a900    00000740     ipc.ae66 : Ipc.obj (.text:ti_sdo_ipc_GateMP_setRegion0Reserved__F)
                  9500b040    00000700              : Ipc.obj (.text:MessageQ_free)
                  9500b740    00000700              : Ipc.obj (.text:ti_sdo_ipc_GateMP_Instance_finalize__E)
                  9500be40    000006e0              : Ipc.obj (.text:Notify_sendEvent)
                  9500c520    000006e0              : Ipc.obj (.text:ti_ipc_namesrv_NameServerRemoteRpmsg_get__F)
                  9500cc00    000006e0     sysbios.ae66 : BIOS.obj (.text:ti_sysbios_heaps_HeapMem_freeUnprotected__E)
                  9500d2e0    000006c0     ipc.ae66 : Ipc.obj (.text:Notify_registerEventSingle)
                  9500d9a0    000006c0     sysbios.ae66 : BIOS.obj (.text:ti_sysbios_knl_Semaphore_pend__E)
                  9500e060    000006a0     ipc.ae66 : Ipc.obj (.text:Notify_unregisterEventSingle)
                  9500e700    000006a0              : Ipc.obj (.text:RPMessage_send)
                  9500eda0    00000680     rts6600_elf.lib : _printfi.obj (.text:_pconv_a)
                  9500f420    00000600                     : divd.obj (.text:__c6xabi_divd)
                  9500fa20    00000600     sysbios.ae66 : BIOS.obj (.text:ti_sysbios_heaps_HeapBuf_free__E)
                  95010020    000005c0     rts6600_elf.lib : _printfi.obj (.text:_pconv_g)
                  950105e0    000005a0     ipc.ae66 : Ipc.obj (.text:ti_sdo_ipc_notifyDrivers_NotifyDriverShm_Instance_init__E)
                  95010b80    000005a0     sysbios.ae66 : BIOS.obj (.text:ti_sysbios_heaps_HeapMem_allocUnprotected__E)
                  95011120    000005a0                  : BIOS.obj (.text:ti_sysbios_knl_Task_Instance_init__E)
                  950116c0    00000580     ipc.ae66 : Ipc.obj (.text:NameServer_add)
                  95011c40    00000580     sysbios.ae66 : BIOS.obj (.text:ti_sysbios_knl_Task_Instance_finalize__E)
                  950121c0    00000520     ipc.ae66 : Ipc.obj (.text:NameServerRemote_processMessage)
                  950126e0    00000500              : Ipc.obj (.text:ti_sdo_ipc_gates_GatePeterson_Instance_init__E)
                  95012be0    000004c0              : Ipc.obj (.text:RPMessage_init)
                  950130a0    000004c0              : Ipc.obj (.text:ti_sdo_ipc_MessageQ_Instance_init__E)
                  95013560    000004c0              : Ipc.obj (.text:ti_sdo_ipc_SharedRegion_reserveMemory__F)
                  95013a20    000004a0              : Ipc.obj (.text:ti_sdo_ipc_Notify_Instance_init__E)
                  95013ec0    00000480              : Ipc.obj (.text:VirtQueue_create)
                  95014340    00000460              : Ipc.obj (.text:RPMessage_create)
                  950147a0    00000460     rts6600_elf.lib : _printfi.obj (.text:_pconv_e)
                  95014c00    00000440     ipc.ae66 : Ipc.obj (.text:ListMP_getHead)
                  95015040    00000440              : Ipc.obj (.text:ti_sdo_ipc_MessageQ_registerTransport__F)
                  95015480    00000440              : Ipc.obj (.text:ti_sdo_ipc_heaps_HeapMemMP_postInit__I)
                  950158c0    00000440              : Ipc.obj (.text:transportCallbackFxn$14)
                  95015d00    00000420              : Ipc.obj (.text:ti_sdo_utils_NameServer_registerRemoteDriver__E)
                  95016120    00000400              : Ipc.obj (.text:ti_sdo_ipc_MessageQ_unregisterTransport__F)
                  95016520    00000400              : Ipc.obj (.text:ti_sdo_utils_NameServer_isRegistered__E)
                  95016920    00000400              : Ipc.obj (.text:ti_sdo_utils_NameServer_unregisterRemoteDriver__E)
                  95016d20    00000400     sysbios.ae66 : BIOS.obj (.text:ti_sysbios_knl_Task_setPri__E)
                  95017120    000003c0                  : BIOS.obj (.text:ti_sysbios_gates_GateMutexPri_enter__E)
                  950174e0    000003c0                  : BIOS.obj (.text:ti_sysbios_heaps_HeapMem_Instance_init__E)
                  950178a0    000003c0     ti.trace.ae66 : SysMin.oe66 (.text:ti_trace_SysMin_putch__E)
                  95017c60    000003c0     ti.targets.rts6000.ae66 : Diags.oe66 (.text:xdc_runtime_Diags_setMask__E)
                  95018020    000003a0     ipc.ae66 : Ipc.obj (.text:GateMP_open)
                  950183c0    000003a0     sysbios.ae66 : BIOS.obj (.text:ti_sysbios_family_shared_vayu_IntXbar_connect__E)
                  95018760    000003a0                  : BIOS.obj (.text:ti_sysbios_heaps_HeapBuf_alloc__E)
                  95018b00    00000380     ipc.ae66 : Ipc.obj (.text:SharedRegion_getSRPtr)
                  95018e80    00000380     sysbios.ae66 : BIOS.obj (.text:ti_sysbios_timers_dmtimer_Timer_deviceConfig__I)
                  95019200    00000360     ipc.ae66 : Ipc.obj (.text:HeapMemMP_sharedMemReq)
                  95019560    00000360              : Ipc.obj (.text:NameServer_get)
                  950198c0    00000360              : Ipc.obj (.text:SharedRegion_getEntry)
                  95019c20    00000360              : Ipc.obj (.text:SharedRegion_getPtr)
                  95019f80    00000340              : Ipc.obj (.text:ti_sdo_ipc_gates_GateHWSpinlock_Instance_init__E)
                  9501a2c0    00000340     Dsp1_pe66.oe66 (.text:xdc_runtime_System_printfExtend__I)
                  9501a600    00000320     ipc.ae66 : Ipc.obj (.text:MessageQ_alloc)
                  9501a920    00000300     sysbios.ae66 : BIOS.obj (.text:ti_sysbios_knl_Swi_Instance_init__E)
                  9501ac20    000002e0     ipc.ae66 : Ipc.obj (.text:ListMP_putTail)
                  9501af00    000002e0     rts6600_elf.lib : _printfi.obj (.text:fcvt)
                  9501b1e0    000002e0     ipc.ae66 : Ipc.obj (.text:ti_sdo_ipc_family_vayu_NotifySetup_Module_startup__E)
                  9501b4c0    000002e0     sysbios.ae66 : BIOS.obj (.text:ti_sysbios_knl_Semaphore_post__E)
                  9501b7a0    000002c0     ipc.ae66 : Ipc.obj (.text:VirtQueue_startup)
                  9501ba60    000002c0              : Ipc.obj (.text:ti_sdo_ipc_notifyDrivers_NotifyDriverShm_isr__I)
                  9501bd20    000002c0     sysbios.ae66 : BIOS.obj (.text:ti_sysbios_timers_dmtimer_Timer_checkFreq__I)
                  9501bfe0    000002a0     ipc.ae66 : Ipc.obj (.text:RPMessage_swiFxn$26)
                  9501c280    000002a0     sysbios.ae66 : BIOS.obj (.text:ti_sysbios_family_c64p_Hwi_dispatchCore__I)
                  9501c520    000002a0                  : BIOS.obj (.text:ti_sysbios_knl_Clock_workFunc__E)
                  9501c7c0    000002a0                  : BIOS.obj (.text:ti_sysbios_knl_Swi_run__I)
                  9501ca60    00000280     ipc.ae66 : Ipc.obj (.text:GateMP_sharedMemReq)
                  9501cce0    00000280     rts6600_elf.lib : _printfi.obj (.text:_pconv_f)
                  9501cf60    00000280     ipc.ae66 : Ipc.obj (.text:ti_sdo_ipc_SharedRegion_start__F)
                  9501d1e0    00000280              : Ipc.obj (.text:ti_sdo_ipc_notifyDrivers_NotifyDriverShm_disableEvent__E)
                  9501d460    00000260              : Ipc.obj (.text:GateMP_enter)
                  9501d6c0    00000260              : Ipc.obj (.text:GateMP_leave)
                  9501d920    00000260              : Ipc.obj (.text:GateMP_openByAddr)
                  9501db80    00000260              : Ipc.obj (.text:VirtQueue_isr)
                  9501dde0    00000260     ti.targets.rts6000.ae66 : Startup.oe66 (.text:xdc_runtime_Startup_startMods__I)
                  9501e040    00000240     ipc.ae66 : Ipc.obj (.text:Ipc_start)
                  9501e280    00000240              : Ipc.obj (.text:NameServer_getLocal)
                  9501e4c0    00000240     rts6600_elf.lib : imath64.obj (.text:__c6xabi_divull)
                  9501e700    00000240                     : _printfi.obj (.text:_ltostr)
                  9501e940    00000240     ipc.ae66 : Ipc.obj (.text:ti_sdo_ipc_Ipc_procSyncStart__I)
                  9501eb80    00000240              : Ipc.obj (.text:ti_sdo_ipc_transports_TransportShm_openByAddr__E)
                  9501edc0    00000240              : Ipc.obj (.text:ti_sdo_ipc_transports_TransportShm_put__E)
                  9501f000    00000240     sysbios.ae66 : BIOS.obj (.text:ti_sysbios_family_c64p_EventCombiner_dispatch__E)
                  9501f240    00000240     ti.targets.rts6000.ae66 : Core-mem.oe66 (.text:xdc_runtime_Core_createObject__I)
                  9501f480    00000220     ipc.ae66 : Ipc.obj (.text:ti_ipc_transports_TransportRpmsg_Instance_init__E)
                  9501f6a0    00000220              : Ipc.obj (.text:ti_sdo_ipc_family_vayu_InterruptDsp_intDisable__E)
                  9501f8c0    00000220              : Ipc.obj (.text:ti_sdo_ipc_family_vayu_InterruptDsp_intEnable__E)
                  9501fae0    00000220              : Ipc.obj (.text:ti_sdo_ipc_family_vayu_InterruptDsp_intRegister__E)
                  9501fd00    00000220              : Ipc.obj (.text:ti_sdo_ipc_notifyDrivers_NotifyDriverShm_sharedMemReq__F)
                  9501ff20    00000220     ti.targets.rts6000.ae66 : Log.oe66 (.text:xdc_runtime_Log_doPrint__E)
                  95020140    00000200     ipc.ae66 : Ipc.obj (.text:MultiProc_getId)
                  95020340    00000200     sysbios.ae66 : c64p_Hwi_disp_always.obj (.text:_ti_sysbios_family_c64p_Hwi_dispatchAlways)
                  95020540    00000200     ipc.ae66 : Ipc.obj (.text:ti_sdo_ipc_GateMP_attach__F)
                  95020740    00000200              : Ipc.obj (.text:ti_sdo_ipc_notifyDrivers_NotifyDriverShm_sendEvent__E)
                  95020940    00000200     sysbios.ae66 : BIOS.obj (.text:ti_sysbios_family_c66_Cache_block__I)
                  95020b40    00000200                  : BIOS.obj (.text:ti_sysbios_timers_dmtimer_Timer_setPeriodMicroSecs__E)
                  95020d40    00000200     ti.targets.rts6000.ae66 : Error.oe66 (.text:xdc_runtime_Error_policyDefault__E)
                  95020f40    000001e0     ipc.ae66 : Ipc.obj (.text:GateMP_close)
                  95021120    000001e0              : Ipc.obj (.text:ListMP_sharedMemReq)
                  95021300    000001e0              : Ipc.obj (.text:Notify_intLineRegistered)
                  950214e0    000001e0              : Ipc.obj (.text:SharedRegion_getCacheLineSize)
                  950216c0    000001e0              : Ipc.obj (.text:SharedRegion_getHeap)
                  950218a0    000001e0              : Ipc.obj (.text:SharedRegion_isCacheEnabled)
                  95021a80    000001e0              : Ipc.obj (.text:VirtQueue_getAvailBuf)
                  95021c60    000001e0              : Ipc.obj (.text:ti_ipc_transports_TransportRpmsg_put__E)
                  95021e40    000001e0              : Ipc.obj (.text:ti_sdo_ipc_GateMP_createLocal__F)
                  95022020    000001e0              : Ipc.obj (.text:ti_sdo_ipc_family_vayu_InterruptDsp_intUnregister__E)
                  95022200    000001e0     sysbios.ae66 : BIOS.obj (.text:ti_sysbios_knl_Task_schedule__I)
                  950223e0    000001e0                  : BIOS.obj (.text:ti_sysbios_knl_Task_startCore__E)
                  950225c0    000001e0     ti.targets.rts6000.ae66 : Text.oe66 (.text:xdc_runtime_Text_putSite__E)
                  950227a0    000001c0     ipc.ae66 : Ipc.obj (.text:IpcMgr_ipcStartup)
                  95022960    000001c0              : Ipc.obj (.text:MessageQ_get)
                  95022b20    000001c0     rts6600_elf.lib : imath40.obj (.text:__c6xabi_divul)
                  95022ce0    000001c0     ipc.ae66 : Ipc.obj (.text:ti_sdo_ipc_Notify_Module_startup__E)
                  95022ea0    000001c0              : Ipc.obj (.text:ti_sdo_ipc_Notify_exec__F)
                  95023060    000001c0              : Ipc.obj (.text:ti_sdo_ipc_notifyDrivers_NotifyDriverShm_enableEvent__E)
                  95023220    000001c0     sysbios.ae66 : BIOS.obj (.text:ti_sysbios_family_c64p_EventCombiner_dispatchPlug__E)
                  950233e0    000001c0                  : BIOS.obj (.text:ti_sysbios_family_c64p_Hwi_reconfig__E)
                  950235a0    000001c0                  : BIOS.obj (.text:ti_sysbios_family_shared_vayu_IntXbar_initXbarRegs__I)
                  95023760    000001c0                  : BIOS.obj (.text:ti_sysbios_knl_Semaphore_Instance_init__E)
                  95023920    000001a0     ipc.ae66 : Ipc.obj (.text:ti_sdo_ipc_GateMP_openRegion0Reserved__F)
                  95023ac0    000001a0              : Ipc.obj (.text:ti_sdo_ipc_MessageQ_Instance_finalize__E)
                  95023c60    000001a0     Dsp1_pe66.oe66 (.text:ti_sdo_ipc_family_vayu_NotifySetup_attach__E)
                  95023e00    000001a0     ipc.ae66 : Ipc.obj (.text:ti_sdo_ipc_family_vayu_NotifySetup_dispatchIsr__I)
                  95023fa0    000001a0     Dsp1_pe66.oe66 (.text:ti_sdo_ipc_family_vayu_NotifySetup_sharedMemReq__E)
                  95024140    000001a0     ipc.ae66 : Ipc.obj (.text:ti_sdo_ipc_gates_GatePeterson_enter__E)
                  950242e0    000001a0              : Ipc.obj (.text:ti_sdo_ipc_notifyDrivers_NotifyDriverShm_registerEvent__E)
                  95024480    000001a0              : Ipc.obj (.text:ti_sdo_ipc_notifyDrivers_NotifyDriverShm_unregisterEvent__E)
                  95024620    000001a0              : Ipc.obj (.text:ti_sdo_ipc_transports_TransportShm_Instance_finalize__E)
                  950247c0    000001a0     sysbios.ae66 : BIOS.obj (.text:ti_sysbios_gates_GateMutex_enter__E)
                  95024960    000001a0                  : BIOS.obj (.text:ti_sysbios_timers_dmtimer_Timer_start__E)
                  95024b00    000001a0     ti.targets.rts6000.ae66 : Core-smem.oe66 (.text:xdc_runtime_Core_constructObject__I)
                  95024ca0    00000180     ipc.ae66 : Ipc.obj (.text:RPMessage_finalize)
                  95024e20    00000180              : Ipc.obj (.text:VirtQueue_kick)
                  95024fa0    00000180              : Ipc.obj (.text:callback_availBufReady$26)
                  95025120    00000180     rts6600_elf.lib : frexp.obj (.text:frexp)
                  950252a0    00000180     sysbios.ae66 : c64p_Exception_asm.obj (.text)
                  95025420    00000180     ipc.ae66 : Ipc.obj (.text:ti_sdo_ipc_family_vayu_NotifySetup_Shm_attach__I)
                  950255a0    00000180              : Ipc.obj (.text:ti_sdo_ipc_gates_GateHWSpinlock_enter__E)
                  95025720    00000180     sysbios.ae66 : BIOS.obj (.text:ti_sysbios_family_c64p_Exception_internalHandler__I)
                  950258a0    00000180                  : BIOS.obj (.text:ti_sysbios_gates_GateSwi_enter__E)
                  95025a20    00000180                  : BIOS.obj (.text:ti_sysbios_knl_Swi_post__E)
                  95025ba0    00000180                  : BIOS.obj (.text:ti_sysbios_knl_Task_blockI__E)
                  95025d20    00000180                  : BIOS.obj (.text:ti_sysbios_knl_Task_checkStacks__E)
                  95025ea0    00000160     ipc.ae66 : Ipc.obj (.text:ListMP_remove)
                  95026000    00000160              : Ipc.obj (.text:MessageQ_create)
                  95026160    00000160              : Ipc.obj (.text:ti_sdo_ipc_gates_GateMPSupportNull_enter__E)
                  950262c0    00000160              : Ipc.obj (.text:ti_sdo_ipc_gates_GateMPSupportNull_leave__E)
                  95026420    00000160     sysbios.ae66 : BIOS.obj (.text:ti_sysbios_knl_Task_unblockI__E)
                  95026580    00000160     ti.targets.rts6000.ae66 : Text.oe66 (.text:xdc_runtime_Text_putMod__E)
                  950266e0    00000140     rts6600_elf.lib : ldexp.obj (.text:ldexp)
                  95026820    00000140     ipc.ae66 : Ipc.obj (.text:ti_sdo_ipc_GateMP_getFreeResource__I)
                  95026960    00000140              : Ipc.obj (.text:ti_sdo_ipc_Notify_Instance_finalize__E)
                  95026aa0    00000140              : Ipc.obj (.text:ti_sdo_ipc_family_vayu_NotifySetup_plugHwi__F)
                  95026be0    00000140              : Ipc.obj (.text:ti_sdo_utils_NameServer_removeLocal__I)
                  95026d20    00000140     sysbios.ae66 : BIOS.obj (.text:ti_sysbios_family_c64p_Hwi_Module_startup__E)
                  95026e60    00000140                  : BIOS.obj (.text:ti_sysbios_knl_Swi_restoreHwi__E)
                  95026fa0    00000140                  : BIOS.obj (.text:ti_sysbios_knl_Task_exit__E)
                  950270e0    00000140                  : BIOS.obj (.text:ti_sysbios_syncs_SyncSem_Instance_init__E)
                  95027220    00000140                  : BIOS.obj (.text:ti_sysbios_timers_dmtimer_Timer_initDevice__I)
                  95027360    00000140     ti.targets.rts6000.ae66 : Core-mem.oe66 (.text:xdc_runtime_Core_deleteObject__I)
                  950274a0    00000140                             : Text.oe66 (.text:xdc_runtime_Text_putLab__E)
                  950275e0    00000120     ipc.ae66 : Ipc.obj (.text:VirtQueue_addUsedBuf)
                  95027700    00000120     boot.ae66 : autoinit.oe66 (.text:_auto_init_elf)
                  95027820    00000120     ipc.ae66 : Ipc.obj (.text:sendMessage$25)
                  95027940    00000120              : Ipc.obj (.text:ti_ipc_transports_TransportRpmsgSetup_attach__E)
                  95027a60    00000120              : Ipc.obj (.text:ti_sdo_ipc_Ipc_procSyncFinish__I)
                  95027b80    00000120              : Ipc.obj (.text:ti_sdo_ipc_MessageQ_Module_startup__E)
                  95027ca0    00000120              : Ipc.obj (.text:ti_sdo_ipc_MessageQ_grow__I)
                  95027dc0    00000120              : Ipc.obj (.text:ti_sdo_ipc_gates_GateHWSpinlock_Module_startup__E)
                  95027ee0    00000120              : Ipc.obj (.text:ti_sdo_ipc_gates_GateHWSpinlock_leave__E)
                  95028000    00000120              : Ipc.obj (.text:ti_sdo_ipc_heaps_HeapMemMP_getStats__E)
                  95028120    00000120     Dsp1_pe66.oe66 (.text:ti_sysbios_BIOS_rtsUnlock__I)
                  95028240    00000120     sysbios.ae66 : BIOS.obj (.text:ti_sysbios_family_c64p_Hwi_Instance_init__E)
                  95028360    00000120                  : BIOS.obj (.text:ti_sysbios_family_c66_Cache_getL2InitSize__I)
                  95028480    00000120                  : BIOS.obj (.text:ti_sysbios_family_shared_vayu_IntXbar_initIntXbar__I)
                  950285a0    00000120                  : BIOS.obj (.text:ti_sysbios_knl_Task_postInit__I)
                  950286c0    00000100     ipc.ae66 : Ipc.obj (.text:MessageQ_Params_init__S)
                  950287c0    00000100              : Ipc.obj (.text:NameServer_getHandle)
                  950288c0    00000100              : Ipc.obj (.text:_VirtQueue_init$24)
                  950289c0    00000100     rts6600_elf.lib : copy_decompress_rle.obj (.text:__TI_decompress_rle_core)
                  95028ac0    00000100                     : atoi.obj (.text:atoi)
                  95028bc0    00000100     ipc.ae66 : Ipc.obj (.text:ti_ipc_namesrv_NameServerRemoteRpmsg_detach__E)
                  95028cc0    00000100              : Ipc.obj (.text:ti_ipc_remoteproc_Resource_getVdevStatus__E)
                  95028dc0    00000100              : Ipc.obj (.text:ti_sdo_ipc_family_vayu_InterruptDsp_intClear__E)
                  95028ec0    00000100              : Ipc.obj (.text:ti_sdo_ipc_family_vayu_InterruptDsp_intSend__E)
                  95028fc0    00000100              : Ipc.obj (.text:ti_sdo_utils_NameServer_postInit__I)
                  950290c0    00000100     sysbios.ae66 : BIOS.obj (.text:ti_sysbios_family_c64p_Hwi_Instance_finalize__E)
                  950291c0    00000100     ti.targets.rts6000.ae66 : Error.oe66 (.text:xdc_runtime_Error_print__E)
                  950292c0    00000100                             : Memory.oe66 (.text:xdc_runtime_Memory_alloc__E)
                  950293c0    00000100                             : Startup.oe66 (.text:xdc_runtime_Startup_exec__E)
                  950294c0    000000e0     ipc.ae66 : Ipc.obj (.text:IpcMgr_callIpcStart)
                  950295a0    000000e0              : Ipc.obj (.text:ListMP_openByAddr)
                  95029680    000000e0              : Ipc.obj (.text:SharedRegion_getId)
                  95029760    000000e0     rts6600_elf.lib : divi.obj (.text:__divi)
                  95029840    000000e0                     : exit.obj (.text:exit)
                  95029920    000000e0                     : ltoa.obj (.text:ltoa)
                  95029a00    000000e0                     : memset.obj (.text:memset)
                  95029ae0    000000e0     ipc.ae66 : Ipc.obj (.text:ti_ipc_namesrv_NameServerRemoteRpmsg_Instance_init__E)
                  95029bc0    000000e0              : Ipc.obj (.text:ti_ipc_namesrv_NameServerRemoteRpmsg_attach__E)
                  95029ca0    000000e0              : Ipc.obj (.text:ti_ipc_remoteproc_Resource_getVringDA__E)
                  95029d80    000000e0              : Ipc.obj (.text:ti_ipc_transports_TransportRpmsg_Instance_finalize__E)
                  95029e60    000000e0              : Ipc.obj (.text:ti_sdo_ipc_GateMP_getRegion0ReservedSize__F)
                  95029f40    000000e0              : Ipc.obj (.text:ti_sdo_ipc_GateMP_start__F)
                  9502a020    000000e0              : Ipc.obj (.text:ti_sdo_ipc_ListMP_Instance_finalize__E)
                  9502a100    000000e0              : Ipc.obj (.text:ti_sdo_ipc_SharedRegion_attach__F)
                  9502a1e0    000000e0              : Ipc.obj (.text:ti_sdo_ipc_family_vayu_NotifySetup_unplugHwi__F)
                  9502a2c0    000000e0              : Ipc.obj (.text:ti_sdo_ipc_heaps_HeapMemMP_Instance_finalize__E)
                  9502a3a0    000000e0              : Ipc.obj (.text:ti_sdo_ipc_transports_TransportShmSetup_attach__E)
                  9502a480    000000e0     sysbios.ae66 : BIOS.obj (.text:ti_sysbios_family_c66_Cache_getL1DInitSize__I)
                  9502a560    000000e0                  : BIOS.obj (.text:ti_sysbios_family_c66_Cache_getL1PInitSize__I)
                  9502a640    000000e0                  : BIOS.obj (.text:ti_sysbios_gates_GateMutexPri_leave__E)
                  9502a720    000000e0                  : BIOS.obj (.text:ti_sysbios_heaps_HeapBuf_Module_startup__E)
                  9502a800    000000e0                  : BIOS.obj (.text:ti_sysbios_heaps_HeapMem_getStats__E)
                  9502a8e0    000000e0                  : BIOS.obj (.text:ti_sysbios_knl_Swi_Instance_finalize__E)
                  9502a9c0    000000e0                  : BIOS.obj (.text:ti_sysbios_knl_Swi_Module_startup__E)
                  9502aaa0    000000e0                  : BIOS.obj (.text:ti_sysbios_knl_Swi_runLoop__I)
                  9502ab80    000000e0                  : BIOS.obj (.text:ti_sysbios_knl_Swi_schedule__I)
                  9502ac60    000000e0                  : BIOS.obj (.text:ti_sysbios_knl_Task_Module_startup__E)
                  9502ad40    000000e0     ti.targets.rts6000.ae66 : LoggerSys.oe66 (.text:xdc_runtime_LoggerSys_write8__E)
                  9502ae20    000000e0                             : Text.oe66 (.text:xdc_runtime_Text_visitRope2__I)
                  9502af00    000000c0     ipc.ae66 : Ipc.obj (.text:HeapMemMP_openByAddr)
                  9502afc0    000000c0              : Ipc.obj (.text:NameServerRemote_SetNameServerPort)
                  9502b080    000000c0     rts6600_elf.lib : divu.obj (.text:__divu)
                  9502b140    000000c0                     : _printfi.obj (.text:_ecpy)
                  9502b200    000000c0     ipc.ae66 : Ipc.obj (.text:ti_ipc_remoteproc_Resource_physToVirt__E)
                  9502b2c0    000000c0              : Ipc.obj (.text:ti_ipc_remoteproc_Resource_virtToPhys__E)
                  9502b380    000000c0     Dsp1_pe66.oe66 (.text:ti_sdo_ipc_Notify_create)
                  9502b440    000000c0     ipc.ae66 : Ipc.obj (.text:ti_sdo_ipc_SharedRegion_clearReservedMemory__F)
                  9502b500    000000c0              : Ipc.obj (.text:ti_sdo_ipc_gates_GatePeterson_postInit__I)
                  9502b5c0    000000c0              : Ipc.obj (.text:ti_sdo_ipc_transports_TransportShm_sharedMemReq__E)
                  9502b680    000000c0     sysbios.ae66 : BIOS.obj (.text:ti_sysbios_family_c64p_Hwi_eventMap__E)
                  9502b740    000000c0                  : BIOS.obj (.text:ti_sysbios_family_c64p_Hwi_getStackInfo__E)
                  9502b800    000000c0                  : BIOS.obj (.text:ti_sysbios_heaps_HeapBuf_postInit__I)
                  9502b8c0    000000c0                  : BIOS.obj (.text:ti_sysbios_heaps_HeapMem_alloc__E)
                  9502b980    000000c0                  : BIOS.obj (.text:ti_sysbios_knl_Task_allBlockedFunction__I)
                  9502ba40    000000c0                  : BIOS.obj (.text:ti_sysbios_timers_dmtimer_Timer_Module_startup__E)
                  9502bb00    000000c0     rts6600_elf.lib : tls.obj (.text:tls:init:__TI_tls_init)
                  9502bbc0    000000c0     ti.targets.rts6000.ae66 : Assert.oe66 (.text:xdc_runtime_Assert_raise__I)
                  9502bc80    000000c0                             : Error.oe66 (.text:xdc_runtime_Error_setX__E)
                  9502bd40    000000c0                             : Text.oe66 (.text:xdc_runtime_Text_matchVisFxn__I)
                  9502be00    000000a0     ipc.ae66 : Ipc.obj (.text:HeapMemMP_restore)
                  9502bea0    000000a0              : Ipc.obj (.text:MessageQ_msgInit$5)
                  9502bf40    000000a0     rts6600_elf.lib : remu.obj (.text:__remu)
                  9502bfe0    000000a0     boot.ae66 : boot.oe66 (.text:_c_int00)
                  9502c080    000000a0     sysbios.ae66 : c64p_Hwi_asm.obj (.text:_ti_sysbios_family_c64p_Hwi_plug__E)
                  9502c120    000000a0     rts6600_elf.lib : memcpy64.obj (.text:memcpy)
                  9502c1c0    000000a0     Dsp1_pe66.oe66 (.text:ti_ipc_transports_TransportRpmsg_Object__create__S)
                  9502c260    000000a0     Dsp1_pe66.oe66 (.text:ti_ipc_transports_TransportRpmsg_create)
                  9502c300    000000a0     Dsp1_pe66.oe66 (.text:ti_sdo_ipc_GateMP_create)
                  9502c3a0    000000a0     ipc.ae66 : Ipc.obj (.text:ti_sdo_ipc_Ipc_getMasterAddr__I)
                  9502c440    000000a0              : Ipc.obj (.text:ti_sdo_ipc_Ipc_getSlaveAddr__I)
                  9502c4e0    000000a0     Dsp1_pe66.oe66 (.text:ti_sdo_ipc_ListMP_create)
                  9502c580    000000a0     Dsp1_pe66.oe66 (.text:ti_sdo_ipc_MessageQ_create)
                  9502c620    000000a0     ipc.ae66 : Ipc.obj (.text:ti_sdo_ipc_family_vayu_NotifySetup_driverType__I)
                  9502c6c0    000000a0     Dsp1_pe66.oe66 (.text:ti_sdo_ipc_gates_GatePeterson_Object__create__S)
                  9502c760    000000a0     Dsp1_pe66.oe66 (.text:ti_sdo_ipc_gates_GatePeterson_create)
                  9502c800    000000a0     ipc.ae66 : Ipc.obj (.text:ti_sdo_ipc_gates_GatePeterson_leave__E)
                  9502c8a0    000000a0     Dsp1_pe66.oe66 (.text:ti_sdo_ipc_heaps_HeapMemMP_Object__create__S)
                  9502c940    000000a0     Dsp1_pe66.oe66 (.text:ti_sdo_ipc_heaps_HeapMemMP_create)
                  9502c9e0    000000a0     ipc.ae66 : Ipc.obj (.text:ti_sdo_ipc_notifyDrivers_NotifyDriverShm_Instance_finalize__E)
                  9502ca80    000000a0     Dsp1_pe66.oe66 (.text:ti_sdo_ipc_notifyDrivers_NotifyDriverShm_create)
                  9502cb20    000000a0     Dsp1_pe66.oe66 (.text:ti_sdo_ipc_transports_TransportShm_Object__create__S)
                  9502cbc0    000000a0     Dsp1_pe66.oe66 (.text:ti_sdo_ipc_transports_TransportShm_create)
                  9502cc60    000000a0     ipc.ae66 : Ipc.obj (.text:ti_sdo_ipc_transports_TransportShm_swiFxn__I)
                  9502cd00    000000a0              : Ipc.obj (.text:ti_sdo_utils_NameServer_findLocal__I)
                  9502cda0    000000a0     sysbios.ae66 : BIOS.obj (.text:ti_sysbios_family_c62_TaskSupport_start__E)
                  9502ce40    000000a0                  : BIOS.obj (.text:ti_sysbios_family_c64p_Exception_Module_startup__E)
                  9502cee0    000000a0     Dsp1_pe66.oe66 (.text:ti_sysbios_family_c64p_Hwi_create)
                  9502cf80    000000a0     sysbios.ae66 : BIOS.obj (.text:ti_sysbios_family_c66_Cache_all__I)
                  9502d020    000000a0                  : BIOS.obj (.text:ti_sysbios_family_c66_Cache_startup__I)
                  9502d0c0    000000a0     Dsp1_pe66.oe66 (.text:ti_sysbios_heaps_HeapBuf_Object__create__S)
                  9502d160    000000a0     sysbios.ae66 : BIOS.obj (.text:ti_sysbios_heaps_HeapMem_init__I)
                  9502d200    000000a0     Dsp1_pe66.oe66 (.text:ti_sysbios_knl_Swi_create)
                  9502d2a0    000000a0     Dsp1_pe66.oe66 (.text:ti_sysbios_knl_Task_create)
                  9502d340    000000a0     Dsp1_pe66.oe66 (.text:ti_sysbios_syncs_SyncSem_Object__create__S)
                  9502d3e0    000000a0     Dsp1_pe66.oe66 (.text:ti_sysbios_syncs_SyncSem_create)
                  9502d480    000000a0     sysbios.ae66 : BIOS.obj (.text:ti_sysbios_syncs_SyncSem_wait__E)
                  9502d520    000000a0                  : BIOS.obj (.text:ti_sysbios_timers_dmtimer_Timer_startup__E)
                  9502d5c0    000000a0                  : BIOS.obj (.text:ti_sysbios_timers_dmtimer_Timer_stop__E)
                  9502d660    000000a0     ti.targets.rts6000.ae66 : Core-params.oe66 (.text:xdc_runtime_Core_assignParams__I)
                  9502d700    000000a0                             : Registry.oe66 (.text:xdc_runtime_Registry_addModule__E)
                  9502d7a0    000000a0                             : System.oe66 (.text:xdc_runtime_System_formatNum__I)
                  9502d840    000000a0                             : System.oe66 (.text:xdc_runtime_System_putchar__I)
                  9502d8e0    000000a0                             : Text.oe66 (.text:xdc_runtime_Text_printVisFxn__I)
                  9502d980    000000a0                             : Text.oe66 (.text:xdc_runtime_Text_xprintf__I)
                  9502da20    000000a0     Dsp1_pe66.oe66 (.text:xdc_runtime_knl_GateThread_Object__create__S)
                  9502dac0    000000a0     Dsp1_pe66.oe66 (.text:xdc_runtime_knl_GateThread_create)
                  9502db60    00000080     ipc.ae66 : Ipc.obj (.text:GateMP_getRTSCParams$4)
                  9502dbe0    00000080              : Ipc.obj (.text:HeapMemMP_getRTSCParams$19)
                  9502dc60    00000080              : Ipc.obj (.text:ListMP_create)
                  9502dce0    00000080     ti.trace.ae66 : SysMin.oe66 (.text:SysMin_output)
                  9502dd60    00000080     rts6600_elf.lib : llshift.obj (.text:__c6xabi_llshl)
                  9502dde0    00000080     sysbios.ae66 : c62_TaskSupport_asm.obj (.text:_ti_sysbios_family_c62_TaskSupport_swap__E)
                  9502de60    00000080     rts6600_elf.lib : rand.obj (.text:rand)
                  9502dee0    00000080                     : strncpy.obj (.text:strncpy)
                  9502df60    00000080     Dsp1_pe66.oe66 (.text:ti_ipc_namesrv_NameServerRemoteRpmsg_Object__create__S)
                  9502dfe0    00000080     ipc.ae66 : Ipc.obj (.text:ti_ipc_remoteproc_Resource_getMemEntry__I)
                  9502e060    00000080     Dsp1_pe66.oe66 (.text:ti_sdo_ipc_MessageQ_Object__get__S)
                  9502e0e0    00000080     Dsp1_pe66.oe66 (.text:ti_sdo_ipc_gates_GateHWSpinlock_Object__create__S)
                  9502e160    00000080     Dsp1_pe66.oe66 (.text:ti_sdo_ipc_gates_GateMPSupportNull_Object__create__S)
                  9502e1e0    00000080     ipc.ae66 : Ipc.obj (.text:ti_sdo_utils_NameServer_Module_startup__E)
                  9502e260    00000080     Dsp1_pe66.oe66 (.text:ti_sdo_utils_NameServer_Object__get__S)
                  9502e2e0    00000080     sysbios.ae66 : BIOS.obj (.text:ti_sysbios_family_c64p_EventCombiner_Module_startup__E)
                  9502e360    00000080                  : BIOS.obj (.text:ti_sysbios_family_c64p_EventCombiner_disableEvent__E)
                  9502e3e0    00000080                  : BIOS.obj (.text:ti_sysbios_family_c64p_EventCombiner_enableEvent__E)
                  9502e460    00000080                  : BIOS.obj (.text:ti_sysbios_family_c64p_Hwi_getEventId__E)
                  9502e4e0    00000080                  : BIOS.obj (.text:ti_sysbios_family_c66_Cache_setMar__E)
                  9502e560    00000080                  : BIOS.obj (.text:ti_sysbios_family_c66_Cache_setSize__E)
                  9502e5e0    00000080                  : BIOS.obj (.text:ti_sysbios_gates_GateMutexPri_insertPri__I)
                  9502e660    00000080                  : BIOS.obj (.text:ti_sysbios_hal_Hwi_checkStack)
                  9502e6e0    00000080     Dsp1_pe66.oe66 (.text:ti_sysbios_heaps_HeapBuf_Object__get__S)
                  9502e760    00000080     sysbios.ae66 : BIOS.obj (.text:ti_sysbios_heaps_HeapBuf_getStats__E)
                  9502e7e0    00000080     Dsp1_pe66.oe66 (.text:ti_sysbios_heaps_HeapMem_Object__get__S)
                  9502e860    00000080     sysbios.ae66 : BIOS.obj (.text:ti_sysbios_knl_Idle_run__E)
                  9502e8e0    00000080     Dsp1_pe66.oe66 (.text:ti_sysbios_knl_Swi_construct)
                  9502e960    00000080     sysbios.ae66 : BIOS.obj (.text:ti_sysbios_knl_Swi_restore__E)
                  9502e9e0    00000080                  : BIOS.obj (.text:ti_sysbios_timers_dmtimer_Timer_postInit__I)
                  9502ea60    00000080     ti.trace.ae66 : SysMin.oe66 (.text:ti_trace_SysMin_abort__E)
                  9502eae0    00000080     ipc.ae66 : Ipc.obj (.text:vring_init$24)
                  9502eb60    00000080     ti.targets.rts6000.ae66 : Core-label.oe66 (.text:xdc_runtime_Core_assignLabel__I)
                  9502ebe0    00000080                             : Registry.oe66 (.text:xdc_runtime_Registry_findByNameInList__I)
                  9502ec60    00000080                             : Registry.oe66 (.text:xdc_runtime_Registry_findByNamePattern__E)
                  9502ece0    00000080                             : Registry.oe66 (.text:xdc_runtime_Registry_matchPattern__I)
                  9502ed60    00000080                             : System.oe66 (.text:xdc_runtime_System_atexit__E)
                  9502ede0    00000080                             : System.oe66 (.text:xdc_runtime_System_avprintf__E)
                  9502ee60    00000080                             : System.oe66 (.text:xdc_runtime_System_processAtExit__E)
                  9502eee0    00000080                             : System.oe66 (.text:xdc_runtime_System_vprintf__E)
                  9502ef60    00000060     ipc.ae66 : Ipc.obj (.text:GateMP_getSharedParams$4)
                  9502efc0    00000060              : Ipc.obj (.text:HeapMemMP_create)
                  9502f020    00000060              : Ipc.obj (.text:HeapMemMP_getSharedParams$19)
                  9502f080    00000060              : Ipc.obj (.text:NameMap_register)
                  9502f0e0    00000060              : Ipc.obj (.text:NameMap_unregister)
                  9502f140    00000060              : Ipc.obj (.text:Notify_attach)
                  9502f1a0    00000060              : Ipc.obj (.text:Notify_numIntLines)
                  9502f200    00000060     rts6600_elf.lib : frcmpyd_div.obj (.text:__TI_frcmpyd_div)
                  9502f260    00000060                     : llshift.obj (.text:__c6xabi_llshru)
                  9502f2c0    00000060     sysbios.ae66 : c64p_Hwi_asm_switch.obj (.text:_ti_sysbios_family_c64p_Hwi_switchAndDispatch__I)
                  9502f320    00000060                  : c64p_Hwi_asm_switch.obj (.text:_ti_sysbios_family_xxx_Hwi_switchAndRunFunc)
                  9502f380    00000060     rts6600_elf.lib : memccpy.obj (.text:memccpy)
                  9502f3e0    00000060                     : sprintf.obj (.text:sprintf)
                  9502f440    00000060                     : strcmp.obj (.text:strcmp)
                  9502f4a0    00000060                     : strpbrk.obj (.text:strpbrk)
                  9502f500    00000060     ipc.ae66 : Ipc.obj (.text:ti_ipc_family_vayu_VirtQueue_cacheWb)
                  9502f560    00000060     Dsp1_pe66.oe66 (.text:ti_ipc_namesrv_NameServerRemoteRpmsg_create)
                  9502f5c0    00000060     ipc.ae66 : Ipc.obj (.text:ti_sdo_ipc_Ipc_reservedSizePerProc__I)
                  9502f620    00000060              : Ipc.obj (.text:ti_sdo_ipc_ListMP_elemClear__I)
                  9502f680    00000060              : Ipc.obj (.text:ti_sdo_ipc_family_vayu_InterruptDsp_intShmStub__I)
                  9502f6e0    00000060     Dsp1_pe66.oe66 (.text:ti_sdo_ipc_gates_GateHWSpinlock_create)
                  9502f740    00000060     ipc.ae66 : Ipc.obj (.text:ti_sdo_ipc_gates_GateHWSpinlock_query__E)
                  9502f7a0    00000060     Dsp1_pe66.oe66 (.text:ti_sdo_ipc_gates_GateMPSupportNull_create)
                  9502f800    00000060     ipc.ae66 : Ipc.obj (.text:ti_sdo_ipc_gates_GatePeterson_Instance_finalize__E)
                  9502f860    00000060              : Ipc.obj (.text:ti_sdo_ipc_gates_GatePeterson_query__E)
                  9502f8c0    00000060              : Ipc.obj (.text:ti_sdo_ipc_interfaces_INetworkTransport_Handle_downCast$5)
                  9502f920    00000060              : Ipc.obj (.text:ti_sdo_ipc_notifyDrivers_NotifyDriverShm_setNotifyHandle__E)
                  9502f980    00000060              : Ipc.obj (.text:ti_sdo_ipc_transports_TransportShmSetup_isRegistered__E)
                  9502f9e0    00000060              : Ipc.obj (.text:ti_sdo_utils_INameServerRemote_get$0)
                  9502fa40    00000060     Dsp1_pe66.oe66 (.text:ti_sdo_utils_List_Object__get__S)
                  9502faa0    00000060     Dsp1_pe66.oe66 (.text:ti_sdo_utils_List_construct)
                  9502fb00    00000060     Dsp1_pe66.oe66 (.text:ti_sdo_utils_List_create)
                  9502fb60    00000060     ipc.ae66 : Ipc.obj (.text:ti_sdo_utils_List_dequeue__E)
                  9502fbc0    00000060              : Ipc.obj (.text:ti_sdo_utils_List_enqueueHead__E)
                  9502fc20    00000060     Dsp1_pe66.oe66 (.text:ti_sysbios_BIOS_atExitFunc__I)
                  9502fc80    00000060     Dsp1_pe66.oe66 (.text:ti_sysbios_BIOS_errorRaiseHook__I)
                  9502fce0    00000060     Dsp1_pe66.oe66 (.text:ti_sysbios_BIOS_rtsLock__I)
                  9502fd40    00000060     Dsp1_pe66.oe66 (.text:ti_sysbios_BIOS_startFunc__I)
                  9502fda0    00000060     sysbios.ae66 : BIOS.obj (.text:ti_sysbios_family_c64p_EventCombiner_unused__E)
                  9502fe00    00000060                  : BIOS.obj (.text:ti_sysbios_family_c64p_Exception_nmiHandler__I)
                  9502fe60    00000060                  : BIOS.obj (.text:ti_sysbios_family_c64p_Hwi_disableIER__E)
                  9502fec0    00000060                  : BIOS.obj (.text:ti_sysbios_family_c64p_Hwi_enableIER__E)
                  9502ff20    00000060     Dsp1_pe66.oe66 (.text:ti_sysbios_gates_GateAll_Object__create__S)
                  9502ff80    00000060     sysbios.ae66 : BIOS.obj (.text:ti_sysbios_gates_GateAll_enter__E)
                  9502ffe0    00000060     Dsp1_pe66.oe66 (.text:ti_sysbios_gates_GateHwi_Object__create__S)
                  95030040    00000060     Dsp1_pe66.oe66 (.text:ti_sysbios_gates_GateHwi_create)
                  950300a0    00000060     sysbios.ae66 : BIOS.obj (.text:ti_sysbios_gates_GateMutexPri_Instance_init__E)
                  95030100    00000060     Dsp1_pe66.oe66 (.text:ti_sysbios_gates_GateMutexPri_Object__create__S)
                  95030160    00000060     Dsp1_pe66.oe66 (.text:ti_sysbios_gates_GateMutexPri_construct)
                  950301c0    00000060     Dsp1_pe66.oe66 (.text:ti_sysbios_gates_GateMutex_Object__create__S)
                  95030220    00000060     Dsp1_pe66.oe66 (.text:ti_sysbios_gates_GateSwi_Object__create__S)
                  95030280    00000060     sysbios.ae66 : BIOS.obj (.text:ti_sysbios_gates_GateSwi_query__E)
                  950302e0    00000060                  : BIOS.obj (.text:ti_sysbios_hal_Hwi_initStack)
                  95030340    00000060     Dsp1_pe66.oe66 (.text:ti_sysbios_heaps_HeapMem_Object__create__S)
                  950303a0    00000060     sysbios.ae66 : BIOS.obj (.text:ti_sysbios_heaps_HeapMem_free__E)
                  95030400    00000060                  : BIOS.obj (.text:ti_sysbios_knl_Clock_addI__E)
                  95030460    00000060     Dsp1_pe66.oe66 (.text:ti_sysbios_knl_Queue_Object__get__S)
                  950304c0    00000060     Dsp1_pe66.oe66 (.text:ti_sysbios_knl_Queue_construct)
                  95030520    00000060     sysbios.ae66 : BIOS.obj (.text:ti_sysbios_knl_Queue_put__E)
                  95030580    00000060     Dsp1_pe66.oe66 (.text:ti_sysbios_knl_Semaphore_construct)
                  950305e0    00000060     Dsp1_pe66.oe66 (.text:ti_sysbios_knl_Semaphore_create)
                  95030640    00000060     sysbios.ae66 : BIOS.obj (.text:ti_sysbios_knl_Semaphore_pendTimeout__I)
                  950306a0    00000060     Dsp1_pe66.oe66 (.text:ti_sysbios_knl_Swi_Object__get__S)
                  95030700    00000060     Dsp1_pe66.oe66 (.text:ti_sysbios_knl_Task_Object__get__S)
                  95030760    00000060     sysbios.ae66 : BIOS.obj (.text:ti_sysbios_knl_Task_getMode__E)
                  950307c0    00000060                  : BIOS.obj (.text:ti_sysbios_knl_Task_processVitalTaskFlag__I)
                  95030820    00000060                  : BIOS.obj (.text:ti_sysbios_knl_Task_restore__E)
                  95030880    00000060                  : BIOS.obj (.text:ti_sysbios_timers_dmtimer_Timer_getCount__E)
                  950308e0    00000060                  : BIOS.obj (.text:ti_sysbios_timers_dmtimer_Timer_getFreq__E)
                  95030940    00000060     Dsp1_pe66.oe66 (.text:ti_sysbios_xdcruntime_GateThreadSupport_create)
                  950309a0    00000060     ti.trace.ae66 : SysMin.oe66 (.text:ti_trace_SysMin_Module_startup__E)
                  95030a00    00000060     Dsp1_pe66.oe66 (.text:xdc_runtime_GateNull_Object__create__S)
                  95030a60    00000060     Dsp1_pe66.oe66 (.text:xdc_runtime_LoggerSys_Object__create__S)
                  95030ac0    00000060     ti.targets.rts6000.ae66 : LoggerSys.oe66 (.text:xdc_runtime_LoggerSys_write0__E)
                  95030b20    00000060                             : LoggerSys.oe66 (.text:xdc_runtime_LoggerSys_write1__E)
                  95030b80    00000060                             : Memory.oe66 (.text:xdc_runtime_Memory_valloc__E)
                  95030be0    00000060                             : System.oe66 (.text:xdc_runtime_System_putch__E)
                  95030c40    00000060                             : Text.oe66 (.text:xdc_runtime_Text_cordText__E)
                  95030ca0    00000040     ipc.ae66 : Ipc.obj (.text:GateMP_Params_init)
                  95030ce0    00000040              : Ipc.obj (.text:GateMP_create)
                  95030d20    00000040              : Ipc.obj (.text:HeapMemMP_Params_init)
                  95030d60    00000040              : Ipc.obj (.text:ListMP_Params_init)
                  95030da0    00000040              : Ipc.obj (.text:NameServer_addUInt32)
                  95030de0    00000040              : Ipc.obj (.text:NameServer_getLocalUInt32)
                  95030e20    00000040              : Ipc.obj (.text:NameServer_removeEntry)
                  95030e60    00000040              : Ipc.obj (.text:Notify_sharedMemReq)
                  95030ea0    00000040     Dsp1_pe66.oe66 (.text:_GateMP_virtToPhys)
                  95030ee0    00000040     ipc.ae66 : Ipc.obj (.text:_VirtQueue_getVA$24)
                  95030f20    00000040     rts6600_elf.lib : isinf.obj (.text:__c6xabi_isinf)
                  95030f60    00000040                     : _printfi.obj (.text:__c6xabi_isnan)
                  95030fa0    00000040                     : strasg.obj (.text:__strasgi_64plus)
                  95030fe0    00000040                     : args_main.obj (.text:_args_main)
                  95031020    00000040                     : sprintf.obj (.text:_outs)
                  95031060    00000040                     : imath64.obj (.text:_subcull)
                  950310a0    00000040     sysbios.ae66 : c62_TaskSupport_asm.obj (.text:_ti_sysbios_family_c62_TaskSupport_buildTaskStack)
                  950310e0    00000040     rts6600_elf.lib : strlen.obj (.text:strlen)
                  95031120    00000040     Dsp1_pe66.oe66 (.text:ti_ipc_namesrv_NameServerRemoteRpmsg_Handle__label__S)
                  95031160    00000040     Dsp1_pe66.oe66 (.text:ti_ipc_namesrv_NameServerRemoteRpmsg_Object__delete__S)
                  950311a0    00000040     Dsp1_pe66.oe66 (.text:ti_ipc_namesrv_NameServerRemoteRpmsg_Object__first__S)
                  950311e0    00000040     Dsp1_pe66.oe66 (.text:ti_ipc_namesrv_NameServerRemoteRpmsg_Object__next__S)
                  95031220    00000040     Dsp1_pe66.oe66 (.text:ti_ipc_namesrv_NameServerRemoteRpmsg_get__E)
                  95031260    00000040     Dsp1_pe66.oe66 (.text:ti_ipc_remoteproc_Resource_init__I)
                  950312a0    00000040     Dsp1_pe66.oe66 (.text:ti_ipc_transports_TransportRpmsg_Handle__label__S)
                  950312e0    00000040     Dsp1_pe66.oe66 (.text:ti_ipc_transports_TransportRpmsg_Object__delete__S)
                  95031320    00000040     Dsp1_pe66.oe66 (.text:ti_ipc_transports_TransportRpmsg_Params__init__S)
                  95031360    00000040     Dsp1_pe66.oe66 (.text:ti_sdo_ipc_GateMP_Object__delete__S)
                  950313a0    00000040     Dsp1_pe66.oe66 (.text:ti_sdo_ipc_GateMP_Params__init__S)
                  950313e0    00000040     ipc.ae66 : Ipc.obj (.text:ti_sdo_ipc_GateMP_RemoteCustom1Proxy_Handle_downCast2$4)
                  95031420    00000040              : Ipc.obj (.text:ti_sdo_ipc_GateMP_RemoteCustom2Proxy_Handle_downCast2$4)
                  95031460    00000040              : Ipc.obj (.text:ti_sdo_ipc_GateMP_RemoteSystemProxy_Handle_downCast2$4)
                  950314a0    00000040     Dsp1_pe66.oe66 (.text:ti_sdo_ipc_GateMP_attach__E)
                  950314e0    00000040     ipc.ae66 : Ipc.obj (.text:ti_sdo_ipc_GateMP_getSharedAddr__F)
                  95031520    00000040              : Ipc.obj (.text:ti_sdo_ipc_Ipc_getRegion0ReservedSize__I)
                  95031560    00000040     Dsp1_pe66.oe66 (.text:ti_sdo_ipc_ListMP_Object__delete__S)
                  950315a0    00000040     Dsp1_pe66.oe66 (.text:ti_sdo_ipc_ListMP_Params__init__S)
                  950315e0    00000040     ipc.ae66 : Ipc.obj (.text:ti_sdo_ipc_MessageQ_Instance_State_highList$5)
                  95031620    00000040              : Ipc.obj (.text:ti_sdo_ipc_MessageQ_Instance_State_normalList$5)
                  95031660    00000040     Dsp1_pe66.oe66 (.text:ti_sdo_ipc_MessageQ_Object__delete__S)
                  950316a0    00000040     Dsp1_pe66.oe66 (.text:ti_sdo_ipc_MessageQ_Params__init__S)
                  950316e0    00000040     Dsp1_pe66.oe66 (.text:ti_sdo_ipc_MessageQ_SetupTransportProxy_attach__E)
                  95031720    00000040     Dsp1_pe66.oe66 (.text:ti_sdo_ipc_MessageQ_registerTransport__E)
                  95031760    00000040     Dsp1_pe66.oe66 (.text:ti_sdo_ipc_MessageQ_unregisterTransport__E)
                  950317a0    00000040     Dsp1_pe66.oe66 (.text:ti_sdo_ipc_Notify_SetupProxy_attach__E)
                  950317e0    00000040     Dsp1_pe66.oe66 (.text:ti_sdo_ipc_Notify_SetupProxy_sharedMemReq__E)
                  95031820    00000040     Dsp1_pe66.oe66 (.text:ti_sdo_ipc_SharedRegion_reserveMemory__E)
                  95031860    00000040     ipc.ae66 : Ipc.obj (.text:ti_sdo_ipc_family_vayu_NotifySetup_Shm_sharedMemReq__I)
                  950318a0    00000040     Dsp1_pe66.oe66 (.text:ti_sdo_ipc_family_vayu_NotifySetup_plugHwi__E)
                  950318e0    00000040     Dsp1_pe66.oe66 (.text:ti_sdo_ipc_family_vayu_NotifySetup_unplugHwi__E)
                  95031920    00000040     Dsp1_pe66.oe66 (.text:ti_sdo_ipc_gates_GateHWSpinlock_Handle__label__S)
                  95031960    00000040     Dsp1_pe66.oe66 (.text:ti_sdo_ipc_gates_GateHWSpinlock_Object__delete__S)
                  950319a0    00000040     Dsp1_pe66.oe66 (.text:ti_sdo_ipc_gates_GateHWSpinlock_Params__init__S)
                  950319e0    00000040     Dsp1_pe66.oe66 (.text:ti_sdo_ipc_gates_GateMPSupportNull_Handle__label__S)
                  95031a20    00000040     Dsp1_pe66.oe66 (.text:ti_sdo_ipc_gates_GateMPSupportNull_Object__delete__S)
                  95031a60    00000040     Dsp1_pe66.oe66 (.text:ti_sdo_ipc_gates_GateMPSupportNull_Params__init__S)
                  95031aa0    00000040     Dsp1_pe66.oe66 (.text:ti_sdo_ipc_gates_GatePeterson_Handle__label__S)
                  95031ae0    00000040     Dsp1_pe66.oe66 (.text:ti_sdo_ipc_gates_GatePeterson_Object__delete__S)
                  95031b20    00000040     Dsp1_pe66.oe66 (.text:ti_sdo_ipc_gates_GatePeterson_Params__init__S)
                  95031b60    00000040     ipc.ae66 : Ipc.obj (.text:ti_sdo_ipc_gates_GatePeterson_sharedMemReq__E)
                  95031ba0    00000040     Dsp1_pe66.oe66 (.text:ti_sdo_ipc_heaps_HeapMemMP_Handle__label__S)
                  95031be0    00000040     Dsp1_pe66.oe66 (.text:ti_sdo_ipc_heaps_HeapMemMP_Object__delete__S)
                  95031c20    00000040     Dsp1_pe66.oe66 (.text:ti_sdo_ipc_heaps_HeapMemMP_Params__init__S)
                  95031c60    00000040     ipc.ae66 : Ipc.obj (.text:ti_sdo_ipc_interfaces_IMessageQTransport_put$5)
                  95031ca0    00000040              : Ipc.obj (.text:ti_sdo_ipc_interfaces_INetworkTransport_bind$5)
                  95031ce0    00000040              : Ipc.obj (.text:ti_sdo_ipc_interfaces_INetworkTransport_put$5)
                  95031d20    00000040              : Ipc.obj (.text:ti_sdo_ipc_interfaces_INetworkTransport_unbind$5)
                  95031d60    00000040              : Ipc.obj (.text:ti_sdo_ipc_interfaces_INotifyDriver_registerEvent$9)
                  95031da0    00000040              : Ipc.obj (.text:ti_sdo_ipc_interfaces_INotifyDriver_sendEvent$9)
                  95031de0    00000040              : Ipc.obj (.text:ti_sdo_ipc_interfaces_INotifyDriver_setNotifyHandle$9)
                  95031e20    00000040              : Ipc.obj (.text:ti_sdo_ipc_interfaces_INotifyDriver_unregisterEvent$9)
                  95031e60    00000040     Dsp1_pe66.oe66 (.text:ti_sdo_ipc_notifyDrivers_NotifyDriverShm_Handle__label__S)
                  95031ea0    00000040     Dsp1_pe66.oe66 (.text:ti_sdo_ipc_notifyDrivers_NotifyDriverShm_InterruptProxy_intClear__E)
                  95031ee0    00000040     Dsp1_pe66.oe66 (.text:ti_sdo_ipc_notifyDrivers_NotifyDriverShm_InterruptProxy_intDisable__E)
                  95031f20    00000040     Dsp1_pe66.oe66 (.text:ti_sdo_ipc_notifyDrivers_NotifyDriverShm_InterruptProxy_intEnable__E)
                  95031f60    00000040     Dsp1_pe66.oe66 (.text:ti_sdo_ipc_notifyDrivers_NotifyDriverShm_InterruptProxy_intRegister__E)
                  95031fa0    00000040     Dsp1_pe66.oe66 (.text:ti_sdo_ipc_notifyDrivers_NotifyDriverShm_InterruptProxy_intSend__E)
                  95031fe0    00000040     Dsp1_pe66.oe66 (.text:ti_sdo_ipc_notifyDrivers_NotifyDriverShm_InterruptProxy_intUnregister__E)
                  95032020    00000040     Dsp1_pe66.oe66 (.text:ti_sdo_ipc_notifyDrivers_NotifyDriverShm_Object__delete__S)
                  95032060    00000040     Dsp1_pe66.oe66 (.text:ti_sdo_ipc_notifyDrivers_NotifyDriverShm_Params__init__S)
                  950320a0    00000040     ipc.ae66 : Ipc.obj (.text:ti_sdo_ipc_notifyDrivers_NotifyDriverShm_disable__E)
                  950320e0    00000040              : Ipc.obj (.text:ti_sdo_ipc_notifyDrivers_NotifyDriverShm_enable__E)
                  95032120    00000040              : Ipc.obj (.text:ti_sdo_ipc_transports_TransportShmSetup_sharedMemReq__E)
                  95032160    00000040     Dsp1_pe66.oe66 (.text:ti_sdo_ipc_transports_TransportShm_Handle__label__S)
                  950321a0    00000040     ipc.ae66 : Ipc.obj (.text:ti_sdo_ipc_transports_TransportShm_Instance_State_swiObj$17)
                  950321e0    00000040     Dsp1_pe66.oe66 (.text:ti_sdo_ipc_transports_TransportShm_Object__delete__S)
                  95032220    00000040     Dsp1_pe66.oe66 (.text:ti_sdo_ipc_transports_TransportShm_Params__init__S)
                  95032260    00000040     ipc.ae66 : Ipc.obj (.text:ti_sdo_ipc_transports_TransportShm_notifyFxn__I)
                  950322a0    00000040     Dsp1_pe66.oe66 (.text:ti_sdo_utils_List_destruct)
                  950322e0    00000040     ipc.ae66 : Ipc.obj (.text:ti_sdo_utils_List_enqueue__E)
                  95032320    00000040              : Ipc.obj (.text:ti_sdo_utils_List_get__E)
                  95032360    00000040              : Ipc.obj (.text:ti_sdo_utils_List_next__E)
                  950323a0    00000040              : Ipc.obj (.text:ti_sdo_utils_List_putHead__E)
                  950323e0    00000040              : Ipc.obj (.text:ti_sdo_utils_List_put__E)
                  95032420    00000040              : Ipc.obj (.text:ti_sdo_utils_List_remove__E)
                  95032460    00000040              : Ipc.obj (.text:ti_sdo_utils_MultiProc_getClusterId__F)
                  950324a0    00000040              : Ipc.obj (.text:ti_sdo_utils_NameServer_Instance_State_freeList$0)
                  950324e0    00000040              : Ipc.obj (.text:ti_sdo_utils_NameServer_Instance_State_nameList$0)
                  95032520    00000040     Dsp1_pe66.oe66 (.text:ti_sdo_utils_NameServer_Module__startupDone__F)
                  95032560    00000040     Dsp1_pe66.oe66 (.text:ti_sdo_utils_NameServer_Object__first__S)
                  950325a0    00000040     Dsp1_pe66.oe66 (.text:ti_sdo_utils_NameServer_Object__next__S)
                  950325e0    00000040     Dsp1_pe66.oe66 (.text:ti_sdo_utils_NameServer_SetupProxy_attach__E)
                  95032620    00000040     Dsp1_pe66.oe66 (.text:ti_sysbios_BIOS_exitFunc__I)
                  95032660    00000040     sysbios.ae66 : BIOS.obj (.text:ti_sysbios_BIOS_getCpuFreq__E)
                  950326a0    00000040     Dsp1_pe66.oe66 (.text:ti_sysbios_BIOS_registerRTSLock__I)
                  950326e0    00000040     Dsp1_pe66.oe66 (.text:ti_sysbios_BIOS_removeRTSLock__I)
                  95032720    00000040     sysbios.ae66 : BIOS.obj (.text:ti_sysbios_BIOS_setThreadType__E)
                  95032760    00000040                  : BIOS.obj (.text:ti_sysbios_family_c62_TaskSupport_checkStack__E)
                  950327a0    00000040                  : BIOS.obj (.text:ti_sysbios_family_c64p_Exception_externalHandler__I)
                  950327e0    00000040     Dsp1_pe66.oe66 (.text:ti_sysbios_family_c64p_Hwi_Module__startupDone__F)
                  95032820    00000040     Dsp1_pe66.oe66 (.text:ti_sysbios_family_c64p_Hwi_Object__delete__S)
                  95032860    00000040     Dsp1_pe66.oe66 (.text:ti_sysbios_family_c64p_Hwi_Params__init__S)
                  950328a0    00000040     sysbios.ae66 : BIOS.obj (.text:ti_sysbios_family_c64p_Hwi_clearInterrupt__E)
                  950328e0    00000040                  : BIOS.obj (.text:ti_sysbios_family_c64p_Hwi_disableInterrupt__E)
                  95032920    00000040                  : BIOS.obj (.text:ti_sysbios_family_c64p_Hwi_dispatchC__I)
                  95032960    00000040                  : BIOS.obj (.text:ti_sysbios_family_c64p_Hwi_enableInterrupt__E)
                  950329a0    00000040                  : BIOS.obj (.text:ti_sysbios_family_c64p_Hwi_getHandle__E)
                  950329e0    00000040                  : BIOS.obj (.text:ti_sysbios_family_c64p_Hwi_getIsrStackAddress__I)
                  95032a20    00000040                  : BIOS.obj (.text:ti_sysbios_family_c64p_TimestampProvider_get64__E)
                  95032a60    00000040                  : BIOS.obj (.text:ti_sysbios_family_c66_Cache_Module_startup__E)
                  95032aa0    00000040                  : BIOS.obj (.text:ti_sysbios_family_c66_Cache_RTSSynchInv__I)
                  95032ae0    00000040                  : BIOS.obj (.text:ti_sysbios_family_c66_Cache_RTSSynchWbInv__I)
                  95032b20    00000040                  : BIOS.obj (.text:ti_sysbios_family_c66_Cache_RTSSynchWb__I)
                  95032b60    00000040                  : BIOS.obj (.text:ti_sysbios_family_c66_Cache_invPrefetchBuffer__I)
                  95032ba0    00000040                  : BIOS.obj (.text:ti_sysbios_family_c66_Cache_inv__E)
                  95032be0    00000040                  : BIOS.obj (.text:ti_sysbios_family_c66_Cache_wbInv__E)
                  95032c20    00000040     Dsp1_pe66.oe66 (.text:ti_sysbios_family_shared_vayu_TimerSupport_Module__startupDone__F)
                  95032c60    00000040     Dsp1_pe66.oe66 (.text:ti_sysbios_gates_GateAll_Handle__label__S)
                  95032ca0    00000040     sysbios.ae66 : BIOS.obj (.text:ti_sysbios_gates_GateAll_Instance_init__E)
                  95032ce0    00000040     Dsp1_pe66.oe66 (.text:ti_sysbios_gates_GateAll_Object__delete__S)
                  95032d20    00000040     sysbios.ae66 : BIOS.obj (.text:ti_sysbios_gates_GateAll_leave__E)
                  95032d60    00000040     Dsp1_pe66.oe66 (.text:ti_sysbios_gates_GateHwi_Handle__label__S)
                  95032da0    00000040     Dsp1_pe66.oe66 (.text:ti_sysbios_gates_GateHwi_Object__delete__S)
                  95032de0    00000040     Dsp1_pe66.oe66 (.text:ti_sysbios_gates_GateHwi_Params__init__S)
                  95032e20    00000040     sysbios.ae66 : BIOS.obj (.text:ti_sysbios_gates_GateHwi_enter__E)
                  95032e60    00000040     Dsp1_pe66.oe66 (.text:ti_sysbios_gates_GateMutexPri_Handle__label__S)
                  95032ea0    00000040     sysbios.ae66 : BIOS.obj (.text:ti_sysbios_gates_GateMutexPri_Instance_State_pendQ$16)
                  95032ee0    00000040                  : BIOS.obj (.text:ti_sysbios_gates_GateMutexPri_Instance_finalize__E)
                  95032f20    00000040     Dsp1_pe66.oe66 (.text:ti_sysbios_gates_GateMutexPri_Object__delete__S)
                  95032f60    00000040     Dsp1_pe66.oe66 (.text:ti_sysbios_gates_GateMutexPri_destruct)
                  95032fa0    00000040     Dsp1_pe66.oe66 (.text:ti_sysbios_gates_GateMutex_Handle__label__S)
                  95032fe0    00000040     sysbios.ae66 : BIOS.obj (.text:ti_sysbios_gates_GateMutex_Instance_State_sem$17)
                  95033020    00000040                  : BIOS.obj (.text:ti_sysbios_gates_GateMutex_Instance_finalize__E)
                  95033060    00000040                  : BIOS.obj (.text:ti_sysbios_gates_GateMutex_Instance_init__E)
                  950330a0    00000040     Dsp1_pe66.oe66 (.text:ti_sysbios_gates_GateMutex_Object__delete__S)
                  950330e0    00000040     sysbios.ae66 : BIOS.obj (.text:ti_sysbios_gates_GateMutex_leave__E)
                  95033120    00000040     Dsp1_pe66.oe66 (.text:ti_sysbios_gates_GateSwi_Handle__label__S)
                  95033160    00000040     Dsp1_pe66.oe66 (.text:ti_sysbios_gates_GateSwi_Object__delete__S)
                  950331a0    00000040     Dsp1_pe66.oe66 (.text:ti_sysbios_hal_Cache_CacheProxy_inv__E)
                  950331e0    00000040     Dsp1_pe66.oe66 (.text:ti_sysbios_hal_Cache_CacheProxy_wbInv__E)
                  95033220    00000040     sysbios.ae66 : BIOS.obj (.text:ti_sysbios_hal_Cache_inv__E)
                  95033260    00000040                  : BIOS.obj (.text:ti_sysbios_hal_Cache_wbInv__E)
                  950332a0    00000040     Dsp1_pe66.oe66 (.text:ti_sysbios_hal_Hwi_HwiProxy_getStackInfo__E)
                  950332e0    00000040     sysbios.ae66 : BIOS.obj (.text:ti_sysbios_hal_Hwi_getStackInfo__E)
                  95033320    00000040     Dsp1_pe66.oe66 (.text:ti_sysbios_heaps_HeapBuf_Handle__label__S)
                  95033360    00000040     sysbios.ae66 : BIOS.obj (.text:ti_sysbios_heaps_HeapBuf_Instance_State_freeList$28)
                  950333a0    00000040                  : BIOS.obj (.text:ti_sysbios_heaps_HeapBuf_Instance_finalize__E)
                  950333e0    00000040     Dsp1_pe66.oe66 (.text:ti_sysbios_heaps_HeapBuf_Object__delete__S)
                  95033420    00000040     Dsp1_pe66.oe66 (.text:ti_sysbios_heaps_HeapMem_Handle__label__S)
                  95033460    00000040     Dsp1_pe66.oe66 (.text:ti_sysbios_heaps_HeapMem_Object__delete__S)
                  950334a0    00000040     sysbios.ae66 : BIOS.obj (.text:ti_sysbios_heaps_HeapMem_restore__E)
                  950334e0    00000040                  : BIOS.obj (.text:ti_sysbios_knl_Clock_Module_State_clockQ$6)
                  95033520    00000040                  : BIOS.obj (.text:ti_sysbios_knl_Clock_startI__E)
                  95033560    00000040                  : BIOS.obj (.text:ti_sysbios_knl_Queue_dequeue__E)
                  950335a0    00000040     Dsp1_pe66.oe66 (.text:ti_sysbios_knl_Queue_destruct)
                  950335e0    00000040     sysbios.ae66 : BIOS.obj (.text:ti_sysbios_knl_Queue_empty__E)
                  95033620    00000040                  : BIOS.obj (.text:ti_sysbios_knl_Queue_enqueue__E)
                  95033660    00000040                  : BIOS.obj (.text:ti_sysbios_knl_Queue_remove__E)
                  950336a0    00000040                  : BIOS.obj (.text:ti_sysbios_knl_Semaphore_Instance_State_pendQ$10)
                  950336e0    00000040                  : BIOS.obj (.text:ti_sysbios_knl_Semaphore_Instance_finalize__E)
                  95033720    00000040     Dsp1_pe66.oe66 (.text:ti_sysbios_knl_Semaphore_Object__delete__S)
                  95033760    00000040     Dsp1_pe66.oe66 (.text:ti_sysbios_knl_Semaphore_Params__init__S)
                  950337a0    00000040     Dsp1_pe66.oe66 (.text:ti_sysbios_knl_Semaphore_destruct)
                  950337e0    00000040     Dsp1_pe66.oe66 (.text:ti_sysbios_knl_Swi_Object__delete__S)
                  95033820    00000040     Dsp1_pe66.oe66 (.text:ti_sysbios_knl_Swi_Params__init__S)
                  95033860    00000040     Dsp1_pe66.oe66 (.text:ti_sysbios_knl_Swi_destruct)
                  950338a0    00000040     sysbios.ae66 : BIOS.obj (.text:ti_sysbios_knl_Swi_disable__E)
                  950338e0    00000040                  : BIOS.obj (.text:ti_sysbios_knl_Task_Module_State_inactiveQ$12)
                  95033920    00000040     Dsp1_pe66.oe66 (.text:ti_sysbios_knl_Task_Params__init__S)
                  95033960    00000040     sysbios.ae66 : BIOS.obj (.text:ti_sysbios_knl_Task_block__E)
                  950339a0    00000040                  : BIOS.obj (.text:ti_sysbios_knl_Task_disable__E)
                  950339e0    00000040                  : BIOS.obj (.text:ti_sysbios_knl_Task_enabled__E)
                  95033a20    00000040                  : BIOS.obj (.text:ti_sysbios_knl_Task_enter__I)
                  95033a60    00000040                  : BIOS.obj (.text:ti_sysbios_knl_Task_restoreHwi__E)
                  95033aa0    00000040                  : BIOS.obj (.text:ti_sysbios_knl_Task_unblock__E)
                  95033ae0    00000040     Dsp1_pe66.oe66 (.text:ti_sysbios_syncs_SyncSem_Handle__label__S)
                  95033b20    00000040     sysbios.ae66 : BIOS.obj (.text:ti_sysbios_syncs_SyncSem_Instance_finalize__E)
                  95033b60    00000040     Dsp1_pe66.oe66 (.text:ti_sysbios_syncs_SyncSem_Object__delete__S)
                  95033ba0    00000040     sysbios.ae66 : BIOS.obj (.text:ti_sysbios_syncs_SyncSem_query__E)
                  95033be0    00000040                  : BIOS.obj (.text:ti_sysbios_timers_dmtimer_Timer_checkOverflow__I)
                  95033c20    00000040                  : BIOS.obj (.text:ti_sysbios_xdcruntime_GateThreadSupport_Instance_State_gate$27)
                  95033c60    00000040                  : BIOS.obj (.text:ti_sysbios_xdcruntime_GateThreadSupport_Instance_finalize__E)
                  95033ca0    00000040                  : BIOS.obj (.text:ti_sysbios_xdcruntime_GateThreadSupport_Instance_init__E)
                  95033ce0    00000040     Dsp1_pe66.oe66 (.text:ti_sysbios_xdcruntime_GateThreadSupport_Object__delete__S)
                  95033d20    00000040     sysbios.ae66 : BIOS.obj (.text:ti_sysbios_xdcruntime_GateThreadSupport_leave__E)
                  95033d60    00000040     ti.trace.ae66 : SysMin.oe66 (.text:ti_trace_SysMin_exit__E)
                  95033da0    00000040     ipc.ae66 : Ipc.obj (.text:vring_size$24)
                  95033de0    00000040     ti.targets.rts6000.ae66 : Error.oe66 (.text:xdc_runtime_Error_check__E)
                  95033e20    00000040                             : Error.oe66 (.text:xdc_runtime_Error_init__E)
                  95033e60    00000040     Dsp1_pe66.oe66 (.text:xdc_runtime_GateNull_Handle__label__S)
                  95033ea0    00000040     Dsp1_pe66.oe66 (.text:xdc_runtime_GateNull_Object__delete__S)
                  95033ee0    00000040     ipc.ae66 : Ipc.obj (.text:xdc_runtime_IGateProvider_leave$20)
                  95033f20    00000040              : Ipc.obj (.text:xdc_runtime_IGateProvider_leave$21)
                  95033f60    00000040              : Ipc.obj (.text:xdc_runtime_IGateProvider_leave$4)
                  95033fa0    00000040              : Ipc.obj (.text:xdc_runtime_IGateProvider_leave$5)
                  95033fe0    00000040     Dsp1_pe66.oe66 (.text:xdc_runtime_IHeap_alloc)
                  95034020    00000040     Dsp1_pe66.oe66 (.text:xdc_runtime_IHeap_free)
                  95034060    00000040     Dsp1_pe66.oe66 (.text:xdc_runtime_LoggerSys_Handle__label__S)
                  950340a0    00000040     Dsp1_pe66.oe66 (.text:xdc_runtime_LoggerSys_Object__delete__S)
                  950340e0    00000040     ti.targets.rts6000.ae66 : LoggerSys.oe66 (.text:xdc_runtime_LoggerSys_write2__E)
                  95034120    00000040                             : LoggerSys.oe66 (.text:xdc_runtime_LoggerSys_write4__E)
                  95034160    00000040                             : Registry.oe66 (.text:xdc_runtime_Registry_findById__E)
                  950341a0    00000040     Dsp1_pe66.oe66 (.text:xdc_runtime_Startup_exec__I)
                  950341e0    00000040     ti.targets.rts6000.ae66 : System.oe66 (.text:xdc_runtime_System_abort__E)
                  95034220    00000040     Dsp1_pe66.oe66 (.text:xdc_runtime_System_aprintf__E)
                  95034260    00000040     ti.targets.rts6000.ae66 : System.oe66 (.text:xdc_runtime_System_exit__E)
                  950342a0    00000040     Dsp1_pe66.oe66 (.text:xdc_runtime_System_printf__E)
                  950342e0    00000040     ti.targets.rts6000.ae66 : Text.oe66 (.text:xdc_runtime_Text_matchRope__E)
                  95034320    00000040     Dsp1_pe66.oe66 (.text:xdc_runtime_Text_visitRope__I)
                  95034360    00000040     Dsp1_pe66.oe66 (.text:xdc_runtime_knl_GateThread_Handle__label__S)
                  950343a0    00000040     ti.targets.rts6000.ae66 : GateThread.oe66 (.text:xdc_runtime_knl_GateThread_Instance_init__E)
                  950343e0    00000040     Dsp1_pe66.oe66 (.text:xdc_runtime_knl_GateThread_Object__delete__S)
                  95034420    00000040     ipc.ae66 : Ipc.obj (.text:xdc_runtime_knl_ISync_wait$5)
                  95034460    00000020              : Ipc.obj (.text:GateMP_delete)
                  95034480    00000020              : Ipc.obj (.text:GateMP_getDefaultRemote)
                  950344a0    00000020     ti.pm_null.ae66 : IpcPower_null.oe66 (.text:IpcPower_canHibernate)
                  950344c0    00000020                     : IpcPower_null.oe66 (.text:IpcPower_init)
                  950344e0    00000020                     : IpcPower_null.oe66 (.text:IpcPower_suspend)
                  95034500    00000020     ipc.ae66 : Ipc.obj (.text:ListMP_barrier$7)
                  95034520    00000020              : Ipc.obj (.text:ListMP_close)
                  95034540    00000020              : Ipc.obj (.text:ListMP_delete)
                  95034560    00000020              : Ipc.obj (.text:MessageQ_delete)
                  95034580    00000020              : Ipc.obj (.text:MultiProc_getBaseIdOfCluster)
                  950345a0    00000020              : Ipc.obj (.text:MultiProc_getClusterProcList)
                  950345c0    00000020              : Ipc.obj (.text:MultiProc_getNumProcsInCluster)
                  950345e0    00000020              : Ipc.obj (.text:MultiProc_self)
                  95034600    00000020              : Ipc.obj (.text:SharedRegion_invalidSRPtr)
                  95034620    00000020              : Ipc.obj (.text:VirtQueue_Params_init$26)
                  95034640    00000020     Dsp1_pe66.oe66 (.text:VirtQueue_cacheWb)
                  95034660    00000020     rts6600_elf.lib : errno.obj (.text:__c6xabi_errno_addr)
                  95034680    00000020                     : _lock.obj (.text:_nop)
                  950346a0    00000020                     : sprintf.obj (.text:_outc)
                  950346c0    00000020                     : _lock.obj (.text:_register_lock)
                  950346e0    00000020                     : _data_synch.obj (.text:_register_synch_api)
                  95034700    00000020                     : _lock.obj (.text:_register_unlock)
                  95034720    00000020     sysbios.ae66 : c62_TaskSupport_asm.obj (.text:_ti_sysbios_family_c62_TaskSupport_glue)
                  95034740    00000020     rts6600_elf.lib : exit.obj (.text:abort)
                  95034760    00000020                     : copy_decompress_none.obj (.text:decompress:none:__TI_decompress_none)
                  95034780    00000020                     : copy_decompress_rle.obj (.text:decompress:rle24:__TI_decompress_rle24)
                  950347a0    00000020     ipc.ae66 : Ipc.obj (.text:ti_ipc_namesrv_NameServerRemoteRpmsg_Handle_upCast$16)
                  950347c0    00000020              : Ipc.obj (.text:ti_ipc_namesrv_NameServerRemoteRpmsg_Instance_finalize__E)
                  950347e0    00000020              : Ipc.obj (.text:ti_ipc_namesrv_NameServerRemoteRpmsg_Object_first$16)
                  95034800    00000020              : Ipc.obj (.text:ti_ipc_namesrv_NameServerRemoteRpmsg_Object_next$16)
                  95034820    00000020     Dsp1_pe66.oe66 (.text:ti_ipc_namesrv_NameServerRemoteRpmsg_delete)
                  95034840    00000020     ipc.ae66 : Ipc.obj (.text:ti_ipc_namesrv_NameServerRemoteRpmsg_sharedMemReq__E)
                  95034860    00000020              : Ipc.obj (.text:ti_ipc_remoteproc_Resource_Module_startup__E)
                  95034880    00000020              : Ipc.obj (.text:ti_ipc_transports_TransportRpmsg_Handle_upCast$14)
                  950348a0    00000020              : Ipc.obj (.text:ti_ipc_transports_TransportRpmsg_Params_init$15)
                  950348c0    00000020              : Ipc.obj (.text:ti_ipc_transports_TransportRpmsg_control__E)
                  950348e0    00000020              : Ipc.obj (.text:ti_ipc_transports_TransportRpmsg_getStatus__E)
                  95034900    00000020              : Ipc.obj (.text:ti_ipc_transports_TransportRpmsg_setErrFxn__E)
                  95034920    00000020              : Ipc.obj (.text:ti_sdo_ipc_GateMP_Params_init$4)
                  95034940    00000020     Dsp1_pe66.oe66 (.text:ti_sdo_ipc_GateMP_RemoteCustom1Proxy_Params__init__S)
[...]
95187608  xdc_runtime_Log_L_error__C                                              
9518760c  xdc_runtime_Main_Module__diagsEnabled__C                                
95187610  xdc_runtime_Main_Module__diagsIncluded__C                               
95187614  xdc_runtime_Main_Module__diagsMask__C                                   
95187618  xdc_runtime_Main_Module__loggerFxn2__C                                  
9518761c  xdc_runtime_Main_Module__loggerObj__C                                   
95187620  xdc_runtime_Memory_defaultHeapInstance__C                               
95187624  xdc_runtime_Registry_Module__diagsEnabled__C                            
95187628  xdc_runtime_Registry_Module__diagsIncluded__C                           
9518762c  xdc_runtime_Registry_Module__diagsMask__C                               
95187630  xdc_runtime_Registry_Module__loggerFxn1__C                              
95187634  xdc_runtime_Registry_Module__loggerFxn2__C                              
95187638  xdc_runtime_Registry_Module__loggerFxn4__C                              
9518763c  xdc_runtime_Registry_Module__loggerFxn8__C                              
95187640  xdc_runtime_Registry_Module__loggerObj__C                               
95187644  xdc_runtime_Startup_execImpl__C                                         
95187648  xdc_runtime_Startup_maxPasses__C                                        
9518764c  xdc_runtime_Startup_sfxnRts__C                                          
95187650  xdc_runtime_Startup_sfxnTab__C                                          
95187654  xdc_runtime_Startup_startModsFxn__C                                     
95187658  xdc_runtime_System_Module__gateObj__C                                   
9518765c  xdc_runtime_System_abortFxn__C                                          
95187660  xdc_runtime_System_exitFxn__C                                           
95187664  xdc_runtime_System_extendFxn__C                                         
95187668  xdc_runtime_System_maxAtexitHandlers__C                                 
9518766c  xdc_runtime_Text_charTab__C                                             
95187670  xdc_runtime_Text_nameEmpty__C                                           
95187674  xdc_runtime_Text_nameStatic__C                                          
95187678  xdc_runtime_Text_nameUnknown__C                                         
9518767c  xdc_runtime_Text_nodeTab__C                                             
95187680  xdc_runtime_Text_visitRopeFxn__C                                        
95187684  xdc_runtime_knl_ISync_Interface__BASE__C                                
95187688  ti_ipc_transports_TransportRpmsgSetup_Module__id__C                     
9518768a  ti_ipc_transports_TransportRpmsgSetup_Module__loggerDefined__C          
9518768c  ti_ipc_transports_TransportRpmsg_Module__id__C                          
9518768e  ti_ipc_transports_TransportRpmsg_Module__loggerDefined__C               
95187690  ti_sdo_ipc_GateMP_Module__id__C                                         
95187692  ti_sdo_ipc_GateMP_Module__loggerDefined__C                              
95187694  ti_sdo_ipc_Ipc_Module__id__C                                            
95187696  ti_sdo_ipc_Ipc_generateSlaveDataForHost__C                              
95187698  ti_sdo_ipc_ListMP_Module__id__C                                         
9518769a  ti_sdo_ipc_MessageQ_Module__id__C                                       
9518769c  ti_sdo_ipc_MessageQ_Module__loggerDefined__C                            
9518769e  ti_sdo_ipc_Notify_Module__id__C                                         
951876a0  ti_sdo_ipc_Notify_numLines__C                                           
951876a2  ti_sdo_ipc_Notify_reservedEvents__C                                     
951876a4  ti_sdo_ipc_SharedRegion_Module__id__C                                   
951876a6  ti_sdo_ipc_SharedRegion_numEntries__C                                   
951876a8  ti_sdo_ipc_SharedRegion_translate__C                                    
951876aa  ti_sdo_ipc_family_vayu_InterruptDsp_Module__id__C                       
951876ac  ti_sdo_ipc_gates_GateHWSpinlock_Module__id__C                           
951876ae  ti_sdo_ipc_gates_GateHWSpinlock_Module__loggerDefined__C                
951876b0  ti_sdo_ipc_gates_GateMPSupportNull_Module__id__C                        
951876b2  ti_sdo_ipc_gates_GatePeterson_Module__id__C                             
951876b4  ti_sdo_ipc_heaps_HeapMemMP_Module__id__C                                
951876b6  ti_sdo_ipc_notifyDrivers_NotifyDriverShm_Module__id__C                  
951876b8  ti_sdo_ipc_transports_TransportShm_Module__id__C                        
951876ba  ti_sdo_ipc_transports_TransportShm_notifyEventId__C                     
951876bc  ti_sdo_utils_MultiProc_Module__id__C                                    
951876be  ti_sdo_utils_MultiProc_numProcessors__C                                 
951876c0  ti_sdo_utils_MultiProc_numProcsInCluster__C                             
951876c2  ti_sdo_utils_NameServer_Module__id__C                                   
951876c4  ti_sdo_utils_NameServer_singleProcessor__C                              
951876c6  ti_sysbios_family_c64p_EventCombiner_Module__id__C                      
951876c8  ti_sysbios_family_c64p_Exception_Module__id__C                          
951876ca  ti_sysbios_family_c64p_Exception_useInternalBuffer__C                   
951876cc  ti_sysbios_family_c64p_Hwi_Module__id__C                                
951876ce  ti_sysbios_family_c64p_Hwi_Module__loggerDefined__C                     
951876d0  ti_sysbios_family_c66_Cache_Module__id__C                               
951876d2  ti_sysbios_family_c66_Cache_registerRTSSynch__C                         
951876d4  ti_sysbios_family_shared_vayu_IntXbar_Module__id__C                     
951876d6  ti_sysbios_gates_GateMutexPri_Module__id__C                             
951876d8  ti_sysbios_gates_GateMutex_Module__id__C                                
951876da  ti_sysbios_gates_GateSwi_Module__id__C                                  
951876dc  ti_sysbios_hal_Hwi_Module__id__C                                        
951876de  ti_sysbios_heaps_HeapBuf_Module__id__C                                  
951876e0  ti_sysbios_heaps_HeapBuf_trackMaxAllocs__C                              
951876e2  ti_sysbios_heaps_HeapMem_Module__id__C                                  
951876e4  ti_sysbios_knl_Clock_Module__id__C                                      
951876e6  ti_sysbios_knl_Clock_Module__loggerDefined__C                           
951876e8  ti_sysbios_knl_Semaphore_Module__id__C                                  
951876ea  ti_sysbios_knl_Semaphore_Module__loggerDefined__C                       
951876ec  ti_sysbios_knl_Swi_Module__id__C                                        
951876ee  ti_sysbios_knl_Swi_Module__loggerDefined__C                             
951876f0  ti_sysbios_knl_Task_Module__id__C                                       
951876f2  ti_sysbios_knl_Task_Module__loggerDefined__C                            
951876f4  ti_sysbios_syncs_SyncSem_Module__id__C                                  
951876f6  ti_sysbios_timers_dmtimer_Timer_Module__id__C                           
951876f8  ti_sysbios_timers_dmtimer_Timer_checkFrequency__C                       
951876fa  ti_sysbios_timers_dmtimer_Timer_startupNeeded__C                        
951876fc  ti_trace_SysMin_flushAtExit__C                                          
951876fe  xdc_runtime_Core_Module__id__C                                          
95187700  xdc_runtime_Diags_setMaskEnabled__C                                     
95187702  xdc_runtime_Error_Module__loggerDefined__C                              
95187704  xdc_runtime_Error_maxDepth__C                                           
95187706  xdc_runtime_Main_Module__id__C                                          
95187708  xdc_runtime_Main_Module__loggerDefined__C                               
9518770a  xdc_runtime_Memory_Module__id__C                                        
9518770c  xdc_runtime_Registry_Module__loggerDefined__C                           
9518770e  xdc_runtime_Text_charCnt__C                                             
95187710  xdc_runtime_Text_isLoaded__C                                            
95187712  xdc_runtime_Text_registryModsLastId__C                                  
95187714  xdc_runtime_Text_unnamedModsLastId__C                                   
95187718  ti_sdo_ipc_GateMP_Module_State_0_remoteCustom1Gates__A                  
95187f18  ti_sdo_ipc_GateMP_Module_State_0_remoteSystemGates__A                   
95188318  ti_sysbios_family_c64p_EventCombiner_Module__state__V                   
95188718  ti_trace_SysMin_Module_State_0_lineBuffers__A                           
9518881c  _lock                                                                   
95188820  ti_sdo_utils_NameServer_Object__table__V                                
95188910  ti_sysbios_timers_dmtimer_Timer_Module_State_0_device__A                
951889d0  ti_sdo_ipc_SharedRegion_Module_State_0_regions__A                       
95188a60  ti_sysbios_family_shared_vayu_IntXbar_Module_State_0_intXbar__A         
95188ae0  ti_sysbios_knl_Swi_Module_State_0_readyQ__A                             
95188b60  ti_sysbios_knl_Task_Module_State_0_readyQ__A                            
95188be0  ti_sysbios_timers_dmtimer_Timer_Module_State_0_intFreqs__A              
95188c60  ti_sysbios_family_c64p_Hwi_Module__state__V                             
95188ccc  ti_sdo_ipc_MessageQ_Module__state__V                                    
95188d34  _unlock                                                                 
95188d38  ti_sdo_ipc_Ipc_Module_State_0_procEntry__A                              
95188d9c  __errno                                                                 
95188d9c  errno                                                                   
95188da0  ti_sysbios_gates_GateMutex_Object__table__V                             
95188e00  ti_sdo_ipc_family_vayu_InterruptDsp_Module__state__V                    
95188e58  ti_sdo_ipc_GateMP_Module__state__V                                      
95188ea8  ti_sdo_ipc_family_vayu_NotifySetup_Module__state__V                     
95188ef8  ti_sysbios_heaps_HeapBuf_Object__table__V                               
95188f48  ti_sysbios_knl_Task_Object__table__V                                    
95188f98  ti_sysbios_knl_Task_Module__state__V                                    
95188fe0  ti_sysbios_timers_dmtimer_Timer_Module_State_0_handles__A               
95189020  ti_sysbios_family_c64p_Exception_Module__state__V                       
95189050  ti_sysbios_knl_Swi_Object__table__V                                     
95189080  ti_sysbios_knl_Clock_Module__state__V                                   
951890ac  ti_ipc_remoteproc_Resource_Module__state__V                             
951890b0  ti_sdo_ipc_MessageQ_Module_State_0_transports__A                        
951890d8  ti_sysbios_BIOS_Module__state__V                                        
951890fc  ti_ipc_transports_TransportRpmsgSetup_Module__state__V                  
95189100  ti_sdo_ipc_MessageQ_Module_State_0_heaps__A                             
95189120  xdc_runtime_Diags_dictElems                                             
95189140  xdc_runtime_Error_IgnoreBlock                                           
95189160  xdc_runtime_System_Module_State_0_atexitHandlers__A                     
95189180  ti_sysbios_knl_Swi_Module__state__V                                     
9518919c  ti_sdo_ipc_ListMP_Module__state__V                                      
951891a0  ti_sysbios_gates_GateMutexPri_Object__table__V                          
951891b8  ti_sysbios_heaps_HeapMem_Object__table__V                               
951891d0  ti_sysbios_knl_Semaphore_Object__table__V                               
951891e8  ti_trace_SysMin_Module__state__V                                        
95189200  ti_ipc_transports_TransportRpmsgSetup_Module_State_0_handles__A         
95189214  ti_sdo_ipc_SharedRegion_Module__state__V                                
95189218  ti_sdo_ipc_Notify_Module_State_0_notifyHandles__A                       
9518922c  ti_sdo_ipc_heaps_HeapMemMP_Module__state__V                             
95189230  ti_sdo_ipc_transports_TransportShmSetup_Module_State_0_handles__A       
95189244  ti_sdo_ipc_transports_TransportShmSetup_Module__state__V                
95189248  ti_sdo_utils_NameServer_Module_State_0_nsRemoteHandle__A                
9518925c  ti_sysbios_timers_dmtimer_Timer_Module__state__V                        
95189280  ti_ipc_namesrv_NameServerRemoteRpmsg_Module__state__V                   
95189290  ti_sysbios_gates_GateAll_Object__table__V                               
951892a0  __TI_cleanup_ptr                                                        
951892a4  __TI_dtors_ptr                                                          
951892a8  __TI_enable_exit_profile_output                                         
951892ac  ti_sdo_ipc_Ipc_Module__state__V                                         
951892b8  ti_sdo_utils_NameServer_Module__state__V                                
951892c4  ti_sysbios_family_shared_vayu_IntXbar_Module__state__V                  
951892c8  ti_sysbios_gates_GateSwi_Object__table__V                               
951892d4  ti_sysbios_heaps_HeapBuf_Module__state__V                               
951892d8  ti_sdo_utils_MultiProc_Module_State_0_clusterProcList__A                
951892e2  ti_ipc_transports_TransportRpmsgSetup_Module__root__V                   
951892e4  xdc_runtime_Memory_Module__state__V                                     
951892f0  ti_ipc_namesrv_NameServerRemoteRpmsg_Module__root__V                    
951892f8  ti_ipc_transports_TransportRpmsg_Module__root__V                        
95189300  ti_sdo_ipc_GateMP_Module__root__V                                       
95189308  ti_sdo_ipc_ListMP_Module__root__V                                       
95189310  ti_sdo_ipc_MessageQ_Module__root__V                                     
95189318  ti_sdo_ipc_Notify_Module__root__V                                       
95189320  ti_sdo_ipc_Notify_Module__state__V                                      
95189328  ti_sdo_ipc_gates_GateHWSpinlock_Module__root__V                         
95189330  ti_sdo_ipc_gates_GateMPSupportNull_Module__root__V                      
95189338  ti_sdo_ipc_gates_GatePeterson_Module__root__V                           
95189340  ti_sdo_ipc_heaps_HeapMemMP_Module__root__V                              
95189348  ti_sdo_ipc_notifyDrivers_NotifyDriverShm_Module__root__V                
95189350  ti_sdo_ipc_transports_TransportShm_Module__root__V                      
95189358  ti_sdo_utils_List_Module__root__V                                       
95189360  ti_sdo_utils_MultiProc_Module__state__V                                 
95189368  ti_sdo_utils_NameServer_Module__root__V                                 
95189370  ti_sysbios_family_c64p_Hwi_Module__root__V                              
95189378  ti_sysbios_gates_GateAll_Module__root__V                                
95189380  ti_sysbios_gates_GateHwi_Module__root__V                                
95189388  ti_sysbios_gates_GateMutexPri_Module__root__V                           
95189390  ti_sysbios_gates_GateMutex_Module__root__V                              
95189398  ti_sysbios_gates_GateSwi_Module__root__V                                
951893a0  ti_sysbios_heaps_HeapBuf_Module__root__V                                
951893a8  ti_sysbios_heaps_HeapMem_Module__root__V                                
951893b0  ti_sysbios_knl_Queue_Module__root__V                                    
951893b8  ti_sysbios_knl_Semaphore_Module__root__V                                
951893c0  ti_sysbios_knl_Swi_Module__root__V                                      
951893c8  ti_sysbios_knl_Task_Module__root__V                                     
951893d0  ti_sysbios_syncs_SyncSem_Module__root__V                                
951893d8  ti_sysbios_xdcruntime_GateThreadSupport_Module__root__V                 
951893e0  xdc_runtime_GateNull_Module__root__V                                    
951893e8  xdc_runtime_LoggerSys_Module__root__V                                   
951893f0  xdc_runtime_LoggerSys_Object__table__V                                  
951893f8  xdc_runtime_Registry_Module__state__V                                   
95189400  xdc_runtime_Startup_Module__state__V                                    
95189408  xdc_runtime_System_Module__state__V                                     
95189410  xdc_runtime_knl_GateThread_Module__root__V                              
9518941e  xdc_runtime_Error_Module__state__V                                      
95189420  ti_sdo_ipc_Notify_Module_State_0_notifyHandles_0__A                     
95189424  xdc_runtime_Main_Module__root__V                                        
95189426  xdc_runtime_Registry_Module__root__V                                    
95189428  ti_sdo_ipc_Notify_Module_State_0_notifyHandles_1__A                     
95189430  ti_sdo_ipc_Notify_Module_State_0_notifyHandles_2__A                     
95189438  ti_sdo_ipc_Notify_Module_State_0_notifyHandles_3__A                     
95189440  ti_sdo_ipc_Notify_Module_State_0_notifyHandles_4__A                     
95189448  ti_sysbios_gates_GateHwi_Object__table__V                               
95189450  ti_sysbios_knl_Task_Module_State_0_idleTask__A                          
95189458  xdc_runtime_GateNull_Object__table__V                                   
95189460  ti_sdo_ipc_family_vayu_NotifySetup_Module_State_0_numPlugged__A         
95189468  _stack                                                                  
9518a468  __TI_STACK_END                                                          
9518a530  __TI_STATIC_BASE                                                        
9518a530  ti_ipc_rpmsg_RPMessage_messageBufferSize                                
9518a534  ti_ipc_rpmsg_RPMessage_heap                                             
9518a580  _Ipc_ResetVector                                                        
9518a588  Ipc_sr0MemorySetup                                                      
9518a600  __c_args__                                                              
9518b1d0  __TI_Handler_Table_Base                                                 
9518b1d8  __TI_CINIT_Base                                                         
9518b1d8  __TI_Handler_Table_Limit                                                
9518b1f0  __TI_CINIT_Limit                                                        
9f000000  ti_trace_SysMin_Module_State_0_outbuf__A                                
9f007ff8  ti_trace_SysMin_Module_State_0_writeidx__A                              
9f008000  ti_trace_SysMin_Module_State_0_readidx__A                               
ffffffff  __TI_pprof_out_hndl                                                     
ffffffff  __TI_prof_data_size                                                     
ffffffff  __TI_prof_data_start                                                    
ffffffff  __binit__                                                               
ffffffff  binit                                                                   
UNDEFED   __TI_INITARRAY_Base                                                     
UNDEFED   __TI_INITARRAY_Limit                                                    
UNDEFED   __TI_TLS_INIT_Base                                                      
UNDEFED   __TI_TLS_INIT_Limit                                                     

[1556 symbols]
